01-31 16:07:55.103  1083  1159 V WindowManagerShell:  Checking filter Pair{{types=[] flags=0x0] notFlags=0x100 checks=[{atype=home independent=true modes=[OPEN,TO_FRONT] flags=NONE mustBeTask=false order=TOP topActivity=ComponentInfo{com.google.android.apps.nexuslauncher/com.google.android.apps.nexuslauncher.NexusLauncherActivity} launchCookie=null windowingMode=undefined isCrossDisplayMove=false},{atype=standard independent=true modes=[CLOSE,TO_BACK] flags=NONE mustBeTask=false order=ANY topActivity=null launchCookie=null windowingMode=undefined isCrossDisplayMove=false},{NOT atype=undefined independent=true modes=[] flags=NONE mustBeTask=true order=ANY topActivity=null launchCookie=null customAnim=true windowingMode=undefined isCrossDisplayMove=false}]} RemoteTransition { remoteTransition = android.window.IRemoteTransition$Stub$Proxy@ecc4a3c, appThread = android.app.IApplicationThread$Stub$Proxy@20213c5, debugName = QuickstepLaunchHome }}
01-31 16:07:55.103  1083  1159 V WindowManagerShell:  Checking filter Pair{{types=[OPEN,TO_FRONT] flags=0x0] notFlags=0x0 checks=[{atype=standard independent=true modes=[OPEN,TO_FRONT] flags=NONE mustBeTask=true order=ANY topActivity=null launchCookie=null windowingMode=freeform isCrossDisplayMove=false}]} RemoteTransition { remoteTransition = android.window.IRemoteTransition$Stub$Proxy@a8890ca, appThread = null, debugName = DesktopWindowLimitUnminimize }}
01-31 16:07:55.103  1083  1159 V WindowManagerShell:  Delegate animation for (#80) to null
01-31 16:07:55.103  1083  1159 V WindowManagerShell: start default transition animation, info = {id=80 t=OPEN f=0x0 trk=0 r=[0@Point(0, 0)] c=[{m=OPEN f=FILLS_TASK leash=Surface(name=ActivityRecord{47580689 u0 com.openclaw.assistant/.ChatActivity t15}#757)/@0x4cbf3e8 sb=Rect(0, 0 - 0, 0) eb=Rect(0, 0 - 1080, 2400) epz=Point(1080, 2400) d=-1->0 r=-1->0:-1 bc=fffafafa activity=ActivityTransitionInfo { component = ComponentInfo{com.openclaw.assistant/com.openclaw.assistant.ChatActivity}, taskId = 15, appCompatTransitionInfo = null } opt={t=FROM_STYLE mUserId=0}},{m=TO_BACK f=FILLS_TASK leash=Surface(name=ActivityRecord{875004 u0 com.openclaw.assistant/.MainActivity t15}#639)/@0xc97ba01 sb=Rect(0, 0 - 1080, 2400) eb=Rect(0, 0 - 1080, 2400) epz=Point(1080, 2400) d=0 bc=fffafafa activity=ActivityTransitionInfo { component = ComponentInfo{com.openclaw.assistant/com.openclaw.assistant.MainActivity}, taskId = 15, appCompatTransitionInfo = null } opt={t=FROM_STYLE mUserId=0}}]}
01-31 16:07:55.103  1083  1159 V WindowManagerShell: loadAnimation: anim=android.view.animation.AnimationSet@fc33132 animAttr=0x5 type=OPEN isEntrance=false
01-31 16:07:55.103  1083  1159 V WindowManagerShell: loadAnimation: anim=android.view.animation.AnimationSet@990a839 animAttr=0x4 type=OPEN isEntrance=true
01-31 16:07:55.103  1083  1159 V WindowManagerShell:  animated by com.android.wm.shell.transition.DefaultTransitionHandler@e7f623b
01-31 16:07:55.104   682   708 I ActivityTaskManager: Displayed com.openclaw.assistant/.ChatActivity for user 0: +270ms
01-31 16:07:55.104   682   708 V WindowManager: Sent Transition (#80) createdAt=01-31 16:07:54.828 via request=TransitionRequestInfo { type = OPEN, triggerTask = TaskInfo{userId=0 taskId=15 effectiveUid=10225 displayId=0 isRunning=true baseIntent=Intent { flg=0x10000000 cmp=com.openclaw.assistant/.MainActivity } baseActivity=ComponentInfo{com.openclaw.assistant/com.openclaw.assistant.MainActivity} topActivity=ComponentInfo{com.openclaw.assistant/com.openclaw.assistant.ChatActivity} origActivity=null realActivity=ComponentInfo{com.openclaw.assistant/com.openclaw.assistant.MainActivity} numActivities=2 lastActiveTime=1151589 supportsMultiWindow=true resizeMode=1 isResizeable=true minWidth=-1 minHeight=-1 defaultMinSize=220 token=WCT{RemoteToken{af1eac0 Task{da3e801 #15 type=standard A=10225:com.openclaw.assistant}}} topActivityType=1 pictureInPictureParams=null shouldDockBigOverlays=false launchIntoPipHostTaskId=-1 lastParentTaskIdBeforePip=-1 displayCutoutSafeInsets=Rect(0, 0 - 0, 0) topActivityInfo=ActivityInfo{b0308bd com.openclaw.assistant.ChatActivity} launchCookies=[] positionInParent=Point(0, 0) parentTaskId=-1 isFocused=true isVisible=true isVisibleRequested=true isTopActivityNoDisplay=false isSleeping=false locusId=null displayAreaFeatureId=1 isTopActivityTransparent=false isActivityStackTransparent=false lastNonFullscreenBounds=null capturedLink=null capturedLinkTimestamp=0 requestedVisibleTypes=503 topActivityRequestOpenInBrowserEducationTimestamp=0 appCompatTaskInfo=AppCompatTaskInfo { topActivityInSizeCompat=false isLeafTask= true eligibleForLetterboxEducation= false isLetterboxEducationEnabled= true isLetterboxDoubleTapEnabled= false eligibleForUserAspectRatioButton= false topActivityBoundsLetterboxed= false isFromLetterboxDoubleTap= false topActivityLetterboxVerticalPosition= -1 topActivityLetterboxHorizontalPosition= -1 topActivityLetterboxWidth=-1 topActivityLetterboxHeight=-1 topActivityAppBounds=Rect(0, 0 - 1080, 2337) isUserFullscreenOverrideEnabled=false isSystemFullscreenOverrideEnabled=false hasMinAspectRatioOverride=false topActivityLetterboxBounds=null cameraCompatTaskInfo=CameraCompatTaskInfo { cameraCompatMode=undefinedundefined} topNonResizableActivityAspectRatio=-1.0} topActivityMainWindowFrame=null isAppBubble=false}, pipChange = null, remoteTransition = null, displayChange = null, requestedLocation = null, userChange = null, windowingLayerChange = null, flags = 0, debugId = 80 }
01-31 16:07:55.104   682   708 V WindowManager:     startWCT=WindowContainerTransaction { changes= {} hops= [] errorCallbackToken=null taskFragmentOrganizer=null }
01-31 16:07:55.104   682   708 V WindowManager:     info={id=80 t=OPEN f=0x0 trk=0 r=[0@Point(0, 0)] c=[
01-31 16:07:55.104   682   708 V WindowManager:         {m=OPEN f=FILLS_TASK leash=Surface(name=ActivityRecord{47580689 u0 com.openclaw.assistant/.ChatActivity t15}#757)/@0x1960267 sb=Rect(0, 0 - 0, 0) eb=Rect(0, 0 - 1080, 2400) epz=Point(1080, 2400) d=-1->0 r=-1->0:-1 bc=fffafafa activity=ActivityTransitionInfo { component = ComponentInfo{com.openclaw.assistant/com.openclaw.assistant.ChatActivity}, taskId = 15, appCompatTransitionInfo = null } opt={t=FROM_STYLE mUserId=0}},
01-31 16:07:55.104   682   708 V WindowManager:         {m=TO_BACK f=FILLS_TASK leash=Surface(name=ActivityRecord{875004 u0 com.openclaw.assistant/.MainActivity t15}#639)/@0x86d2d8b sb=Rect(0, 0 - 1080, 2400) eb=Rect(0, 0 - 1080, 2400) epz=Point(1080, 2400) d=0 bc=fffafafa activity=ActivityTransitionInfo { component = ComponentInfo{com.openclaw.assistant/com.openclaw.assistant.MainActivity}, taskId = 15, appCompatTransitionInfo = null } opt={t=FROM_STYLE mUserId=0}}
01-31 16:07:55.104   682   708 V WindowManager:     ]}
01-31 16:07:55.118  3628  3628 I PipelineReaderImpl: Initializing en-us-x-iog-lstm-embedded from disk
01-31 16:07:55.122  3628  3628 I native  : I0000 00:00:1769843275.122028    3628 android_resource_loader.cc:109] Loading resources for en_us_x_embedded_valerian_vocoded/1386227452136182221
01-31 16:07:55.122  3628  3628 I native  : I0000 00:00:1769843275.122394    3628 data_source.cc:95] Opening data source "/data/user_de/0/com.google.android.tts/files/superpacks/en-us/en-us-x-multi-r83/burdock_frame_config.pb" (as: FILE) ...
01-31 16:07:55.122  3628  3628 I native  : I0000 00:00:1769843275.122442    3628 data_source.cc:99] ... Opened data source "/data/user_de/0/com.google.android.tts/files/superpacks/en-us/en-us-x-multi-r83/burdock_frame_config.pb" of size 68
01-31 16:07:55.130  3628  3628 I native  : I0000 00:00:1769843275.130023    3628 android_resource_loader.cc:100] Built resource acoustic_frame_config
01-31 16:07:55.130  3628  3628 I native  : I0000 00:00:1769843275.130605    3628 android_resource_loader.cc:116] Loaded resource:acoustic_frame_config
01-31 16:07:55.130  3628  3628 I native  : I0000 00:00:1769843275.130681    3628 data_source.cc:95] Opening data source "/data/user_de/0/com.google.android.tts/files/superpacks/en-us/en-us-x-multi-r83/affixes_en_us_android.far" (as: FILE) ...
01-31 16:07:55.130  3628  3628 I native  : I0000 00:00:1769843275.130737    3628 data_source.cc:99] ... Opened data source "/data/user_de/0/com.google.android.tts/files/superpacks/en-us/en-us-x-multi-r83/affixes_en_us_android.far" of size 36782
01-31 16:07:55.132   682   711 W ProcessStats: Tracking association SourceState{4e1e47b system/1000 BFgs #10938} whose proc state 4 is better than process ProcessState{e429b0c com.google.android.tts/10165 pkg=com.google.android.tts} proc state 14 (5 skipped)
01-31 16:07:55.132  3628  3628 I native  : I0000 00:00:1769843275.132963    3628 android_resource_loader.cc:100] Built resource affix_word_splitter_grm
01-31 16:07:55.132  3628  3628 I native  : I0000 00:00:1769843275.132978    3628 android_resource_loader.cc:116] Loaded resource:affix_word_splitter_grm
01-31 16:07:55.133  3628  3628 I native  : I0000 00:00:1769843275.133005    3628 data_source.cc:95] Opening data source "/data/user_de/0/com.google.android.tts/files/superpacks/en-us/en-us-x-multi-r83/affixes_params_en_us.pb" (as: FILE) ...
01-31 16:07:55.133  3628  3628 I native  : I0000 00:00:1769843275.133020    3628 data_source.cc:99] ... Opened data source "/data/user_de/0/com.google.android.tts/files/superpacks/en-us/en-us-x-multi-r83/affixes_params_en_us.pb" of size 420
01-31 16:07:55.133  3628  3628 I native  : I0000 00:00:1769843275.133147    3628 affix_word_splitter_data.cc:33] Ambiguous affix entries for spelling ['s] -- their grammars should disambiguate them.
01-31 16:07:55.133  3628  3628 I native  : I0000 00:00:1769843275.133173    3628 affix_word_splitter_data.cc:33] Ambiguous affix entries for spelling ['s] -- their grammars should disambiguate them.
01-31 16:07:55.133  3628  3628 I native  : I0000 00:00:1769843275.133178    3628 affix_word_splitter_data.cc:33] Ambiguous affix entries for spelling ['s] -- their grammars should disambiguate them.
01-31 16:07:55.133  3628  3628 I native  : I0000 00:00:1769843275.133182    3628 affix_word_splitter_data.cc:33] Ambiguous affix entries for spelling [s] -- their grammars should disambiguate them.
01-31 16:07:55.133  3628  3628 I native  : I0000 00:00:1769843275.133186    3628 affix_word_splitter_data.cc:33] Ambiguous affix entries for spelling [s] -- their grammars should disambiguate them.
01-31 16:07:55.133  3628  3628 I native  : I0000 00:00:1769843275.133190    3628 affix_word_splitter_data.cc:33] Ambiguous affix entries for spelling [s] -- their grammars should disambiguate them.
01-31 16:07:55.133  3628  3628 I native  : I0000 00:00:1769843275.133208    3628 affix_word_splitter_data.cc:33] Ambiguous affix entries for spelling [ed] -- their grammars should disambiguate them.
01-31 16:07:55.133  3628  3628 I native  : I0000 00:00:1769843275.133217    3628 affix_word_splitter_data.cc:33] Ambiguous affix entries for spelling [ed] -- their grammars should disambiguate them.
01-31 16:07:55.133  3628  3628 I native  : I0000 00:00:1769843275.133220    3628 affix_word_splitter_data.cc:33] Ambiguous affix entries for spelling [ed] -- their grammars should disambiguate them.
01-31 16:07:55.133  3628  3628 I native  : I0000 00:00:1769843275.133241    3628 affix_word_splitter_data.cc:89] Loaded affixes in [/data/user_de/0/com.google.android.tts/files/superpacks/en-us/en-us-x-multi-r83/affixes_params_en_us.pb].
01-31 16:07:55.133  3628  3628 I native  : I0000 00:00:1769843275.133254    3628 android_resource_loader.cc:100] Built resource affix_word_splitter
01-31 16:07:55.133  3628  3628 I native  : I0000 00:00:1769843275.133258    3628 android_resource_loader.cc:116] Loaded resource:affix_word_splitter
01-31 16:07:55.133  3628  3628 I native  : I0000 00:00:1769843275.133293    3628 android_resource_loader.cc:100] Built resource audio_manipulation_params
01-31 16:07:55.133  3628  3628 I native  : I0000 00:00:1769843275.133302    3628 android_resource_loader.cc:116] Loaded resource:audio_manipulation_params
01-31 16:07:55.133  3628  3628 I native  : I0000 00:00:1769843275.133312    3628 data_source.cc:95] Opening data source "/data/user_de/0/com.google.android.tts/files/superpacks/en-us/en-us-x-multi-r83/roman_numeral_android.far" (as: FILE) ...
01-31 16:07:55.133  3628  3628 I native  : I0000 00:00:1769843275.133325    3628 data_source.cc:99] ... Opened data source "/data/user_de/0/com.google.android.tts/files/superpacks/en-us/en-us-x-multi-r83/roman_numeral_android.far" of size 5112
01-31 16:07:55.137  3628  3628 I native  : I0000 00:00:1769843275.137428    3628 android_resource_loader.cc:100] Built resource classify_roman_numerals_grm_fst
01-31 16:07:55.137  3628  3628 I native  : I0000 00:00:1769843275.137441    3628 android_resource_loader.cc:116] Loaded resource:classify_roman_numerals_grm_fst
01-31 16:07:55.137  3628  3628 I native  : I0000 00:00:1769843275.137448    3628 data_source.cc:95] Opening data source "/data/user_de/0/com.google.android.tts/files/superpacks/en-us/en-us-x-multi-r83/en_us_pronounce.far" (as: FILE) ...
01-31 16:07:55.137  3628  3628 I native  : I0000 00:00:1769843275.137456    3628 data_source.cc:99] ... Opened data source "/data/user_de/0/com.google.android.tts/files/superpacks/en-us/en-us-x-multi-r83/en_us_pronounce.far" of size 5040
01-31 16:07:55.137  3628  3628 I native  : I0000 00:00:1769843275.137547    3628 android_resource_loader.cc:100] Built resource compound_pronounce_grm_fst
01-31 16:07:55.137  3628  3628 I native  : I0000 00:00:1769843275.137556    3628 android_resource_loader.cc:116] Loaded resource:compound_pronounce_grm_fst
01-31 16:07:55.137  3628  3628 I native  : I0000 00:00:1769843275.137586    3628 data_source.cc:95] Opening data source "/data/user_de/0/com.google.android.tts/files/superpacks/en-us/en-us-x-multi-r83/disambiguation_rules_en_us.pb" (as: FILE) ...
01-31 16:07:55.137  3628  3628 I native  : I0000 00:00:1769843275.137597    3628 data_source.cc:99] ... Opened data source "/data/user_de/0/com.google.android.tts/files/superpacks/en-us/en-us-x-multi-r83/disambiguation_rules_en_us.pb" of size 317147
01-31 16:07:55.182  3628  3628 I native  : I0000 00:00:1769843275.182380    3628 android_resource_loader.cc:100] Built resource disambiguation_rules
01-31 16:07:55.182  3628  3628 I native  : I0000 00:00:1769843275.182437    3628 android_resource_loader.cc:116] Loaded resource:disambiguation_rules
01-31 16:07:55.182  3628  3628 I native  : I0000 00:00:1769843275.182472    3628 data_source.cc:95] Opening data source "/data/user_de/0/com.google.android.tts/files/superpacks/en-us/en-us-x-multi-r83/engine_config_en_us_x_embedded_valerian_vocoded.pb" (as: FILE) ...
01-31 16:07:55.182  3628  3628 I native  : I0000 00:00:1769843275.182508    3628 data_source.cc:99] ... Opened data source "/data/user_de/0/com.google.android.tts/files/superpacks/en-us/en-us-x-multi-r83/engine_config_en_us_x_embedded_valerian_vocoded.pb" of size 54
01-31 16:07:55.184  3628  3628 I native  : I0000 00:00:1769843275.184360    3628 android_resource_loader.cc:100] Built resource engine_config
01-31 16:07:55.184  3628  3628 I native  : I0000 00:00:1769843275.184379    3628 android_resource_loader.cc:116] Loaded resource:engine_config
01-31 16:07:55.184  3628  3628 I native  : I0000 00:00:1769843275.184397    3628 android_resource_loader.cc:100] Built resource guided_synthesis
01-31 16:07:55.184  3628  3628 I native  : I0000 00:00:1769843275.184457    3628 android_resource_loader.cc:116] Loaded resource:guided_synthesis
01-31 16:07:55.184  3628  3628 I native  : I0000 00:00:1769843275.184467    3628 data_source.cc:95] Opening data source "/data/user_de/0/com.google.android.tts/files/superpacks/en-us/en-us-x-multi-r83/mapping_grammar_en.far" (as: FILE) ...
01-31 16:07:55.184  3628  3628 I native  : I0000 00:00:1769843275.184480    3628 data_source.cc:99] ... Opened data source "/data/user_de/0/com.google.android.tts/files/superpacks/en-us/en-us-x-multi-r83/mapping_grammar_en.far" of size 863
01-31 16:07:55.184  3628  3628 I native  : I0000 00:00:1769843275.184978    3628 android_resource_loader.cc:100] Built resource homograph_mapping_grammar
01-31 16:07:55.184  3628  3628 I native  : I0000 00:00:1769843275.184986    3628 android_resource_loader.cc:116] Loaded resource:homograph_mapping_grammar
01-31 16:07:55.185  3628  3628 I native  : I0000 00:00:1769843275.185023    3628 data_source.cc:95] Opening data source "/data/user_de/0/com.google.android.tts/files/superpacks/en-us/en-us-x-multi-r83/lettuce_model.fb" (as: MEMORY) ...
01-31 16:07:55.185  3628  3628 I native  : I0000 00:00:1769843275.185047    3628 data_source.cc:99] ... Opened data source "/data/user_de/0/com.google.android.tts/files/superpacks/en-us/en-us-x-multi-r83/lettuce_model.fb" of size 2100680
01-31 16:07:55.185  3628  3628 I native  : I0000 00:00:1769843275.185175    3628 android_resource_loader.cc:100] Built resource lettuce_model_resource
01-31 16:07:55.185  3628  3628 I native  : I0000 00:00:1769843275.185181    3628 android_resource_loader.cc:116] Loaded resource:lettuce_model_resource
01-31 16:07:55.185  3628  3628 I native  : I0000 00:00:1769843275.185187    3628 android_resource_loader.cc:100] Built resource lettuce_model_scorer
01-31 16:07:55.185  3628  3628 I native  : I0000 00:00:1769843275.185190    3628 android_resource_loader.cc:116] Loaded resource:lettuce_model_scorer
01-31 16:07:55.185  3628  3628 I native  : I0000 00:00:1769843275.185194    3628 data_source.cc:95] Opening data source "/data/user_de/0/com.google.android.tts/files/superpacks/en-us/en-us-x-multi-r83/lettuce_classify_embedded_us_generated_android.far" (as: FILE) ...
01-31 16:07:55.185  3628  3628 I native  : I0000 00:00:1769843275.185200    3628 data_source.cc:99] ... Opened data source "/data/user_de/0/com.google.android.tts/files/superpacks/en-us/en-us-x-multi-r83/lettuce_classify_embedded_us_generated_android.far" of size 4439801
01-31 16:07:55.204   682   833 I ImeTracker: com.openclaw.assistant:5908cee4: onRequestHide at ORIGIN_SERVER reason HIDE_UNSPECIFIED_WINDOW fromUser false
01-31 16:07:55.206  9166  9166 D InsetsController: hide(ime())
01-31 16:07:55.206  9166  9166 I ImeTracker: com.openclaw.assistant:5908cee4: onCancelled at PHASE_CLIENT_ALREADY_HIDDEN
01-31 16:07:55.206  6028  6028 I GoogleInputMethodService: GoogleInputMethodService.onFinishInput():2057 
01-31 16:07:55.210   682  1834 I ImeTracker: system_server:32c7cc03: onRequestHide at ORIGIN_SERVER reason IME_REQUESTED_CHANGED_LISTENER fromUser false
01-31 16:07:55.211   682   711 I ImeTracker: system_server:32c7cc03: onCancelled at PHASE_SERVER_SHOULD_HIDE
01-31 16:07:55.211  6028  6028 I Module  : DeviceLockedStatusModuleProvider$Module.updateDeviceLockedStatus():100 repeatCheckTimes = 0, locked = false
01-31 16:07:55.212  6028  6028 I GoogleInputMethodService: GoogleInputMethodService.onStartInput():1318 onStartInput(EditorInfo{EditorInfo{packageName=com.openclaw.assistant, inputType=0, inputTypeString=NULL, enableLearning=false, autoCorrection=false, autoComplete=false, imeOptions=0, privateImeOptions=null, actionName=UNSPECIFIED, actionLabel=null, initialSelStart=-1, initialSelEnd=-1, initialCapsMode=0, label=null, fieldId=0, fieldName=null, extras=null, hintText=null, hintLocales=[]}}, false)
01-31 16:07:55.213  6028  6028 I Module  : DeviceLockedStatusModuleProvider$Module.updateDeviceLockedStatus():100 repeatCheckTimes = 1, locked = false
01-31 16:07:55.213   682  1055 W PackageConfigPersister: App-specific configuration not found for packageName: com.openclaw.assistant and userId: 0
01-31 16:07:55.222  3628  3628 I native  : I0000 00:00:1769843275.222591    3628 android_resource_loader.cc:100] Built resource lettuce_node_generator_grm
01-31 16:07:55.222  3628  3628 I native  : I0000 00:00:1769843275.222645    3628 android_resource_loader.cc:116] Loaded resource:lettuce_node_generator_grm
01-31 16:07:55.222  3628  3628 I native  : I0000 00:00:1769843275.222658    3628 data_source.cc:95] Opening data source "/data/user_de/0/com.google.android.tts/files/superpacks/en-us/en-us-x-multi-r83/lucid_collection_android.far" (as: FILE) ...
01-31 16:07:55.222  3628  3628 I native  : I0000 00:00:1769843275.222686    3628 data_source.cc:99] ... Opened data source "/data/user_de/0/com.google.android.tts/files/superpacks/en-us/en-us-x-multi-r83/lucid_collection_android.far" of size 306120
01-31 16:07:55.226  3628  3628 I native  : I0000 00:00:1769843275.226523    3628 android_resource_loader.cc:100] Built resource lucid_parser_grm_fst
01-31 16:07:55.227  3628  3628 I native  : I0000 00:00:1769843275.227227    3628 android_resource_loader.cc:116] Loaded resource:lucid_parser_grm_fst
01-31 16:07:55.227  3628  3628 I native  : I0000 00:00:1769843275.227262    3628 data_source.cc:95] Opening data source "/data/user_de/0/com.google.android.tts/files/superpacks/en-us/en-us-x-multi-r83/markup_triggers.pb" (as: FILE) ...
01-31 16:07:55.227  3628  3628 I native  : I0000 00:00:1769843275.227281    3628 data_source.cc:99] ... Opened data source "/data/user_de/0/com.google.android.tts/files/superpacks/en-us/en-us-x-multi-r83/markup_triggers.pb" of size 930
01-31 16:07:55.228  3628  3628 I native  : I0000 00:00:1769843275.228060    3628 android_resource_loader.cc:100] Built resource markup_triggers
01-31 16:07:55.228  3628  3628 I native  : I0000 00:00:1769843275.228069    3628 android_resource_loader.cc:116] Loaded resource:markup_triggers
01-31 16:07:55.228  3628  3628 I native  : I0000 00:00:1769843275.228089    3628 data_source.cc:95] Opening data source "/data/user_de/0/com.google.android.tts/files/superpacks/en-us/en-us-x-multi-r83/morphosyntactic_mapping.pb" (as: FILE) ...
01-31 16:07:55.228  3628  3628 I native  : I0000 00:00:1769843275.228100    3628 data_source.cc:99] ... Opened data source "/data/user_de/0/com.google.android.tts/files/superpacks/en-us/en-us-x-multi-r83/morphosyntactic_mapping.pb" of size 6
01-31 16:07:55.228  3628  3628 I native  : I0000 00:00:1769843275.228218    3628 android_resource_loader.cc:100] Built resource morph_analyzer_attribute_map
01-31 16:07:55.228  3628  3628 I native  : I0000 00:00:1769843275.228224    3628 android_resource_loader.cc:116] Loaded resource:morph_analyzer_attribute_map
01-31 16:07:55.228  3628  3628 I native  : I0000 00:00:1769843275.228282    3628 android_resource_loader.cc:100] Built resource multilingual_capabilities
01-31 16:07:55.228  3628  3628 I native  : I0000 00:00:1769843275.228287    3628 android_resource_loader.cc:116] Loaded resource:multilingual_capabilities
01-31 16:07:55.228  3628  3628 I native  : I0000 00:00:1769843275.228311    3628 data_source.cc:95] Opening data source "/data/user_de/0/com.google.android.tts/files/superpacks/en-us/en-us-x-multi-r83/en_us_phonology.pb" (as: FILE) ...
01-31 16:07:55.228  3628  3628 I native  : I0000 00:00:1769843275.228318    3628 data_source.cc:99] ... Opened data source "/data/user_de/0/com.google.android.tts/files/superpacks/en-us/en-us-x-multi-r83/en_us_phonology.pb" of size 2196
01-31 16:07:55.228  3628  3628 W native  : W0000 00:00:1769843275.228576    3628 phonology.cc:80] Phonemes @, @` have non-distinctive features. See b/111971558.
01-31 16:07:55.228  3628  3628 W native  : W0000 00:00:1769843275.228588    3628 phonology.cc:80] Phonemes l, r\ have non-distinctive features. See b/111971558.
01-31 16:07:55.228  3628  3628 I native  : I0000 00:00:1769843275.228773    3628 android_resource_loader.cc:100] Built resource phonology
01-31 16:07:55.228  3628  3628 I native  : I0000 00:00:1769843275.228780    3628 android_resource_loader.cc:116] Loaded resource:phonology
01-31 16:07:55.228  3628  3628 I native  : I0000 00:00:1769843275.228812    3628 data_source.cc:95] Opening data source "/data/user_de/0/com.google.android.tts/files/superpacks/en-us/en-us-x-multi-r83/en_morphology" (as: FILE) ...
01-31 16:07:55.228  3628  3628 I native  : I0000 00:00:1769843275.228822    3628 data_source.cc:99] ... Opened data source "/data/user_de/0/com.google.android.tts/files/superpacks/en-us/en-us-x-multi-r83/en_morphology" of size 2753822
01-31 16:07:55.235  3628  3628 I native  : I0000 00:00:1769843275.235342    3628 model-api.cc:46] Registered model under key morphology
01-31 16:07:55.238  3628  3628 I native  : I0000 00:00:1769843275.238129    3628 android_resource_loader.cc:100] Built resource analyze_morphology_saft_portable_algo
01-31 16:07:55.238  3628  3628 I native  : I0000 00:00:1769843275.238147    3628 android_resource_loader.cc:116] Loaded resource:analyze_morphology_saft_portable_algo
01-31 16:07:55.238  3628  3628 I native  : I0000 00:00:1769843275.238269    3628 data_source.cc:95] Opening data source "/data/user_de/0/com.google.android.tts/files/superpacks/en-us/en-us-x-multi-r83/ipa_to_tts_to-en_us.far" (as: FILE) ...
01-31 16:07:55.238  3628  3628 I native  : I0000 00:00:1769843275.238315    3628 data_source.cc:99] ... Opened data source "/data/user_de/0/com.google.android.tts/files/superpacks/en-us/en-us-x-multi-r83/ipa_to_tts_to-en_us.far" of size 465858
01-31 16:07:55.242  3628  3628 I native  : I0000 00:00:1769843275.242715    3628 android_resource_loader.cc:100] Built resource ipa_to_tts_phoneme_mapper
01-31 16:07:55.242  3628  3628 I native  : I0000 00:00:1769843275.242955    3628 android_resource_loader.cc:116] Loaded resource:ipa_to_tts_phoneme_mapper
01-31 16:07:55.242  3628  3628 I native  : I0000 00:00:1769843275.242969    3628 data_source.cc:95] Opening data source "/data/user_de/0/com.google.android.tts/files/superpacks/en-us/en-us-x-multi-r83/en_us.hlex.bin" (as: MEMORY) ...
01-31 16:07:55.243  3628  3628 I native  : I0000 00:00:1769843275.243007    3628 data_source.cc:99] ... Opened data source "/data/user_de/0/com.google.android.tts/files/superpacks/en-us/en-us-x-multi-r83/en_us.hlex.bin" of size 5117760
01-31 16:07:55.243  3628  3628 I native  : I0000 00:00:1769843275.243190    3628 android_resource_loader.cc:100] Built resource lexicon
01-31 16:07:55.243  3628  3628 I native  : I0000 00:00:1769843275.243199    3628 android_resource_loader.cc:116] Loaded resource:lexicon
01-31 16:07:55.243  3628  3628 I native  : I0000 00:00:1769843275.243211    3628 data_source.cc:95] Opening data source "/data/user_de/0/com.google.android.tts/files/superpacks/en-us/en-us-x-multi-r83/homographs_model_en_us_embedded.bin" (as: MEMORY) ...
01-31 16:07:55.243  3628  3628 I native  : I0000 00:00:1769843275.243232    3628 data_source.cc:99] ... Opened data source "/data/user_de/0/com.google.android.tts/files/superpacks/en-us/en-us-x-multi-r83/homographs_model_en_us_embedded.bin" of size 399120
01-31 16:07:55.248  3628  3628 I native  : I0000 00:00:1769843275.248364    3628 android_resource_loader.cc:100] Built resource homograph_classifier_model_resource
01-31 16:07:55.248  3628  3628 I native  : I0000 00:00:1769843275.248394    3628 android_resource_loader.cc:116] Loaded resource:homograph_classifier_model_resource
01-31 16:07:55.248  3628  3628 I native  : I0000 00:00:1769843275.248411    3628 data_source.cc:95] Opening data source "/data/user_de/0/com.google.android.tts/files/superpacks/en-us/en-us-x-multi-r83/lettuce_node_generator_params_embedded_us_runtime.pb" (as: FILE) ...
01-31 16:07:55.248  3628  3628 I native  : I0000 00:00:1769843275.248536    3628 data_source.cc:99] ... Opened data source "/data/user_de/0/com.google.android.tts/files/superpacks/en-us/en-us-x-multi-r83/lettuce_node_generator_params_embedded_us_runtime.pb" of size 2599
01-31 16:07:55.469  3628  3628 I native  : I0000 00:00:1769843275.469530    3628 exl_node_generator.cc:58] Setting legal word grammar as macro_only: true
01-31 16:07:55.469  3628  3628 I native  : I0000 00:00:1769843275.469700    3628 android_resource_loader.cc:100] Built resource lettuce_node_generator
01-31 16:07:55.469  3628  3628 I native  : I0000 00:00:1769843275.469707    3628 android_resource_loader.cc:116] Loaded resource:lettuce_node_generator
01-31 16:07:55.469  3628  3628 I native  : I0000 00:00:1769843275.469720    3628 data_source.cc:95] Opening data source "/data/user_de/0/com.google.android.tts/files/superpacks/en-us/en-us-x-multi-r83/burdock_model.params.pb" (as: FILE) ...
01-31 16:07:55.469  3628  3628 I native  : I0000 00:00:1769843275.469737    3628 data_source.cc:99] ... Opened data source "/data/user_de/0/com.google.android.tts/files/superpacks/en-us/en-us-x-multi-r83/burdock_model.params.pb" of size 8875
01-31 16:07:55.470  3628  3628 I native  : I0000 00:00:1769843275.470429    3628 android_resource_loader.cc:100] Built resource lstm_add_specification_resource
01-31 16:07:55.470  3628  3628 I native  : I0000 00:00:1769843275.470443    3628 android_resource_loader.cc:116] Loaded resource:lstm_add_specification_resource
01-31 16:07:55.470  3628  3628 I native  : I0000 00:00:1769843275.470451    3628 data_source.cc:95] Opening data source "/data/user_de/0/com.google.android.tts/files/superpacks/en-us/en-us-x-multi-r83/chive_model_fused.pb" (as: FILE) ...
01-31 16:07:55.470  3628  3628 I native  : I0000 00:00:1769843275.470461    3628 data_source.cc:99] ... Opened data source "/data/user_de/0/com.google.android.tts/files/superpacks/en-us/en-us-x-multi-r83/chive_model_fused.pb" of size 1281
01-31 16:07:55.470  3628  3628 I native  : I0000 00:00:1769843275.470592    3628 data_source.cc:95] Opening data source "/data/user_de/0/com.google.android.tts/files/superpacks/en-us/en-us-x-multi-r83/burdock_valerian_model.tflite" (as: MEMORY) ...
01-31 16:07:55.470  3628  3628 I native  : I0000 00:00:1769843275.470609    3628 data_source.cc:99] ... Opened data source "/data/user_de/0/com.google.android.tts/files/superpacks/en-us/en-us-x-multi-r83/burdock_valerian_model.tflite" of size 1790608
01-31 16:07:55.471  3628  3628 E tflite  : third_party/tensorflow/lite/core/subgraph.cc:1082 tensor.data.raw != nullptr was not true.
01-31 16:07:55.472  3628  3628 I native  : I0000 00:00:1769843275.472993    3628 chive_inference_resource.cc:234] Creating new CHiVE model [model graph]: 
01-31 16:07:55.473  3628  3628 I native  : I0000 00:00:1769843275.473003    3628 chive_model.cc:179] Creating a single pass CHiVE model
01-31 16:07:55.473  3628  3628 I native  : I0000 00:00:1769843275.473385    3628 android_resource_loader.cc:100] Built resource chive_inference_config
01-31 16:07:55.473  3628  3628 I native  : I0000 00:00:1769843275.473393    3628 android_resource_loader.cc:116] Loaded resource:chive_inference_config
01-31 16:07:55.473  3628  3628 I native  : I0000 00:00:1769843275.473399    3628 data_source.cc:95] Opening data source "/data/user_de/0/com.google.android.tts/files/superpacks/en-us/en-us-x-multi-r83/converter_en_us_android.far" (as: FILE) ...
01-31 16:07:55.473  3628  3628 I native  : I0000 00:00:1769843275.473409    3628 data_source.cc:99] ... Opened data source "/data/user_de/0/com.google.android.tts/files/superpacks/en-us/en-us-x-multi-r83/converter_en_us_android.far" of size 1473
01-31 16:07:55.473  3628  3628 I native  : I0000 00:00:1769843275.473560    3628 android_resource_loader.cc:100] Built resource pron_buffet_to_tts_converter
01-31 16:07:55.473  3628  3628 I native  : I0000 00:00:1769843275.473571    3628 android_resource_loader.cc:116] Loaded resource:pron_buffet_to_tts_converter
01-31 16:07:55.473  3628  3628 I native  : I0000 00:00:1769843275.473591    3628 data_source.cc:95] Opening data source "/data/user_de/0/com.google.android.tts/files/superpacks/en-us/en-us-x-multi-r83/regexp_rewrite_embedded.pb" (as: FILE) ...
01-31 16:07:55.473  3628  3628 I native  : I0000 00:00:1769843275.473604    3628 data_source.cc:99] ... Opened data source "/data/user_de/0/com.google.android.tts/files/superpacks/en-us/en-us-x-multi-r83/regexp_rewrite_embedded.pb" of size 6025
01-31 16:07:55.473  3628  3628 I native  : I0000 00:00:1769843275.473753    3628 data_source.cc:95] Opening data source "/data/user_de/0/com.google.android.tts/files/superpacks/en-us/en-us-x-multi-r83/punctuation.pb" (as: FILE) ...
01-31 16:07:55.473  3628  3628 I native  : I0000 00:00:1769843275.473767    3628 data_source.cc:99] ... Opened data source "/data/user_de/0/com.google.android.tts/files/superpacks/en-us/en-us-x-multi-r83/punctuation.pb" of size 452
01-31 16:07:55.497  3628  3628 E native  : E0000 00:00:1769843275.497905    3628 re2.cc:250] Error parsing '^|[^\p{Letter}\\]': invalid character class range: \p{Letter}
01-31 16:07:55.497  3628  3628 E native  : E0000 00:00:1769843275.497938    3628 replacement_rule.cc:40] Invalid context regexp: invalid character class range: \p{Letter}
01-31 16:07:55.497  3628  3628 E native  : E0000 00:00:1769843275.497943    3628 replacement_rule.cc:151] Error creating replacement rule.
01-31 16:07:55.497  3628  3628 E native  : E0000 00:00:1769843275.497946    3628 regexp_rewriter.cc:34] Error creating rule MessageLite at 0xb400007dbca304d0.
01-31 16:07:55.498  3628  3628 I native  : I0000 00:00:1769843275.498241    3628 android_resource_loader.cc:100] Built resource rewrite_algo
01-31 16:07:55.498  3628  3628 I native  : I0000 00:00:1769843275.498255    3628 android_resource_loader.cc:116] Loaded resource:rewrite_algo
01-31 16:07:55.498  3628  3628 I native  : I0000 00:00:1769843275.498285    3628 data_source.cc:95] Opening data source "/data/user_de/0/com.google.android.tts/files/superpacks/en-us/en-us-x-multi-r83/roman_numeral_contexts.pb" (as: FILE) ...
01-31 16:07:55.498  3628  3628 I native  : I0000 00:00:1769843275.498333    3628 data_source.cc:99] ... Opened data source "/data/user_de/0/com.google.android.tts/files/superpacks/en-us/en-us-x-multi-r83/roman_numeral_contexts.pb" of size 9114
01-31 16:07:55.498  3628  3628 I native  : I0000 00:00:1769843275.498624    3628 android_resource_loader.cc:100] Built resource roman_numeral_context_words
01-31 16:07:55.498  3628  3628 I native  : I0000 00:00:1769843275.498632    3628 android_resource_loader.cc:116] Loaded resource:roman_numeral_context_words
01-31 16:07:55.498  3628  3628 I native  : I0000 00:00:1769843275.498794    3628 android_resource_loader.cc:100] Built resource classify_roman_numerals_grm_algo
01-31 16:07:55.498  3628  3628 I native  : I0000 00:00:1769843275.498801    3628 android_resource_loader.cc:116] Loaded resource:classify_roman_numerals_grm_algo
01-31 16:07:55.498  3628  3628 I native  : I0000 00:00:1769843275.498806    3628 android_resource_loader.cc:100] Built resource runtime_override
01-31 16:07:55.498  3628  3628 I native  : I0000 00:00:1769843275.498809    3628 android_resource_loader.cc:116] Loaded resource:runtime_override
01-31 16:07:55.498  3628  3628 I native  : I0000 00:00:1769843275.498823    3628 data_source.cc:95] Opening data source "/data/user_de/0/com.google.android.tts/files/superpacks/en-us/en-us-x-multi-r83/sb_model.bin" (as: MEMORY) ...
01-31 16:07:55.498  3628  3628 I native  : I0000 00:00:1769843275.498836    3628 data_source.cc:99] ... Opened data source "/data/user_de/0/com.google.android.tts/files/superpacks/en-us/en-us-x-multi-r83/sb_model.bin" of size 48272
01-31 16:07:55.498  3628  3628 I native  : I0000 00:00:1769843275.498863    3628 android_resource_loader.cc:100] Built resource sentence_boundary_model_resource
01-31 16:07:55.498  3628  3628 I native  : I0000 00:00:1769843275.498867    3628 android_resource_loader.cc:116] Loaded resource:sentence_boundary_model_resource
01-31 16:07:55.498  3628  3628 I native  : I0000 00:00:1769843275.498881    3628 data_source.cc:95] Opening data source "/data/user_de/0/com.google.android.tts/files/superpacks/en-us/en-us-x-multi-r83/en_verbalize_spec.pb" (as: FILE) ...
01-31 16:07:55.498  3628  3628 I native  : I0000 00:00:1769843275.498887    3628 data_source.cc:99] ... Opened data source "/data/user_de/0/com.google.android.tts/files/superpacks/en-us/en-us-x-multi-r83/en_verbalize_spec.pb" of size 3984
01-31 16:07:55.499  3628  3628 I native  : I0000 00:00:1769843275.499010    3628 android_resource_loader.cc:100] Built resource serialization_spec
01-31 16:07:55.499  3628  3628 I native  : I0000 00:00:1769843275.499021    3628 android_resource_loader.cc:116] Loaded resource:serialization_spec
01-31 16:07:55.499  3628  3628 I native  : I0000 00:00:1769843275.499032    3628 data_source.cc:95] Opening data source "/data/user_de/0/com.google.android.tts/files/superpacks/en-us/en-us-x-multi-r83/textnorm_params_embedded_en_us.pb" (as: FILE) ...
01-31 16:07:55.499  3628  3628 I native  : I0000 00:00:1769843275.499046    3628 data_source.cc:99] ... Opened data source "/data/user_de/0/com.google.android.tts/files/superpacks/en-us/en-us-x-multi-r83/textnorm_params_embedded_en_us.pb" of size 321
01-31 16:07:55.499  3628  3628 I native  : I0000 00:00:1769843275.499178    3628 android_resource_loader.cc:100] Built resource textnorm_params
01-31 16:07:55.499  3628  3628 I native  : I0000 00:00:1769843275.499185    3628 android_resource_loader.cc:116] Loaded resource:textnorm_params
01-31 16:07:55.500  3628  3628 I native  : I0000 00:00:1769843275.500023    3628 android_resource_loader.cc:100] Built resource icu_transliterator_to_latin
01-31 16:07:55.500  3628  3628 I native  : I0000 00:00:1769843275.500037    3628 android_resource_loader.cc:116] Loaded resource:icu_transliterator_to_latin
01-31 16:07:55.500  3628  3628 I native  : I0000 00:00:1769843275.500059    3628 data_source.cc:95] Opening data source "/data/user_de/0/com.google.android.tts/files/superpacks/en-us/en-us-x-multi-r83/g2p_m3_syls0_stress0_en-US.fst" (as: FILE) ...
01-31 16:07:55.500  3628  3628 I native  : I0000 00:00:1769843275.500080    3628 data_source.cc:99] ... Opened data source "/data/user_de/0/com.google.android.tts/files/superpacks/en-us/en-us-x-multi-r83/g2p_m3_syls0_stress0_en-US.fst" of size 696736
01-31 16:07:55.500  3628  3628 I native  : I0000 00:00:1769843275.500100    3628 compact_fst.cc:20] Loading FST from "/data/user_de/0/com.google.android.tts/files/superpacks/en-us/en-us-x-multi-r83/g2p_m3_syls0_stress0_en-US.fst" ...
01-31 16:07:55.542  3628  3628 I native  : I0000 00:00:1769843275.542655    3628 decoder.cc:50] G2P FST loaded (56 graphemes and 41 phonemes).
01-31 16:07:55.545  3628  3628 I native  : I0000 00:00:1769843275.545930    3628 android_resource_loader.cc:100] Built resource learned_fst_g2p_mapper
01-31 16:07:55.545  3628  3628 I native  : I0000 00:00:1769843275.545993    3628 android_resource_loader.cc:116] Loaded resource:learned_fst_g2p_mapper
01-31 16:07:55.546  3628  3628 I native  : I0000 00:00:1769843275.546032    3628 android_resource_loader.cc:100] Built resource spelling_normalizer
01-31 16:07:55.546  3628  3628 I native  : I0000 00:00:1769843275.546037    3628 android_resource_loader.cc:116] Loaded resource:spelling_normalizer
01-31 16:07:55.556  3628  3628 I native  : I0000 00:00:1769843275.556871    3628 android_resource_loader.cc:100] Built resource token_resolver_algo
01-31 16:07:55.556  3628  3628 I native  : I0000 00:00:1769843275.556913    3628 android_resource_loader.cc:116] Loaded resource:token_resolver_algo
01-31 16:07:55.556  3628  3628 I native  : I0000 00:00:1769843275.556936    3628 android_resource_loader.cc:100] Built resource utf8_utils
01-31 16:07:55.556  3628  3628 I native  : I0000 00:00:1769843275.556945    3628 android_resource_loader.cc:116] Loaded resource:utf8_utils
01-31 16:07:55.556  3628  3628 I native  : I0000 00:00:1769843275.556963    3628 android_resource_loader.cc:100] Built resource lexical_classifier
01-31 16:07:55.556  3628  3628 I native  : I0000 00:00:1769843275.556970    3628 android_resource_loader.cc:116] Loaded resource:lexical_classifier
01-31 16:07:55.556  3628  3628 I native  : I0000 00:00:1769843275.556982    3628 data_source.cc:95] Opening data source "/data/user_de/0/com.google.android.tts/files/superpacks/en-us/en-us-x-multi-r83/universal_carrier_pigeon_config.binarypb" (as: FILE) ...
01-31 16:07:55.557  3628  3628 I native  : I0000 00:00:1769843275.557014    3628 data_source.cc:99] ... Opened data source "/data/user_de/0/com.google.android.tts/files/superpacks/en-us/en-us-x-multi-r83/universal_carrier_pigeon_config.binarypb" of size 52
01-31 16:07:55.559  3628  3628 I native  : I0000 00:00:1769843275.559096    3628 data_source.cc:95] Opening data source "/data/user_de/0/com.google.android.tts/files/superpacks/en-us/en-us-x-multi-r83/universal_carrier_pigeon_model.tflite" (as: FILE) ...
01-31 16:07:55.559  3628  3628 I native  : I0000 00:00:1769843275.559121    3628 data_source.cc:99] ... Opened data source "/data/user_de/0/com.google.android.tts/files/superpacks/en-us/en-us-x-multi-r83/universal_carrier_pigeon_model.tflite" of size 638952
01-31 16:07:55.561  3628  3628 I native  : I0000 00:00:1769843275.561317    3628 android_resource_loader.cc:100] Built resource carrier_pigeon_algo
01-31 16:07:55.561  3628  3628 I native  : I0000 00:00:1769843275.561330    3628 android_resource_loader.cc:116] Loaded resource:carrier_pigeon_algo
01-31 16:07:55.561  3628  3628 I native  : I0000 00:00:1769843275.561357    3628 android_resource_loader.cc:100] Built resource icu_transliterator
01-31 16:07:55.561  3628  3628 I native  : I0000 00:00:1769843275.561362    3628 android_resource_loader.cc:116] Loaded resource:icu_transliterator
01-31 16:07:55.561  3628  3628 I native  : I0000 00:00:1769843275.561372    3628 data_source.cc:95] Opening data source "/data/user_de/0/com.google.android.tts/files/superpacks/en-us/en-us-x-multi-r83/variant_overrides_en_us.pb" (as: FILE) ...
01-31 16:07:55.561  3628  3628 I native  : I0000 00:00:1769843275.561384    3628 data_source.cc:99] ... Opened data source "/data/user_de/0/com.google.android.tts/files/superpacks/en-us/en-us-x-multi-r83/variant_overrides_en_us.pb" of size 1525
01-31 16:07:55.561  3628  3628 I native  : I0000 00:00:1769843275.561687    3628 android_resource_loader.cc:100] Built resource variant_overrides
01-31 16:07:55.561  3628  3628 I native  : I0000 00:00:1769843275.561697    3628 android_resource_loader.cc:116] Loaded resource:variant_overrides
01-31 16:07:55.561  3628  3628 I native  : I0000 00:00:1769843275.561703    3628 data_source.cc:95] Opening data source "/data/user_de/0/com.google.android.tts/files/superpacks/en-us/en-us-x-multi-r83/variant_selection_model_en_us_embedded.bin" (as: MEMORY) ...
01-31 16:07:55.561  3628  3628 I native  : I0000 00:00:1769843275.561723    3628 data_source.cc:99] ... Opened data source "/data/user_de/0/com.google.android.tts/files/superpacks/en-us/en-us-x-multi-r83/variant_selection_model_en_us_embedded.bin" of size 221608
01-31 16:07:55.561  3628  3628 I native  : I0000 00:00:1769843275.561740    3628 android_resource_loader.cc:100] Built resource variant_selection_model_data_resource
01-31 16:07:55.561  3628  3628 I native  : I0000 00:00:1769843275.561745    3628 android_resource_loader.cc:116] Loaded resource:variant_selection_model_data_resource
01-31 16:07:55.569  3628  3628 I native  : I0000 00:00:1769843275.569287    3628 select_variants.cc:128] Word with override has only one variant: her
01-31 16:07:55.569  3628  3628 I native  : I0000 00:00:1769843275.569327    3628 android_resource_loader.cc:100] Built resource select_variants_algo
01-31 16:07:55.569  3628  3628 I native  : I0000 00:00:1769843275.569332    3628 android_resource_loader.cc:116] Loaded resource:select_variants_algo
01-31 16:07:55.569  3628  3628 I native  : I0000 00:00:1769843275.569357    3628 data_source.cc:95] Opening data source "/data/user_de/0/com.google.android.tts/files/superpacks/en-us/en-us-x-multi-r83/us_verbalization_capabilities.pb" (as: FILE) ...
01-31 16:07:55.569  3628  3628 I native  : I0000 00:00:1769843275.569370    3628 data_source.cc:99] ... Opened data source "/data/user_de/0/com.google.android.tts/files/superpacks/en-us/en-us-x-multi-r83/us_verbalization_capabilities.pb" of size 5224
01-31 16:07:55.569  3628  3628 I native  : I0000 00:00:1769843275.569690    3628 android_resource_loader.cc:100] Built resource verbalization_capabilities
01-31 16:07:55.569  3628  3628 I native  : I0000 00:00:1769843275.569700    3628 android_resource_loader.cc:116] Loaded resource:verbalization_capabilities
01-31 16:07:55.569  3628  3628 I native  : I0000 00:00:1769843275.569707    3628 data_source.cc:95] Opening data source "/data/user_de/0/com.google.android.tts/files/superpacks/en-us/en-us-x-multi-r83/verbalize_embedded_android.far" (as: FILE) ...
01-31 16:07:55.569  3628  3628 I native  : I0000 00:00:1769843275.569722    3628 data_source.cc:99] ... Opened data source "/data/user_de/0/com.google.android.tts/files/superpacks/en-us/en-us-x-multi-r83/verbalize_embedded_android.far" of size 2342559
01-31 16:07:55.575  1083  1159 V WindowManagerShell: Transition animation finished (aborted=false), notifying core (#80) android.os.BinderProxy@7e960da@0
01-31 16:07:55.577   682   708 V WindowManager: Finish Transition (#80): created at 01-31 16:07:54.828 collect-started=0.021ms request-sent=14.33ms started=18.384ms ready=34.543ms sent=273.454ms commit=7.285ms finished=748.276ms
01-31 16:07:55.577  3628  3628 I native  : I0000 00:00:1769843275.577213    3628 android_resource_loader.cc:100] Built resource verbalize_grm_fst
01-31 16:07:55.578  1083  1159 V WindowManagerShell: Track 0 became idle
01-31 16:07:55.578  1083  1159 V WindowManagerShell: All active transition animations finished
01-31 16:07:55.579  9166  9166 D VRI[MainActivity]: visibilityChanged oldVisibility=true newVisibility=false
01-31 16:07:55.579  3628  3628 I native  : I0000 00:00:1769843275.579490    3628 android_resource_loader.cc:116] Loaded resource:verbalize_grm_fst
01-31 16:07:55.579  3628  3628 I native  : I0000 00:00:1769843275.579510    3628 android_resource_loader.cc:100] Built resource speller_algo
01-31 16:07:55.579  3628  3628 I native  : I0000 00:00:1769843275.579515    3628 android_resource_loader.cc:116] Loaded resource:speller_algo
01-31 16:07:55.580  3628  3628 I native  : I0000 00:00:1769843275.580328    3628 android_resource_loader.cc:100] Built resource verbalize_grm_algo
01-31 16:07:55.580  3628  3628 I native  : I0000 00:00:1769843275.580336    3628 android_resource_loader.cc:116] Loaded resource:verbalize_grm_algo
01-31 16:07:55.581  3628  3628 I native  : I0000 00:00:1769843275.581258    3628 android_resource_loader.cc:100] Built resource vocoding_resource
01-31 16:07:55.581  3628  3628 I native  : I0000 00:00:1769843275.581275    3628 android_resource_loader.cc:116] Loaded resource:vocoding_resource
01-31 16:07:55.581  3628  3628 I native  : I0000 00:00:1769843275.581300    3628 voice_params_resource.cc:33] Voice information: MessageLite at 0xb400007d4ca70a80
01-31 16:07:55.581  3628  3628 I native  : I0000 00:00:1769843275.581311    3628 android_resource_loader.cc:100] Built resource voice_params
01-31 16:07:55.581  3628  3628 I native  : I0000 00:00:1769843275.581315    3628 android_resource_loader.cc:116] Loaded resource:voice_params
01-31 16:07:55.588  3628  3628 I native  : I0000 00:00:1769843275.588712    3628 android_resource_loader.cc:100] Built resource word_resolver_algo
01-31 16:07:55.588  3628  3628 I native  : I0000 00:00:1769843275.588736    3628 android_resource_loader.cc:116] Loaded resource:word_resolver_algo
01-31 16:07:55.588  3628  3628 I native  : I0000 00:00:1769843275.588750    3628 data_source.cc:95] Opening data source "/data/user_de/0/com.google.android.tts/files/superpacks/en-us/en-us-x-multi-r83/xsampa_to_tts_to-en_us.far" (as: FILE) ...
01-31 16:07:55.588  3628  3628 I native  : I0000 00:00:1769843275.588775    3628 data_source.cc:99] ... Opened data source "/data/user_de/0/com.google.android.tts/files/superpacks/en-us/en-us-x-multi-r83/xsampa_to_tts_to-en_us.far" of size 22132
01-31 16:07:55.589  3628  3628 I native  : I0000 00:00:1769843275.589489    3628 android_resource_loader.cc:100] Built resource xsampa_to_tts_phoneme_mapper
01-31 16:07:55.589  3628  3628 I native  : I0000 00:00:1769843275.589498    3628 android_resource_loader.cc:116] Loaded resource:xsampa_to_tts_phoneme_mapper
01-31 16:07:55.589  3628  3628 I native  : I0000 00:00:1769843275.589503    3628 local_pipeline_runner.cc:49] Done loading all resources from: {/data/user_de/0/com.google.android.tts/files/superpacks/en-us/en-us-x-multi-r83}
01-31 16:07:55.590  3628  3628 I ComposerWrapperImpl: Done initializing en-us-x-iog-lstm-embedded
01-31 16:07:55.595   682   682 D TextToSpeechManagerPerUserService: Connected successfully to TTS engine: com.google.android.tts
01-31 16:07:55.595  9166  9178 I TextToSpeech: Connected to TTS engine
01-31 16:07:55.596  9166  9181 D HWUI    : endAllActiveAnimators on 0xb400007ceca45290 (UnprojectedRipple) with handle 0xb400007cfca45720
01-31 16:07:55.614   682  1040 D BackgroundInstallControlService: Package event received: 0
01-31 16:07:55.668  3628  4649 I GoogleTTSServiceImpl: currentLocale = en-US
01-31 16:07:55.698  3628  4649 I GoogleTTSServiceImpl: For default lang en-us is name en-US-language (en-us-x-iog-server)
01-31 16:07:55.698  9166  9215 I TextToSpeech: Setting up the connection to TTS engine...
01-31 16:07:55.698  3628  3639 I GoogleTTSServiceImpl: currentLocale = ja-JP
01-31 16:07:55.699  3628  3639 I GoogleTTSServiceImpl: currentLocale = ja-JP
01-31 16:07:55.700  3628  3639 I GoogleTTSServiceImpl: For default lang ja- is name ja-JP-language (ja-jp-x-jab-server)
01-31 16:07:55.700  3628  3637 I GoogleTTSServiceImpl: currentLocale = ja-JP
01-31 16:07:55.763  3628  3640 I gle.android.tts: Waiting for a blocking GC ProfileSaver
01-31 16:07:55.786  3628  3640 I gle.android.tts: WaitForGcToComplete blocked ProfileSaver on Background for 22.718ms
01-31 16:07:55.803  3628  9213 I PipelineReaderImpl: Initializing ja-jp-x-mfk-lstm-embedded from disk
01-31 16:07:55.805  3628  9213 I native  : I0000 00:00:1769843275.805276    9213 android_resource_loader.cc:109] Loading resources for ja_jp_x_embedded_valerian_vocoded/5351318150456915591
