01-31 16:07:55.805  3628  9213 I native  : I0000 00:00:1769843275.805307    9213 data_source.cc:95] Opening data source "/data/user_de/0/com.google.android.tts/files/superpacks/ja-jp/ja-jp-x-multi-r58/burdock_frame_config.pb" (as: FILE) ...
01-31 16:07:55.805  3628  9213 I native  : I0000 00:00:1769843275.805344    9213 data_source.cc:99] ... Opened data source "/data/user_de/0/com.google.android.tts/files/superpacks/ja-jp/ja-jp-x-multi-r58/burdock_frame_config.pb" of size 68
01-31 16:07:55.805  3628  9213 I native  : I0000 00:00:1769843275.805428    9213 android_resource_loader.cc:100] Built resource acoustic_frame_config
01-31 16:07:55.805  3628  9213 I native  : I0000 00:00:1769843275.805435    9213 android_resource_loader.cc:116] Loaded resource:acoustic_frame_config
01-31 16:07:55.805  3628  9213 I native  : I0000 00:00:1769843275.805443    9213 android_resource_loader.cc:100] Built resource audio_manipulation_params
01-31 16:07:55.805  3628  9213 I native  : I0000 00:00:1769843275.805447    9213 android_resource_loader.cc:116] Loaded resource:audio_manipulation_params
01-31 16:07:55.805  3628  9213 I native  : I0000 00:00:1769843275.805452    9213 data_source.cc:95] Opening data source "/data/user_de/0/com.google.android.tts/files/superpacks/ja-jp/ja-jp-x-multi-r58/engine_config_ja_jp_x_embedded_valerian_vocoded.pb" (as: FILE) ...
01-31 16:07:55.805  3628  9213 I native  : I0000 00:00:1769843275.805475    9213 data_source.cc:99] ... Opened data source "/data/user_de/0/com.google.android.tts/files/superpacks/ja-jp/ja-jp-x-multi-r58/engine_config_ja_jp_x_embedded_valerian_vocoded.pb" of size 54
01-31 16:07:55.805  3628  9213 I native  : I0000 00:00:1769843275.805551    9213 android_resource_loader.cc:100] Built resource engine_config
01-31 16:07:55.805  3628  9213 I native  : I0000 00:00:1769843275.805565    9213 android_resource_loader.cc:116] Loaded resource:engine_config
01-31 16:07:55.805  3628  9213 I native  : I0000 00:00:1769843275.805573    9213 android_resource_loader.cc:100] Built resource guided_synthesis
01-31 16:07:55.805  3628  9213 I native  : I0000 00:00:1769843275.805577    9213 android_resource_loader.cc:116] Loaded resource:guided_synthesis
01-31 16:07:55.805  3628  9213 I native  : I0000 00:00:1769843275.805648    9213 data_source.cc:95] Opening data source "/data/user_de/0/com.google.android.tts/files/superpacks/ja-jp/ja-jp-x-multi-r58/mecari_ja_embedded.fb" (as: MEMORY) ...
01-31 16:07:55.805  3628  9213 I native  : I0000 00:00:1769843275.805684    9213 data_source.cc:99] ... Opened data source "/data/user_de/0/com.google.android.tts/files/superpacks/ja-jp/ja-jp-x-multi-r58/mecari_ja_embedded.fb" of size 31312232
01-31 16:07:55.812  3628  9213 I native  : I0000 00:00:1769843275.812941    9213 android_resource_loader.cc:100] Built resource japanese_analyzer_mecari
01-31 16:07:55.812  3628  9213 I native  : I0000 00:00:1769843275.812973    9213 android_resource_loader.cc:116] Loaded resource:japanese_analyzer_mecari
01-31 16:07:55.812  3628  9213 I native  : I0000 00:00:1769843275.812989    9213 data_source.cc:95] Opening data source "/data/user_de/0/com.google.android.tts/files/superpacks/ja-jp/ja-jp-x-multi-r58/japanese_measure_units_verbalizer_data.pb" (as: FILE) ...
01-31 16:07:55.813  3628  9213 I native  : I0000 00:00:1769843275.813021    9213 data_source.cc:99] ... Opened data source "/data/user_de/0/com.google.android.tts/files/superpacks/ja-jp/ja-jp-x-multi-r58/japanese_measure_units_verbalizer_data.pb" of size 23510
01-31 16:07:55.813  3628  9213 I native  : I0000 00:00:1769843275.813323    9213 android_resource_loader.cc:100] Built resource japanese_measure_units_verbalizer
01-31 16:07:55.813  3628  9213 I native  : I0000 00:00:1769843275.813333    9213 android_resource_loader.cc:116] Loaded resource:japanese_measure_units_verbalizer
01-31 16:07:55.813  3628  9213 I native  : I0000 00:00:1769843275.813339    9213 data_source.cc:95] Opening data source "/data/user_de/0/com.google.android.tts/files/superpacks/ja-jp/ja-jp-x-multi-r58/phonemes_table.txt" (as: FILE) ...
01-31 16:07:55.813  3628  9213 I native  : I0000 00:00:1769843275.813381    9213 data_source.cc:99] ... Opened data source "/data/user_de/0/com.google.android.tts/files/superpacks/ja-jp/ja-jp-x-multi-r58/phonemes_table.txt" of size 3513
01-31 16:07:55.813  3628  9213 I native  : I0000 00:00:1769843275.813690    9213 android_resource_loader.cc:100] Built resource japanese_phrase_pronounce_data
01-31 16:07:55.813  3628  9213 I native  : I0000 00:00:1769843275.813696    9213 android_resource_loader.cc:116] Loaded resource:japanese_phrase_pronounce_data
01-31 16:07:55.813  3628  9213 I native  : I0000 00:00:1769843275.813701    9213 data_source.cc:95] Opening data source "/data/user_de/0/com.google.android.tts/files/superpacks/ja-jp/ja-jp-x-multi-r58/ja_pron_aligner_data.bin" (as: MEMORY) ...
01-31 16:07:55.813  3628  9213 I native  : I0000 00:00:1769843275.813726    9213 data_source.cc:99] ... Opened data source "/data/user_de/0/com.google.android.tts/files/superpacks/ja-jp/ja-jp-x-multi-r58/ja_pron_aligner_data.bin" of size 556696
01-31 16:07:55.814  3628  9213 I native  : I0000 00:00:1769843275.814424    9213 android_resource_loader.cc:100] Built resource japanese_reading_to_pron_converter
01-31 16:07:55.814  3628  9213 I native  : I0000 00:00:1769843275.814811    9213 android_resource_loader.cc:116] Loaded resource:japanese_reading_to_pron_converter
01-31 16:07:55.814  3628  9213 I native  : I0000 00:00:1769843275.814821    9213 data_source.cc:95] Opening data source "/data/user_de/0/com.google.android.tts/files/superpacks/ja-jp/ja-jp-x-multi-r58/lucid_collection_android.far" (as: FILE) ...
01-31 16:07:55.814  3628  9213 I native  : I0000 00:00:1769843275.814841    9213 data_source.cc:99] ... Opened data source "/data/user_de/0/com.google.android.tts/files/superpacks/ja-jp/ja-jp-x-multi-r58/lucid_collection_android.far" of size 8927
01-31 16:07:55.815  3628  9213 I native  : I0000 00:00:1769843275.815108    9213 android_resource_loader.cc:100] Built resource lucid_parser_grm_fst
01-31 16:07:55.815  3628  9213 I native  : I0000 00:00:1769843275.815115    9213 android_resource_loader.cc:116] Loaded resource:lucid_parser_grm_fst
01-31 16:07:55.815  3628  9213 I native  : I0000 00:00:1769843275.815122    9213 data_source.cc:95] Opening data source "/data/user_de/0/com.google.android.tts/files/superpacks/ja-jp/ja-jp-x-multi-r58/markup_triggers.pb" (as: FILE) ...
01-31 16:07:55.815  3628  9213 I native  : I0000 00:00:1769843275.815147    9213 data_source.cc:99] ... Opened data source "/data/user_de/0/com.google.android.tts/files/superpacks/ja-jp/ja-jp-x-multi-r58/markup_triggers.pb" of size 930
01-31 16:07:55.815  3628  9213 I native  : I0000 00:00:1769843275.815238    9213 android_resource_loader.cc:100] Built resource markup_triggers
01-31 16:07:55.815  3628  9213 I native  : I0000 00:00:1769843275.815249    9213 android_resource_loader.cc:116] Loaded resource:markup_triggers
01-31 16:07:55.815  3628  9213 I native  : I0000 00:00:1769843275.815256    9213 data_source.cc:95] Opening data source "/data/user_de/0/com.google.android.tts/files/superpacks/ja-jp/ja-jp-x-multi-r58/ja_jp_phonology.pb" (as: FILE) ...
01-31 16:07:55.815  3628  9213 I native  : I0000 00:00:1769843275.815277    9213 data_source.cc:99] ... Opened data source "/data/user_de/0/com.google.android.tts/files/superpacks/ja-jp/ja-jp-x-multi-r58/ja_jp_phonology.pb" of size 697
01-31 16:07:55.815  3628  9213 I native  : I0000 00:00:1769843275.815421    9213 android_resource_loader.cc:100] Built resource phonology
01-31 16:07:55.815  3628  9213 I native  : I0000 00:00:1769843275.815428    9213 android_resource_loader.cc:116] Loaded resource:phonology
01-31 16:07:55.815  3628  9213 I native  : I0000 00:00:1769843275.815436    9213 data_source.cc:95] Opening data source "/data/user_de/0/com.google.android.tts/files/superpacks/ja-jp/ja-jp-x-multi-r58/burdock_model.params.pb" (as: FILE) ...
01-31 16:07:55.815  3628  9213 I native  : I0000 00:00:1769843275.815450    9213 data_source.cc:99] ... Opened data source "/data/user_de/0/com.google.android.tts/files/superpacks/ja-jp/ja-jp-x-multi-r58/burdock_model.params.pb" of size 4744
01-31 16:07:55.815  3628  9213 I native  : I0000 00:00:1769843275.815620    9213 android_resource_loader.cc:100] Built resource lstm_add_specification_resource
01-31 16:07:55.815  3628  9213 I native  : I0000 00:00:1769843275.815626    9213 android_resource_loader.cc:116] Loaded resource:lstm_add_specification_resource
01-31 16:07:55.815  3628  9213 I native  : I0000 00:00:1769843275.815633    9213 data_source.cc:95] Opening data source "/data/user_de/0/com.google.android.tts/files/superpacks/ja-jp/ja-jp-x-multi-r58/chive_model_fused.pb" (as: FILE) ...
01-31 16:07:55.815  3628  9213 I native  : I0000 00:00:1769843275.815654    9213 data_source.cc:99] ... Opened data source "/data/user_de/0/com.google.android.tts/files/superpacks/ja-jp/ja-jp-x-multi-r58/chive_model_fused.pb" of size 1280
01-31 16:07:55.815  3628  9213 I native  : I0000 00:00:1769843275.815735    9213 data_source.cc:95] Opening data source "/data/user_de/0/com.google.android.tts/files/superpacks/ja-jp/ja-jp-x-multi-r58/burdock_valerian_model.tflite" (as: MEMORY) ...
01-31 16:07:55.815  3628  9213 I native  : I0000 00:00:1769843275.815753    9213 data_source.cc:99] ... Opened data source "/data/user_de/0/com.google.android.tts/files/superpacks/ja-jp/ja-jp-x-multi-r58/burdock_valerian_model.tflite" of size 1692096
01-31 16:07:55.818  3628  9213 E tflite  : third_party/tensorflow/lite/core/subgraph.cc:1082 tensor.data.raw != nullptr was not true.
01-31 16:07:55.818  3628  9213 I native  : I0000 00:00:1769843275.818040    9213 chive_inference_resource.cc:234] Creating new CHiVE model [model graph]: 
01-31 16:07:55.818  3628  9213 I native  : I0000 00:00:1769843275.818047    9213 chive_model.cc:179] Creating a single pass CHiVE model
01-31 16:07:55.818  3628  9213 I native  : I0000 00:00:1769843275.818272    9213 android_resource_loader.cc:100] Built resource chive_inference_config
01-31 16:07:55.818  3628  9213 I native  : I0000 00:00:1769843275.818278    9213 android_resource_loader.cc:116] Loaded resource:chive_inference_config
01-31 16:07:55.818  3628  9213 I native  : I0000 00:00:1769843275.818283    9213 data_source.cc:95] Opening data source "/data/user_de/0/com.google.android.tts/files/superpacks/ja-jp/ja-jp-x-multi-r58/regexp_rewrite.pb" (as: FILE) ...
01-31 16:07:55.818  3628  9213 I native  : I0000 00:00:1769843275.818297    9213 data_source.cc:99] ... Opened data source "/data/user_de/0/com.google.android.tts/files/superpacks/ja-jp/ja-jp-x-multi-r58/regexp_rewrite.pb" of size 49093
01-31 16:07:55.818  3628  9213 I native  : I0000 00:00:1769843275.818561    9213 data_source.cc:95] Opening data source "/data/user_de/0/com.google.android.tts/files/superpacks/ja-jp/ja-jp-x-multi-r58/punctuation.pb" (as: FILE) ...
01-31 16:07:55.818  3628  9213 I native  : I0000 00:00:1769843275.818581    9213 data_source.cc:99] ... Opened data source "/data/user_de/0/com.google.android.tts/files/superpacks/ja-jp/ja-jp-x-multi-r58/punctuation.pb" of size 452
01-31 16:07:55.825  3628  9213 I native  : I0000 00:00:1769843275.825152    9213 android_resource_loader.cc:100] Built resource rewrite_algo
01-31 16:07:55.825  3628  9213 I native  : I0000 00:00:1769843275.825180    9213 android_resource_loader.cc:116] Loaded resource:rewrite_algo
01-31 16:07:55.825  3628  9213 I native  : I0000 00:00:1769843275.825192    9213 android_resource_loader.cc:100] Built resource runtime_override
01-31 16:07:55.825  3628  9213 I native  : I0000 00:00:1769843275.825197    9213 android_resource_loader.cc:116] Loaded resource:runtime_override
01-31 16:07:55.825  3628  9213 I native  : I0000 00:00:1769843275.825213    9213 data_source.cc:95] Opening data source "/data/user_de/0/com.google.android.tts/files/superpacks/ja-jp/ja-jp-x-multi-r58/sb_model.bin" (as: MEMORY) ...
01-31 16:07:55.825  3628  9213 I native  : I0000 00:00:1769843275.825268    9213 data_source.cc:99] ... Opened data source "/data/user_de/0/com.google.android.tts/files/superpacks/ja-jp/ja-jp-x-multi-r58/sb_model.bin" of size 43624
01-31 16:07:55.825  3628  9213 I native  : I0000 00:00:1769843275.825589    9213 android_resource_loader.cc:100] Built resource sentence_boundary_model_resource
01-31 16:07:55.825  3628  9213 I native  : I0000 00:00:1769843275.825596    9213 android_resource_loader.cc:116] Loaded resource:sentence_boundary_model_resource
01-31 16:07:55.825  3628  9213 I native  : I0000 00:00:1769843275.825603    9213 data_source.cc:95] Opening data source "/data/user_de/0/com.google.android.tts/files/superpacks/ja-jp/ja-jp-x-multi-r58/textnorm_params_embedded_ja_jp.pb" (as: FILE) ...
01-31 16:07:55.825  3628  9213 I native  : I0000 00:00:1769843275.825632    9213 data_source.cc:99] ... Opened data source "/data/user_de/0/com.google.android.tts/files/superpacks/ja-jp/ja-jp-x-multi-r58/textnorm_params_embedded_ja_jp.pb" of size 185
01-31 16:07:55.825  3628  9213 I native  : I0000 00:00:1769843275.825827    9213 android_resource_loader.cc:100] Built resource textnorm_params
01-31 16:07:55.825  3628  9213 I native  : I0000 00:00:1769843275.825836    9213 android_resource_loader.cc:116] Loaded resource:textnorm_params
01-31 16:07:55.825  3628  9213 I native  : I0000 00:00:1769843275.825848    9213 android_resource_loader.cc:100] Built resource japanese_tokenizer_mecari_algo
01-31 16:07:55.825  3628  9213 I native  : I0000 00:00:1769843275.825853    9213 android_resource_loader.cc:116] Loaded resource:japanese_tokenizer_mecari_algo
01-31 16:07:55.825  3628  9213 I native  : I0000 00:00:1769843275.825859    9213 android_resource_loader.cc:100] Built resource utf8_utils
01-31 16:07:55.825  3628  9213 I native  : I0000 00:00:1769843275.825862    9213 android_resource_loader.cc:116] Loaded resource:utf8_utils
01-31 16:07:55.826  3628  9213 I native  : I0000 00:00:1769843275.826647    9213 android_resource_loader.cc:100] Built resource vocoding_resource
01-31 16:07:55.826  3628  9213 I native  : I0000 00:00:1769843275.826655    9213 android_resource_loader.cc:116] Loaded resource:vocoding_resource
01-31 16:07:55.826  3628  9213 I native  : I0000 00:00:1769843275.826664    9213 voice_params_resource.cc:33] Voice information: MessageLite at 0xb400007d4ce82900
01-31 16:07:55.826  3628  9213 I native  : I0000 00:00:1769843275.826669    9213 android_resource_loader.cc:100] Built resource voice_params
01-31 16:07:55.826  3628  9213 I native  : I0000 00:00:1769843275.826672    9213 android_resource_loader.cc:116] Loaded resource:voice_params
01-31 16:07:55.826  3628  9213 I native  : I0000 00:00:1769843275.826675    9213 local_pipeline_runner.cc:49] Done loading all resources from: {/data/user_de/0/com.google.android.tts/files/superpacks/ja-jp/ja-jp-x-multi-r58}
01-31 16:07:55.827  3628  9213 I ComposerWrapperImpl: Done initializing ja-jp-x-mfk-lstm-embedded
01-31 16:07:55.983   682  1944 I AppSearchIcing: icing-search-engine.cc:2327: Persisting data to disk with mode 3
01-31 16:07:55.993   682  1944 I AppSearchIcing: icing-search-engine.cc:2340: PersistToDisk completed.
01-31 16:07:56.485   682   988 I HalDevMgr: bestIfaceCreationProposal is null, requestIface=STA, existingIface=[name=wlan0 type=STA]
01-31 16:07:57.370   682  3127 E TaskPersister: File error accessing recents directory (directory doesn't exist?).
01-31 16:07:59.494   682   988 I HalDevMgr: bestIfaceCreationProposal is null, requestIface=STA, existingIface=[name=wlan0 type=STA]
01-31 16:08:00.829  1258  1328 D SatelliteController: iisInCarrierRoamingNbIotNtn: satellite is disabled
01-31 16:08:00.830  1258  1328 D SatelliteController: getCarrierRoamingNtnConnectType: Falling back to global carrier config connect type: 0
01-31 16:08:02.497   682   988 I HalDevMgr: bestIfaceCreationProposal is null, requestIface=STA, existingIface=[name=wlan0 type=STA]
01-31 16:08:03.717  9218  9218 W libbinder.BackendUnifiedServiceManager: Thread Pool max thread count is 0. Cannot cache binder as linkToDeath cannot be implemented. serviceName: package
01-31 16:08:03.757   853  7089 I artd    : GetBestInfo: odex next to the dex file (/data/app/~~W62g_JJDeooZ_0khIxqpfQ==/com.google.android.gms-vOVn35nNwBgw1u-Kvus3zQ==/oat/arm64/base.odex) is kOatUpToDate with filter 'speed-profile' executable 'false'
01-31 16:08:03.760   853  7089 I artd    : GetBestInfo: odex next to the dex file (/data/app/~~W62g_JJDeooZ_0khIxqpfQ==/com.google.android.gms-vOVn35nNwBgw1u-Kvus3zQ==/oat/arm64/split_AdsDynamite_installtime.odex) is kOatUpToDate with filter 'speed' executable 'false'
01-31 16:08:03.760   853  7089 I artd    : GetBestInfo: odex next to the dex file (/data/app/~~W62g_JJDeooZ_0khIxqpfQ==/com.google.android.gms-vOVn35nNwBgw1u-Kvus3zQ==/oat/arm64/split_CronetDynamite_installtime.odex) is kOatUpToDate with filter 'speed-profile' executable 'false'
01-31 16:08:03.765   853  7089 I artd    : GetBestInfo: odex next to the dex file (/data/app/~~W62g_JJDeooZ_0khIxqpfQ==/com.google.android.gms-vOVn35nNwBgw1u-Kvus3zQ==/oat/arm64/split_DynamiteLoader_installtime.odex) is kOatUpToDate with filter 'speed' executable 'false'
01-31 16:08:03.770   853  7089 I artd    : GetBestInfo: odex next to the dex file (/data/app/~~W62g_JJDeooZ_0khIxqpfQ==/com.google.android.gms-vOVn35nNwBgw1u-Kvus3zQ==/oat/arm64/split_DynamiteModulesA_installtime.odex) is kOatUpToDate with filter 'speed' executable 'false'
01-31 16:08:03.777   853  7089 I artd    : GetBestInfo: odex next to the dex file (/data/app/~~W62g_JJDeooZ_0khIxqpfQ==/com.google.android.gms-vOVn35nNwBgw1u-Kvus3zQ==/oat/arm64/split_DynamiteModulesC_installtime.odex) is kOatUpToDate with filter 'speed' executable 'false'
01-31 16:08:03.781   853  7089 I artd    : GetBestInfo: odex next to the dex file (/data/app/~~W62g_JJDeooZ_0khIxqpfQ==/com.google.android.gms-vOVn35nNwBgw1u-Kvus3zQ==/oat/arm64/split_GoogleCertificates_installtime.odex) is kOatUpToDate with filter 'speed' executable 'false'
01-31 16:08:03.782   853  7089 I artd    : GetBestInfo: odex next to the dex file (/data/app/~~W62g_JJDeooZ_0khIxqpfQ==/com.google.android.gms-vOVn35nNwBgw1u-Kvus3zQ==/oat/arm64/split_MapsDynamite_installtime.odex) is kOatUpToDate with filter 'speed' executable 'false'
01-31 16:08:03.785   853  7089 I artd    : GetBestInfo: odex next to the dex file (/data/app/~~W62g_JJDeooZ_0khIxqpfQ==/com.google.android.gms-vOVn35nNwBgw1u-Kvus3zQ==/oat/arm64/split_MeasurementDynamite_installtime.odex) is kOatUpToDate with filter 'speed' executable 'false'
01-31 16:08:03.790   853  7089 I artd    : GetBestInfo: odex next to the dex file (/data/app/~~W62g_JJDeooZ_0khIxqpfQ==/com.google.android.gms-vOVn35nNwBgw1u-Kvus3zQ==/oat/arm64/split_all_locale_splits.odex) is kOatUpToDate with filter 'speed' executable 'false'
01-31 16:08:03.792   853  7089 I artd    : GetBestInfo: /data/user_de/0/com.google.android.gms/app_chimera/m/0000000b/dl-Appsearch.optional_253434100400.apk has no usable artifacts
01-31 16:08:03.801   853  7089 I artd    : GetBestInfo: /data/user_de/0/com.google.android.gms/app_chimera/m/00000001/CronetDynamite.apk has no usable artifacts
01-31 16:08:03.801   853  7089 I artd    : GetBestInfo: /data/user_de/0/com.google.android.gms/app_chimera/m/00000002/DynamiteLoader.apk has no usable artifacts
01-31 16:08:03.801   853  7089 I artd    : GetBestInfo: /data/user_de/0/com.google.android.gms/app_chimera/m/00000005/GoogleCertificates.apk has no usable artifacts
01-31 16:08:03.801   853  7089 I artd    : GetBestInfo: /data/user_de/0/com.google.android.gms/app_chimera/m/0000000f/dl-MlkitBarcodeUi.optional_260235100400.apk has no usable artifacts
01-31 16:08:03.802   853  7089 I artd    : GetBestInfo: vdex next to the dex file (/data/user/0/com.google.android.gms/app_dg_cache/2DB167EF440159FF365B49D8B91441B1CFD017F9/oat/arm64/the.vdex) is kOatUpToDate with filter 'verify' executable 'false'
01-31 16:08:03.809   853  7089 I artd    : GetBestInfo: /data/user_de/0/com.google.android.gms/app_chimera/m/0000000a/dl-TfliteDynamiteDynamite.integ_243930802100400.apk has no usable artifacts
01-31 16:08:03.813   853  7089 I artd    : GetBestInfo: /data/user_de/0/com.google.android.gms/app_chimera/m/00000007/MeasurementDynamite.apk has no usable artifacts
01-31 16:08:03.817   853  7089 I artd    : GetBestInfo: /data/user_de/0/com.google.android.gms/app_chimera/m/0000000e/dl-Appsearch.optional_260235100400.apk has no usable artifacts
01-31 16:08:03.885   682   692 I system_server: Background concurrent mark compact GC freed 26MB AllocSpace bytes, 10(308KB) LOS objects, 42% free, 32MB/56MB, paused 385us,773us total 163.871ms
01-31 16:08:03.887  1719  1719 I AiAiTextClassifier: onDestroyTextClassificationSession = TextClassificationSessionId {d4416c1e-e4a2-46f6-b7ee-cfea1d73bbe5}
01-31 16:08:03.889  1719  1719 I AiAiTextClassifier: onDestroyTextClassificationSession = TextClassificationSessionId {7aaf318c-74fb-43fe-a91d-360fadde1bc3}
01-31 16:08:05.506   682   988 I HalDevMgr: bestIfaceCreationProposal is null, requestIface=STA, existingIface=[name=wlan0 type=STA]
01-31 16:08:08.512   682   988 I HalDevMgr: bestIfaceCreationProposal is null, requestIface=STA, existingIface=[name=wlan0 type=STA]
01-31 16:08:10.828  1258  1328 D SatelliteController: iisInCarrierRoamingNbIotNtn: satellite is disabled
01-31 16:08:10.831  1258  1328 D SatelliteController: getCarrierRoamingNtnConnectType: Falling back to global carrier config connect type: 0
01-31 16:08:11.519   682   988 I HalDevMgr: bestIfaceCreationProposal is null, requestIface=STA, existingIface=[name=wlan0 type=STA]
01-31 16:08:13.707  9221  9221 W libbinder.BackendUnifiedServiceManager: Thread Pool max thread count is 0. Cannot cache binder as linkToDeath cannot be implemented. serviceName: package
01-31 16:08:13.743   853  7089 I artd    : GetBestInfo: odex next to the dex file (/data/app/~~W62g_JJDeooZ_0khIxqpfQ==/com.google.android.gms-vOVn35nNwBgw1u-Kvus3zQ==/oat/arm64/base.odex) is kOatUpToDate with filter 'speed-profile' executable 'false'
01-31 16:08:13.745   853  7089 I artd    : GetBestInfo: odex next to the dex file (/data/app/~~W62g_JJDeooZ_0khIxqpfQ==/com.google.android.gms-vOVn35nNwBgw1u-Kvus3zQ==/oat/arm64/split_AdsDynamite_installtime.odex) is kOatUpToDate with filter 'speed' executable 'false'
01-31 16:08:13.746   853  7089 I artd    : GetBestInfo: odex next to the dex file (/data/app/~~W62g_JJDeooZ_0khIxqpfQ==/com.google.android.gms-vOVn35nNwBgw1u-Kvus3zQ==/oat/arm64/split_CronetDynamite_installtime.odex) is kOatUpToDate with filter 'speed-profile' executable 'false'
01-31 16:08:13.746   853  7089 I artd    : GetBestInfo: odex next to the dex file (/data/app/~~W62g_JJDeooZ_0khIxqpfQ==/com.google.android.gms-vOVn35nNwBgw1u-Kvus3zQ==/oat/arm64/split_DynamiteLoader_installtime.odex) is kOatUpToDate with filter 'speed' executable 'false'
01-31 16:08:13.747   853   863 I artd    : GetBestInfo: odex next to the dex file (/data/app/~~W62g_JJDeooZ_0khIxqpfQ==/com.google.android.gms-vOVn35nNwBgw1u-Kvus3zQ==/oat/arm64/split_DynamiteModulesA_installtime.odex) is kOatUpToDate with filter 'speed' executable 'false'
01-31 16:08:13.748   853  7089 I artd    : GetBestInfo: odex next to the dex file (/data/app/~~W62g_JJDeooZ_0khIxqpfQ==/com.google.android.gms-vOVn35nNwBgw1u-Kvus3zQ==/oat/arm64/split_DynamiteModulesC_installtime.odex) is kOatUpToDate with filter 'speed' executable 'false'
01-31 16:08:13.749   853   863 I artd    : GetBestInfo: odex next to the dex file (/data/app/~~W62g_JJDeooZ_0khIxqpfQ==/com.google.android.gms-vOVn35nNwBgw1u-Kvus3zQ==/oat/arm64/split_GoogleCertificates_installtime.odex) is kOatUpToDate with filter 'speed' executable 'false'
01-31 16:08:13.750   853  7089 I artd    : GetBestInfo: odex next to the dex file (/data/app/~~W62g_JJDeooZ_0khIxqpfQ==/com.google.android.gms-vOVn35nNwBgw1u-Kvus3zQ==/oat/arm64/split_MapsDynamite_installtime.odex) is kOatUpToDate with filter 'speed' executable 'false'
01-31 16:08:13.751   853   863 I artd    : GetBestInfo: odex next to the dex file (/data/app/~~W62g_JJDeooZ_0khIxqpfQ==/com.google.android.gms-vOVn35nNwBgw1u-Kvus3zQ==/oat/arm64/split_MeasurementDynamite_installtime.odex) is kOatUpToDate with filter 'speed' executable 'false'
01-31 16:08:13.751   853  7089 I artd    : GetBestInfo: odex next to the dex file (/data/app/~~W62g_JJDeooZ_0khIxqpfQ==/com.google.android.gms-vOVn35nNwBgw1u-Kvus3zQ==/oat/arm64/split_all_locale_splits.odex) is kOatUpToDate with filter 'speed' executable 'false'
01-31 16:08:13.752   853   863 I artd    : GetBestInfo: /data/user_de/0/com.google.android.gms/app_chimera/m/0000000b/dl-Appsearch.optional_253434100400.apk has no usable artifacts
01-31 16:08:13.752   853  7089 I artd    : GetBestInfo: /data/user_de/0/com.google.android.gms/app_chimera/m/00000001/CronetDynamite.apk has no usable artifacts
01-31 16:08:13.752   853  7089 I artd    : GetBestInfo: /data/user_de/0/com.google.android.gms/app_chimera/m/00000002/DynamiteLoader.apk has no usable artifacts
01-31 16:08:13.752   853  7089 I artd    : GetBestInfo: /data/user_de/0/com.google.android.gms/app_chimera/m/00000005/GoogleCertificates.apk has no usable artifacts
01-31 16:08:13.753   853  7089 I artd    : GetBestInfo: /data/user_de/0/com.google.android.gms/app_chimera/m/0000000f/dl-MlkitBarcodeUi.optional_260235100400.apk has no usable artifacts
01-31 16:08:13.754   853   863 I artd    : GetBestInfo: vdex next to the dex file (/data/user/0/com.google.android.gms/app_dg_cache/2DB167EF440159FF365B49D8B91441B1CFD017F9/oat/arm64/the.vdex) is kOatUpToDate with filter 'verify' executable 'false'
01-31 16:08:13.755   853  7089 I artd    : GetBestInfo: /data/user_de/0/com.google.android.gms/app_chimera/m/0000000a/dl-TfliteDynamiteDynamite.integ_243930802100400.apk has no usable artifacts
01-31 16:08:13.755   853   863 I artd    : GetBestInfo: /data/user_de/0/com.google.android.gms/app_chimera/m/00000007/MeasurementDynamite.apk has no usable artifacts
01-31 16:08:13.756   853  7089 I artd    : GetBestInfo: /data/user_de/0/com.google.android.gms/app_chimera/m/0000000e/dl-Appsearch.optional_260235100400.apk has no usable artifacts
01-31 16:08:13.917   682   977 D TelephonyManager: requestModemActivityInfo: Sending result to app: ModemActivityInfo{ mTimestamp=1170667 mSleepTimeMs=126 mIdleTimeMs=42 mActivityStatsTechSpecificInfo=[{mRat=UNKNOWN,mFrequencyRange=UNKNOWN,mTxTimeMs[]=[3, 9, 18, 24, 27],mRxTimeMs=27}]}
01-31 16:08:14.528   682   988 I HalDevMgr: bestIfaceCreationProposal is null, requestIface=STA, existingIface=[name=wlan0 type=STA]
01-31 16:08:17.541   682   988 I HalDevMgr: bestIfaceCreationProposal is null, requestIface=STA, existingIface=[name=wlan0 type=STA]
01-31 16:08:20.548   682   988 I HalDevMgr: bestIfaceCreationProposal is null, requestIface=STA, existingIface=[name=wlan0 type=STA]
01-31 16:08:20.831  1258  1328 D SatelliteController: iisInCarrierRoamingNbIotNtn: satellite is disabled
01-31 16:08:20.832  1258  1328 D SatelliteController: getCarrierRoamingNtnConnectType: Falling back to global carrier config connect type: 0
01-31 16:08:23.555   682   988 I HalDevMgr: bestIfaceCreationProposal is null, requestIface=STA, existingIface=[name=wlan0 type=STA]
01-31 16:08:23.709  9224  9224 W libbinder.BackendUnifiedServiceManager: Thread Pool max thread count is 0. Cannot cache binder as linkToDeath cannot be implemented. serviceName: package
01-31 16:08:23.751   853  7089 I artd    : GetBestInfo: odex next to the dex file (/data/app/~~W62g_JJDeooZ_0khIxqpfQ==/com.google.android.gms-vOVn35nNwBgw1u-Kvus3zQ==/oat/arm64/base.odex) is kOatUpToDate with filter 'speed-profile' executable 'false'
01-31 16:08:23.753   853   863 I artd    : GetBestInfo: odex next to the dex file (/data/app/~~W62g_JJDeooZ_0khIxqpfQ==/com.google.android.gms-vOVn35nNwBgw1u-Kvus3zQ==/oat/arm64/split_AdsDynamite_installtime.odex) is kOatUpToDate with filter 'speed' executable 'false'
01-31 16:08:23.753   853   873 I artd    : GetBestInfo: odex next to the dex file (/data/app/~~W62g_JJDeooZ_0khIxqpfQ==/com.google.android.gms-vOVn35nNwBgw1u-Kvus3zQ==/oat/arm64/split_CronetDynamite_installtime.odex) is kOatUpToDate with filter 'speed-profile' executable 'false'
01-31 16:08:23.754   853   863 I artd    : GetBestInfo: odex next to the dex file (/data/app/~~W62g_JJDeooZ_0khIxqpfQ==/com.google.android.gms-vOVn35nNwBgw1u-Kvus3zQ==/oat/arm64/split_DynamiteLoader_installtime.odex) is kOatUpToDate with filter 'speed' executable 'false'
01-31 16:08:23.755   853   873 I artd    : GetBestInfo: odex next to the dex file (/data/app/~~W62g_JJDeooZ_0khIxqpfQ==/com.google.android.gms-vOVn35nNwBgw1u-Kvus3zQ==/oat/arm64/split_DynamiteModulesA_installtime.odex) is kOatUpToDate with filter 'speed' executable 'false'
01-31 16:08:23.755   853   863 I artd    : GetBestInfo: odex next to the dex file (/data/app/~~W62g_JJDeooZ_0khIxqpfQ==/com.google.android.gms-vOVn35nNwBgw1u-Kvus3zQ==/oat/arm64/split_DynamiteModulesC_installtime.odex) is kOatUpToDate with filter 'speed' executable 'false'
01-31 16:08:23.756   853  7089 I artd    : GetBestInfo: odex next to the dex file (/data/app/~~W62g_JJDeooZ_0khIxqpfQ==/com.google.android.gms-vOVn35nNwBgw1u-Kvus3zQ==/oat/arm64/split_GoogleCertificates_installtime.odex) is kOatUpToDate with filter 'speed' executable 'false'
01-31 16:08:23.757   853   873 I artd    : GetBestInfo: odex next to the dex file (/data/app/~~W62g_JJDeooZ_0khIxqpfQ==/com.google.android.gms-vOVn35nNwBgw1u-Kvus3zQ==/oat/arm64/split_MapsDynamite_installtime.odex) is kOatUpToDate with filter 'speed' executable 'false'
01-31 16:08:23.757   853  7089 I artd    : GetBestInfo: odex next to the dex file (/data/app/~~W62g_JJDeooZ_0khIxqpfQ==/com.google.android.gms-vOVn35nNwBgw1u-Kvus3zQ==/oat/arm64/split_MeasurementDynamite_installtime.odex) is kOatUpToDate with filter 'speed' executable 'false'
01-31 16:08:23.758   853   863 I artd    : GetBestInfo: odex next to the dex file (/data/app/~~W62g_JJDeooZ_0khIxqpfQ==/com.google.android.gms-vOVn35nNwBgw1u-Kvus3zQ==/oat/arm64/split_all_locale_splits.odex) is kOatUpToDate with filter 'speed' executable 'false'
01-31 16:08:23.759   853   873 I artd    : GetBestInfo: /data/user_de/0/com.google.android.gms/app_chimera/m/0000000b/dl-Appsearch.optional_253434100400.apk has no usable artifacts
01-31 16:08:23.759   853  7089 I artd    : GetBestInfo: /data/user_de/0/com.google.android.gms/app_chimera/m/00000001/CronetDynamite.apk has no usable artifacts
01-31 16:08:23.759   853  7089 I artd    : GetBestInfo: /data/user_de/0/com.google.android.gms/app_chimera/m/00000002/DynamiteLoader.apk has no usable artifacts
01-31 16:08:23.759   853  7089 I artd    : GetBestInfo: /data/user_de/0/com.google.android.gms/app_chimera/m/00000005/GoogleCertificates.apk has no usable artifacts
01-31 16:08:23.759   853  7089 I artd    : GetBestInfo: /data/user_de/0/com.google.android.gms/app_chimera/m/0000000f/dl-MlkitBarcodeUi.optional_260235100400.apk has no usable artifacts
01-31 16:08:23.760   853   863 I artd    : GetBestInfo: vdex next to the dex file (/data/user/0/com.google.android.gms/app_dg_cache/2DB167EF440159FF365B49D8B91441B1CFD017F9/oat/arm64/the.vdex) is kOatUpToDate with filter 'verify' executable 'false'
01-31 16:08:23.761   853  7089 I artd    : GetBestInfo: /data/user_de/0/com.google.android.gms/app_chimera/m/0000000a/dl-TfliteDynamiteDynamite.integ_243930802100400.apk has no usable artifacts
01-31 16:08:23.761   853   873 I artd    : GetBestInfo: /data/user_de/0/com.google.android.gms/app_chimera/m/00000007/MeasurementDynamite.apk has no usable artifacts
01-31 16:08:23.762   853  7089 I artd    : GetBestInfo: /data/user_de/0/com.google.android.gms/app_chimera/m/0000000e/dl-Appsearch.optional_260235100400.apk has no usable artifacts
01-31 16:08:26.630   682   988 I HalDevMgr: bestIfaceCreationProposal is null, requestIface=STA, existingIface=[name=wlan0 type=STA]
01-31 16:08:29.645   682   988 I HalDevMgr: bestIfaceCreationProposal is null, requestIface=STA, existingIface=[name=wlan0 type=STA]
01-31 16:08:30.845  1258  1328 D SatelliteController: iisInCarrierRoamingNbIotNtn: satellite is disabled
01-31 16:08:30.848  1258  1328 D SatelliteController: getCarrierRoamingNtnConnectType: Falling back to global carrier config connect type: 0
01-31 16:08:32.654   682   988 I HalDevMgr: bestIfaceCreationProposal is null, requestIface=STA, existingIface=[name=wlan0 type=STA]
01-31 16:08:33.489   682  2133 I AppsFilter: interaction: PackageSetting{202f6cb com.openclaw.assistant/10225} -> PackageSetting{e771ea8 com.google.android.as/10145} BLOCKED
01-31 16:08:33.530   682   977 I SpeechRecognitionManagerServiceImpl: Client 10225 has opened 1 sessions
01-31 16:08:33.532   682  1040 D BackgroundInstallControlService: Package event received: 0
01-31 16:08:33.537   682   682 W ProcessStats: Tracking association SourceState{4e1e47b system/1000 BFgs #10944} whose proc state 4 is better than process ProcessState{e429b0c com.google.android.tts/10165 pkg=com.google.android.tts} proc state 14 (3 skipped)
01-31 16:08:33.562  3628  3628 I RecognitionServiceImpl: RecognitionService#onStartListening
01-31 16:08:33.562  3628  3628 I IntentParsingUtil: #getRequestedLanguageOrSystemDefault
01-31 16:08:33.562  3628  3628 I IntentParsingUtil: Using language specified in RecognizerIntent: ja-JP
01-31 16:08:33.562  3628  3628 W Bundle  : Key android.speech.extras.SPEECH_INPUT_COMPLETE_SILENCE_LENGTH_MILLIS expected Integer but value was a java.lang.Long.  The default value 0 was returned.
01-31 16:08:33.563  3628  3628 W Bundle  : Attempt to cast generated internal exception:
01-31 16:08:33.563  3628  3628 W Bundle  : java.lang.ClassCastException: java.lang.Long cannot be cast to java.lang.Integer
01-31 16:08:33.563  3628  3628 W Bundle  : 	at android.os.BaseBundle.getInt(BaseBundle.java:1341)
01-31 16:08:33.563  3628  3628 W Bundle  : 	at android.content.Intent.getIntExtra(Intent.java:9610)
01-31 16:08:33.563  3628  3628 W Bundle  : 	at gei.b(PG:4)
01-31 16:08:33.563  3628  3628 W Bundle  : 	at gei.a(PG:116)
01-31 16:08:33.563  3628  3628 W Bundle  : 	at com.google.android.apps.speech.tts.googletts.service.GoogleTTSRecognitionService.onStartListening(PG:61)
01-31 16:08:33.563  3628  3628 W Bundle  : 	at android.speech.RecognitionService.dispatchStartListening(RecognitionService.java:153)
01-31 16:08:33.563  3628  3628 W Bundle  : 	at android.speech.RecognitionService.-$$Nest$mdispatchStartListening(Unknown Source:0)
01-31 16:08:33.563  3628  3628 W Bundle  : 	at android.speech.RecognitionService$1.handleMessage(RecognitionService.java:102)
01-31 16:08:33.563  3628  3628 W Bundle  : 	at android.os.Handler.dispatchMessage(Handler.java:132)
01-31 16:08:33.563  3628  3628 W Bundle  : 	at android.os.Looper.dispatchMessage(Looper.java:333)
01-31 16:08:33.563  3628  3628 W Bundle  : 	at android.os.Looper.loopOnce(Looper.java:263)
01-31 16:08:33.563  3628  3628 W Bundle  : 	at android.os.Looper.loop(Looper.java:367)
01-31 16:08:33.563  3628  3628 W Bundle  : 	at android.app.ActivityThread.main(ActivityThread.java:9287)
01-31 16:08:33.563  3628  3628 W Bundle  : 	at java.lang.reflect.Method.invoke(Native Method)
01-31 16:08:33.563  3628  3628 W Bundle  : 	at com.android.internal.os.RuntimeInit$MethodAndArgsCaller.run(RuntimeInit.java:566)
01-31 16:08:33.563  3628  3628 W Bundle  : 	at com.android.internal.os.ZygoteInit.main(ZygoteInit.java:929)
01-31 16:08:33.564  3628  3628 I RecognitionServiceImpl: Create an attribution context to skip platform permission check
01-31 16:08:33.564  3628  3628 I RecognitionServiceImpl: RecognitionService#logStartListening: callingApp: com.openclaw.assistant, locale: ja-JP
01-31 16:08:33.566  3628  3628 I RecognitionClient: #startListening
01-31 16:08:33.566  3628  3628 I ALT.AFClient: #audio# acquire audio focus for client(TNG_TRANSCRIPTION)
01-31 16:08:33.566  3628  3628 I ALT.AFCSessionMgr: #audio# acquire audio focus for client(TNG_TRANSCRIPTION) session(token(3))
01-31 16:08:33.579  3628  3628 I ALT.ARCProvider: #audio# activating audio request client(TNG_TRANSCRIPTION)
01-31 16:08:33.579  3628  3628 I ALT.ClientsRegy: #audio# activating audio client(token(216472711), TNG_TRANSCRIPTION)
01-31 16:08:33.579  3628  3628 I ALT.ClientsRegy: #audio# enforcing concurrency state on a new client(TNG_TRANSCRIPTION, token(216472711))
01-31 16:08:33.579  3628  3628 I ALT.ClientsRegy: #audio# deactivating(DEACTIVATED_NEW_CLIENT) client(token(1695686130), TNG_TRANSCRIPTION)
01-31 16:08:33.580  3628  3628 I ALT.AudioRoutesRegy: #audio# disconnecting(DISCONNECT_REASON_NEW_CLIENT_ACTIVATING) audio route(token(1692235115), BUILTIN_AUDIO_ROUTE) for client(token(1695686130), TNG_TRANSCRIPTION)
01-31 16:08:33.580  3628  3628 I ALT.AudioRoutesRegy: #audio# initializing the default route(244698955) for client(token(216472711), TNG_TRANSCRIPTION)
01-31 16:08:33.580  3628  3628 I ALT.ARClient: #audio# starting listening for audio request client(token(216472711))
01-31 16:08:33.581  3628  3628 I ALT.AudioSessionsRegy: #audio# starting audio session(1941458348) for client(token(216472711), TNG_TRANSCRIPTION)
01-31 16:08:33.581  3628  3628 I ALT.AudioSessionsRegy: #audio# enforcing concurrency state on new audio session of client(token(216472711), TNG_TRANSCRIPTION)
01-31 16:08:33.581  3628  3628 I ALT.AudioSessionsRegy: #audio# audio session(1941458348) OK to start
01-31 16:08:33.582  3628  3628 I ALT.AudioSrcDataRegy: #audio# starting audio source session(1941458348) on route(token(244698955), BUILTIN_AUDIO_ROUTE) for client(token(216472711), TNG_TRANSCRIPTION)
01-31 16:08:33.582  3628  3628 I ALT.AudioSrcDataRegy: #audio# enforcing concurrency state on a new audio source of client(token(216472711), TNG_TRANSCRIPTION)
01-31 16:08:33.582  3628  3628 I FirstByteReadProcessor: #audio# loading processor(epe@a02ae80)
01-31 16:08:33.583  3628  3628 I AudioStartTimeProcessor: #audio# loading processor(epa@8eea8fe)
01-31 16:08:33.583  3628  3628 I ALT.AudioRoutesRegy: #audio# enforcing routes concurrency state on Event.PreStart(route=244698955, session=1941458348) of client(token(216472711), TNG_TRANSCRIPTION)
01-31 16:08:33.583  3628  3675 I ALT.RefManager: #audio# referencing(ref-source@000E2C00000D6B75) to(ref-source@000E2C00000D6B75), (RefOpResult(existing=false, count=1))
01-31 16:08:33.585  3628  3628 I ALT.SessionAudioStore: #audio# skipping session(1941458348) storing process, not enabled
01-31 16:08:33.585  3628  3628 I ALT.AudioRoutesRegy: #audio# update route state on Event.Started(route=244698955) of client(token(216472711), TNG_TRANSCRIPTION)
01-31 16:08:33.586  3628  3628 I ALT.TimeoutTracker: #audio# schedule timeout(token(audio_session_timeout:1941458348), duration(PT5M))
01-31 16:08:33.586   682   977 I MediaFocusControl: requestAudioFocus() from uid/pid 10165/3628 AA=USAGE_MEDIA/CONTENT_TYPE_UNKNOWN clientId=android.media.AudioManager@d79d77aepk@b4f7cb9 callingPack=com.google.android.tts req=4 flags=0x0 sdk=36
01-31 16:08:33.586  3628  3628 I NetworkSpeechRecognizer: Online recognizer - start listening
01-31 16:08:33.593  3628  9237 I ALT.SrcAccessor: #audio# opening audio source(eqt@fe22b75), offset(RelativeOffset(bytes=0))
01-31 16:08:33.593   682   977 I AS.FadeOutManager: unfadeOutUid() uid:10165
01-31 16:08:33.601  3628  9237 I ALT.RouteAwareSource: #audio# delegating source(eqt@fe22b75) opening to(eqk@c2432ac)
01-31 16:08:33.601  3628  9237 I ALT.AudioRecordSource: #audio# open audio source(eqk@c2432ac)
01-31 16:08:33.612  3628  9237 I ALT.AudioRecordFactory: #audio# createAudioRecord
01-31 16:08:33.617  3628  3659 I AppFlowLoggerTransport: AppFlow AUDIO_ROUTE_DISCONNECT is about to be transmitted
01-31 16:08:33.618  3628  3659 I AppFlowLoggerTransport: AppFlow AUDIO_FOCUS_ACQUIRE is about to be transmitted
01-31 16:08:33.618  3628  3966 I ALT.AudioEventsHolder: #audio# audio focus session(token(3)) acquire status(ACQUIRED)
01-31 16:08:33.619  3628  3675 I AudioLibraryAudioContro: Audio focus acquiring status: ACQUIRED
01-31 16:08:33.619  3628  3628 I NetworkSpeechRecognizer: #startSendingS3Requests, multi = false, entrypoint = SERVICE_API
01-31 16:08:33.619  3628  3659 I SodaSpeechRecognizer: Offline recognizer - start listening
01-31 16:08:33.619  3628  3659 I SodaSpeechRecognizer: Initialize Soda [locale: ja-JP], [applicationDomain: AMBIENT_ONESHOT]
01-31 16:08:33.619  3628  3659 I DefaultLPManager: #getAvailablePackages
01-31 16:08:33.619  3628  3659 I for     : #getDownloadableLanguagePacks
01-31 16:08:33.619  3628  3659 I LanguagePackConfigImpl: Loaded languagepack (LP) flag value from latest config asmd_zipfile_medium_default: [en-US3006, de-DE3002, es-ES3000, fr-FR3002, it-IT3000, ja-JP3003, en-AU3003, en-GB3002, en-IE3002, en-SG3001]
01-31 16:08:33.619  3628  3659 W SystemLPSourceImpl: #getAvailablePackages: Note there is not reason to call this method, as getInstalledPackages() returns the same LanguagePacks for this impl.
01-31 16:08:33.620  3628  3659 I DefaultLPManager: #getInstalledPackages
01-31 16:08:33.620  3628  3659 I for     : #getInstalledPackages from MDD
01-31 16:08:33.620  3628  3659 I for     : #GetLanguagePackList
01-31 16:08:33.620  3628  3659 I for     : MDD.getFileGroupsByFilter(langpack-domain_xx-XX_ver_zipfile)
01-31 16:08:33.620  3628  9236 W OggOpusInputStream: Beginning load of ogg_opus_encoder...
01-31 16:08:33.620  3628  9236 W OggOpusInputStream: ogg_opus_encoder (null) was loaded normally!
01-31 16:08:33.622  3628  3675 I SodaLPDirGenerator: Found matching installed packs: 
01-31 16:08:33.622  3628  3675 I DefaultLPManager: #getAvailablePackages
01-31 16:08:33.628  3628  3675 I for     : #getDownloadableLanguagePacks
01-31 16:08:33.628  3628  3675 I LanguagePackConfigImpl: Loaded languagepack (LP) flag value from latest config asmd_zipfile_medium_default: [en-US3006, de-DE3002, es-ES3000, fr-FR3002, it-IT3000, ja-JP3003, en-AU3003, en-GB3002, en-IE3002, en-SG3001]
01-31 16:08:33.630  3628  3675 W SystemLPSourceImpl: #getAvailablePackages: Note there is not reason to call this method, as getInstalledPackages() returns the same LanguagePacks for this impl.
01-31 16:08:33.630  3628  3966 W SodaLPDirGenerator: Returning no LP, as MDD has not downloaded this pack yet.
01-31 16:08:33.630  3628  3675 E SodaSpeechRecognizer: Failed to get language pack of required locale: error 13
01-31 16:08:33.631  3628  9239 I BaseS3HeaderProducer: [RS][S3] triggerApplicationId: com.openclaw.assistant
01-31 16:08:33.646   533  6727 D NativePermissionController: checkPermission: missing 8 for 10165
01-31 16:08:33.646   533  6727 D NativePermissionController: checkPermission: missing 14 for 10165
01-31 16:08:33.648  3628  9239 I BaseS3HeaderProducer: S3Request:
01-31 16:08:33.648  3628  9239 I BaseS3HeaderProducer: # jnv@4102924
01-31 16:08:33.648  3628  9239 I BaseS3HeaderProducer: [293000] {
01-31 16:08:33.648  3628  9239 I BaseS3HeaderProducer: }
01-31 16:08:33.648  3628  9239 I BaseS3HeaderProducer: [293100] {
01-31 16:08:33.648  3628  9239 I BaseS3HeaderProducer: }
01-31 16:08:33.648  3628  9239 I BaseS3HeaderProducer: [294000] {
01-31 16:08:33.648  3628  9239 I BaseS3HeaderProducer: }
01-31 16:08:33.648  3628  9239 I BaseS3HeaderProducer: [294500] {
01-31 16:08:33.648  3628  9239 I BaseS3HeaderProducer: }
01-31 16:08:33.648  3628  9239 I BaseS3HeaderProducer: [29735924] {
01-31 16:08:33.648  3628  9239 I BaseS3HeaderProducer: }
01-31 16:08:33.648  3628  9239 I BaseS3HeaderProducer: [77499489] {
01-31 16:08:33.648  3628  9239 I BaseS3HeaderProducer: }
01-31 16:08:33.669   533  9241 I AudioFlinger: AudioFlinger's thread 0xb400007ac959ca38 tid=9241 ready to run
01-31 16:08:33.710  9242  9242 W libbinder.BackendUnifiedServiceManager: Thread Pool max thread count is 0. Cannot cache binder as linkToDeath cannot be implemented. serviceName: package
01-31 16:08:33.750  3628  9237 I ALT.AudioRecordSource: #audio# create stream of audio record source(identity(eqk@c2432ac), recordId(265))
01-31 16:08:33.779   479   532 E android.hardware.audio@7.1-impl.ranchu: updateSinkMetadata:387 failure: Result::NOT_SUPPORTED
01-31 16:08:33.780  3628  9237 I ALT.AudioStreamReader: #audio# start audio buffering
01-31 16:08:33.781  3628  3966 I exj     : #audio# starting listening client(TNG_TRANSCRIPTION) route(AudioRouteType[name=BUILTIN_AUDIO_ROUTE]) took 196(ms)
01-31 16:08:33.781  3628  3675 I ALT.AudioEventsHolder: #audio# audio request client(token(216472711)) session(token(1941458348)) start listening status(OPENED)
01-31 16:08:33.784  3628  3966 I exj     : #audio# AudioRequestListeningSession start listening status: OPENED
01-31 16:08:33.784  3628  3966 I RecognitionServiceImpl: RecognitionService#onMicrophoneOpened
01-31 16:08:33.784  3628  3966 I MicUpdateReporter: #audio# reportMicUpdate
01-31 16:08:33.788   533  7012 D NativePermissionController: checkPermission: missing 1 for 10165
01-31 16:08:33.788   533  7012 D NativePermissionController: checkPermission: missing 3 for 10165
01-31 16:08:33.788   533  7012 D NativePermissionController: checkPermission: missing 5 for 10165
01-31 16:08:33.788   533  7012 D AudioFlinger: Client defaulted notificationFrames to 2156 for frameCount 4313
01-31 16:08:33.788   533  7012 I AF::PthrPatchRecord: creating track with enforcement level 0
01-31 16:08:33.910  3628  9245 I AudioPlayer: Playing beep com.google.android.tts:raw/open (size 8626 bytes)
01-31 16:08:33.913   682   977 E AppOps  : attributionTag  not declared in manifest of com.google.android.tts
01-31 16:08:33.914   682  2349 E AppOps  : attributionTag  not declared in manifest of com.google.android.tts
01-31 16:08:33.950   479  9246 D android.hardware.audio@7.1-impl.ranchu: TinyalsaSource::read:148 pcm_readi was late delivering frames, inserting 16000 us of silence
01-31 16:08:33.951   533  6727 D NativePermissionController: checkPermission: missing 13 for 10165
01-31 16:08:33.951   533   788 D NativePermissionController: checkPermission: missing 13 for 10165
01-31 16:08:33.952   533  6727 D NativePermissionController: checkPermission: missing 13 for 10165
01-31 16:08:33.952   533   788 D NativePermissionController: checkPermission: missing 13 for 10165
01-31 16:08:33.953   479  9246 D android.hardware.audio@7.1-impl.ranchu: TinyalsaSource::read:148 pcm_readi was late delivering frames, inserting 16000 us of silence
01-31 16:08:33.955  3628  3675 I ALT.StopAwareStartRslt: #audio# result(evn@935cb99) synced first-byte-read
01-31 16:08:33.955  3628  9236 I ALT.ProcFirstByteTime: #audio# mark first byte read result as non-empty, actual(20ms ago)
01-31 16:08:33.957   479  9246 D android.hardware.audio@7.1-impl.ranchu: TinyalsaSource::read:148 pcm_readi was late delivering frames, inserting 16000 us of silence
01-31 16:08:33.962   479  9246 D android.hardware.audio@7.1-impl.ranchu: TinyalsaSource::read:148 pcm_readi was late delivering frames, inserting 16000 us of silence
01-31 16:08:33.968   479  9246 D android.hardware.audio@7.1-impl.ranchu: TinyalsaSource::read:148 pcm_readi was late delivering frames, inserting 16000 us of silence
01-31 16:08:33.971   853  7089 I artd    : GetBestInfo: odex next to the dex file (/data/app/~~W62g_JJDeooZ_0khIxqpfQ==/com.google.android.gms-vOVn35nNwBgw1u-Kvus3zQ==/oat/arm64/base.odex) is kOatUpToDate with filter 'speed-profile' executable 'false'
01-31 16:08:33.972   479  9246 D android.hardware.audio@7.1-impl.ranchu: TinyalsaSource::read:148 pcm_readi was late delivering frames, inserting 16000 us of silence
01-31 16:08:33.980   479  9246 D android.hardware.audio@7.1-impl.ranchu: TinyalsaSource::read:148 pcm_readi was late delivering frames, inserting 16000 us of silence
01-31 16:08:33.982   853  7089 I artd    : GetBestInfo: odex next to the dex file (/data/app/~~W62g_JJDeooZ_0khIxqpfQ==/com.google.android.gms-vOVn35nNwBgw1u-Kvus3zQ==/oat/arm64/split_AdsDynamite_installtime.odex) is kOatUpToDate with filter 'speed' executable 'false'
01-31 16:08:33.985   479  9246 D android.hardware.audio@7.1-impl.ranchu: TinyalsaSource::read:148 pcm_readi was late delivering frames, inserting 16000 us of silence
01-31 16:08:33.987   853  7089 I artd    : GetBestInfo: odex next to the dex file (/data/app/~~W62g_JJDeooZ_0khIxqpfQ==/com.google.android.gms-vOVn35nNwBgw1u-Kvus3zQ==/oat/arm64/split_CronetDynamite_installtime.odex) is kOatUpToDate with filter 'speed-profile' executable 'false'
01-31 16:08:33.988   853  7089 I artd    : GetBestInfo: odex next to the dex file (/data/app/~~W62g_JJDeooZ_0khIxqpfQ==/com.google.android.gms-vOVn35nNwBgw1u-Kvus3zQ==/oat/arm64/split_DynamiteLoader_installtime.odex) is kOatUpToDate with filter 'speed' executable 'false'
01-31 16:08:33.989   479  9246 D android.hardware.audio@7.1-impl.ranchu: TinyalsaSource::read:148 pcm_readi was late delivering frames, inserting 16000 us of silence
01-31 16:08:33.992   479  9246 D android.hardware.audio@7.1-impl.ranchu: TinyalsaSource::read:148 pcm_readi was late delivering frames, inserting 16000 us of silence
01-31 16:08:33.992   853  7089 I artd    : GetBestInfo: odex next to the dex file (/data/app/~~W62g_JJDeooZ_0khIxqpfQ==/com.google.android.gms-vOVn35nNwBgw1u-Kvus3zQ==/oat/arm64/split_DynamiteModulesA_installtime.odex) is kOatUpToDate with filter 'speed' executable 'false'
01-31 16:08:33.993   853  7089 I artd    : GetBestInfo: odex next to the dex file (/data/app/~~W62g_JJDeooZ_0khIxqpfQ==/com.google.android.gms-vOVn35nNwBgw1u-Kvus3zQ==/oat/arm64/split_DynamiteModulesC_installtime.odex) is kOatUpToDate with filter 'speed' executable 'false'
01-31 16:08:33.999   853  7089 I artd    : GetBestInfo: odex next to the dex file (/data/app/~~W62g_JJDeooZ_0khIxqpfQ==/com.google.android.gms-vOVn35nNwBgw1u-Kvus3zQ==/oat/arm64/split_GoogleCertificates_installtime.odex) is kOatUpToDate with filter 'speed' executable 'false'
