01-31 16:08:52.015  1083  1159 V WindowManagerShell: RemoteTransition directly requested for (#82) android.os.BinderProxy@5bb2ede: RemoteTransition { remoteTransition = android.window.IRemoteTransition$Stub$Proxy@1475aea, appThread = android.app.IApplicationThread$Stub$Proxy@41131db, debugName = QuickstepLaunch }
01-31 16:08:52.016  1083  1159 V WindowManagerShell: Transition (#82): request handled by DefaultMixedHandler
01-31 16:08:52.017  1371  1371 D BaseActivity: Launcher flags updated: [state_started|state_window_focused] -[state_resumed|state_deferred_resumed]
01-31 16:08:52.017  1371  1371 W SplitSelectStateCtor: Missing session instanceIds
01-31 16:08:52.017  1371  1371 D StatsLog: LAUNCHER_SPLIT_SELECTION_EXIT_INTERRUPTED
01-31 16:08:52.019  1083  1221 D WindowOnBackDispatcher: setTopOnBackInvokedCallback (unwrapped): android.view.ViewRootImpl$$ExternalSyntheticLambda12@5ff0b8e
01-31 16:08:52.021  1083  1159 D ShellDesktopMode: DesktopRepository: Removes freeform task: taskId=15
01-31 16:08:52.021  1083  1159 W ShellDesktopMode: DesktopRepository: No display id found for task: taskId=15
01-31 16:08:52.027  1083  1159 D WindowManagerShell: setLauncherKeepClearAreaHeight: visible=false, height=495
01-31 16:08:52.033   682  1055 V WindowManager: Defer transition id=82 for TaskFragmentTransaction=android.os.Binder@b01013d
01-31 16:08:52.033   682  1055 V WindowManager: deferTransitionReady deferReadyDepth=1 stack=com.android.server.wm.TransitionController.deferTransitionReady:1061 com.android.server.wm.TaskFragmentOrganizerController$TaskFragmentOrganizerState.dispatchTransaction:517 com.android.server.wm.TaskFragmentOrganizerController.dispatchPendingEvents:1259 com.android.server.wm.TaskFragmentOrganizerController.dispatchPendingEvents:1228 com.android.server.wm.RootWindowContainer.performSurfacePlacement:777 
01-31 16:08:52.033   682  2189 D CoreBackPreview: Window{78026e7 u0 Splash Screen com.openclaw.assistant}: Setting back callback OnBackInvokedCallbackInfo{mCallback=android.window.IOnBackInvokedCallback$Stub$Proxy@ffc4d32, mPriority=0, mIsAnimationCallback=false, mOverrideBehavior=0}
01-31 16:08:52.036  1371  1371 D RecentsView: onTaskDisplayChanged: 16, new displayId = 0
01-31 16:08:52.037  1371  1371 D b/417220811: invalidateLoadedTasks - previous requestLoadId: -1
01-31 16:08:52.038  1371  1371 D b/417220811: invalidateLoadedTasks - previous requestLoadId: -1
01-31 16:08:52.060   682  1040 D BackgroundInstallControlService: Package event received: 0
01-31 16:08:52.061   563   563 W libbinder.IPCThreadState: Sending oneway calls to frozen process.
01-31 16:08:52.061   563   563 W libbinder.IPCThreadState: Sending oneway calls to frozen process.
01-31 16:08:52.143   471   471 D Zygote  : Forked child process 9285
01-31 16:08:52.165   682   719 W ActivityManager: Slow operation: 151ms so far, now at startProcess: returned from zygote!
01-31 16:08:52.171   682   719 W ActivityManager: Slow operation: 157ms so far, now at startProcess: done updating battery stats
01-31 16:08:52.171   682   719 W ActivityManager: Slow operation: 157ms so far, now at startProcess: building log message
01-31 16:08:52.171   682   719 I ActivityManager: Start proc 9285:com.openclaw.assistant/u0a225 for next-top-activity {com.openclaw.assistant/com.openclaw.assistant.MainActivity}
01-31 16:08:52.171   682   719 W ActivityManager: Slow operation: 157ms so far, now at startProcess: starting to update pids map
01-31 16:08:52.172  9285  9285 I Zygote  : Process 9285 created for com.openclaw.assistant
01-31 16:08:52.173  1371  1371 D BaseActivity: Launcher flags updated: [state_started] -[state_window_focused]
01-31 16:08:52.173  9285  9285 I nclaw.assistant: Late-enabling -Xcheck:jni
01-31 16:08:52.185   682  1241 V WindowManager: Continue transition id=82 for TaskFragmentTransaction=android.os.Binder@b01013d
01-31 16:08:52.185   682  1241 V WindowManager: continueTransitionReady deferReadyDepth=0 stack=com.android.server.wm.TransitionController.continueTransitionReady:1071 com.android.server.wm.TaskFragmentOrganizerController$TaskFragmentOrganizerState.onTransactionFinished:546 com.android.server.wm.TaskFragmentOrganizerController.onTransactionHandled:740 android.window.ITaskFragmentOrganizerController$Stub.onTransact:225 android.os.Binder.execTransactInternal:1473 
01-31 16:08:52.185   682   719 W ActivityManager: Slow operation: 171ms so far, now at startProcess: done updating pids map
01-31 16:08:52.278  9285  9285 I nclaw.assistant: Using CollectorTypeCMC GC.
01-31 16:08:52.290  1418  1438 I adbd    : jdwp connection from 9285
01-31 16:08:52.316  1371  1371 D b/417220811: invalidateLoadedTasks - previous requestLoadId: -1
01-31 16:08:52.317   682   708 V WindowManager: Sent Transition (#82) createdAt=01-31 16:08:51.985 via request=TransitionRequestInfo { type = OPEN, triggerTask = TaskInfo{userId=0 taskId=16 effectiveUid=10225 displayId=0 isRunning=true baseIntent=Intent { act=android.intent.action.MAIN cat=[android.intent.category.LAUNCHER] flg=0x10200000 cmp=com.openclaw.assistant/.MainActivity } baseActivity=ComponentInfo{com.openclaw.assistant/com.openclaw.assistant.MainActivity} topActivity=ComponentInfo{com.openclaw.assistant/com.openclaw.assistant.MainActivity} origActivity=null realActivity=ComponentInfo{com.openclaw.assistant/com.openclaw.assistant.MainActivity} numActivities=1 lastActiveTime=1208740 supportsMultiWindow=true resizeMode=1 isResizeable=true minWidth=-1 minHeight=-1 defaultMinSize=220 token=WCT{RemoteToken{b9e0a7e Task{10afcda #16 type=standard A=10225:com.openclaw.assistant}}} topActivityType=1 pictureInPictureParams=null shouldDockBigOverlays=false launchIntoPipHostTaskId=-1 lastParentTaskIdBeforePip=-1 displayCutoutSafeInsets=Rect(0, 0 - 0, 0) topActivityInfo=ActivityInfo{4f10bdf com.openclaw.assistant.MainActivity} launchCookies=[android.os.BinderProxy@9ba302c] positionInParent=Point(0, 0) parentTaskId=-1 isFocused=false isVisible=false isVisibleRequested=false isTopActivityNoDisplay=false isSleeping=false locusId=null displayAreaFeatureId=1 isTopActivityTransparent=false isActivityStackTransparent=false lastNonFullscreenBounds=null capturedLink=null capturedLinkTimestamp=0 requestedVisibleTypes=503 topActivityRequestOpenInBrowserEducationTimestamp=0 appCompatTaskInfo=AppCompatTaskInfo { topActivityInSizeCompat=false isLeafTask= true eligibleForLetterboxEducation= false isLetterboxEducationEnabled= true isLetterboxDoubleTapEnabled= false eligibleForUserAspectRatioButton= false topActivityBoundsLetterboxed= false isFromLetterboxDoubleTap= false topActivityLetterboxVerticalPosition= -1 topActivityLetterboxHorizontalPosition= -1 topActivityLetterboxWidth=-1 topActivityLetterboxHeight=-1 topActivityAppBounds=Rect(0, 0 - 1080, 2337) isUserFullscreenOverrideEnabled=false isSystemFullscreenOverrideEnabled=false hasMinAspectRatioOverride=false topActivityLetterboxBounds=null cameraCompatTaskInfo=CameraCompatTaskInfo { cameraCompatMode=undefinedundefined} topNonResizableActivityAspectRatio=-1.0} topActivityMainWindowFrame=null isAppBubble=false}, pipChange = null, remoteTransition = RemoteTransition { remoteTransition = android.window.IRemoteTransition$Stub$Proxy@cfc1af5, appThread = android.app.IApplicationThread$Stub$Proxy@60c508a, debugName = QuickstepLaunch }, displayChange = null, requestedLocation = null, userChange = null, windowingLayerChange = null, flags = 0, debugId = 82 }
01-31 16:08:52.317   682   708 V WindowManager:     startWCT=WindowContainerTransaction { changes= {} hops= [] errorCallbackToken=null taskFragmentOrganizer=null }
01-31 16:08:52.317   682   708 V WindowManager:     info={id=82 t=OPEN f=0x0 trk=0 r=[0@Point(0, 0)] c=[
01-31 16:08:52.317   682   708 V WindowManager:         {WCT{RemoteToken{b9e0a7e Task{10afcda #16 type=standard A=10225:com.openclaw.assistant}}} m=OPEN f=NONE leash=Surface(name=Task=16#791)/@0x66bd400 sb=Rect(0, 0 - 1080, 2400) eb=Rect(0, 0 - 1080, 2400) epz=Point(1080, 2400) d=0 taskParent=-1 winMode=1 userId=0},
01-31 16:08:52.317   682   708 V WindowManager:         {WCT{RemoteToken{f9cb235 Task{afee4a5 #1 type=home}}} m=TO_BACK f=SHOW_WALLPAPER leash=Surface(name=Task=1#44)/@0x58ef16d sb=Rect(0, 0 - 1080, 2400) eb=Rect(0, 0 - 1080, 2400) epz=Point(1080, 2400) d=0 taskParent=-1 winMode=1 userId=0},
01-31 16:08:52.317   682   708 V WindowManager:         {m=TO_BACK f=IS_WALLPAPER leash=Surface(name=WallpaperWindowToken{50dd5e7}#61)/@0xadcaf97 sb=Rect(0, 0 - 1080, 2400) eb=Rect(0, 0 - 1080, 2400) epz=Point(1080, 2400) d=0}
01-31 16:08:52.317   682   708 V WindowManager:     ]}
01-31 16:08:52.319  1083  1414 V WindowManagerShell: onTransitionReady(transaction=2929167701933)
01-31 16:08:52.332  1083  1159 V ShellTaskOrganizer: Task appeared taskId=16 listener=FullscreenTaskListener
01-31 16:08:52.333  1083  1159 V ShellTaskOrganizer: Fullscreen Task Appeared: #16
01-31 16:08:52.333  1371  1371 D b/417220811: invalidateLoadedTasks - previous requestLoadId: -1
01-31 16:08:52.333  1083  1159 V WindowManagerShell: onTransitionReady (#82) android.os.BinderProxy@5bb2ede: {id=82 t=OPEN f=0x0 trk=0 r=[0@Point(0, 0)] c=[
01-31 16:08:52.333  1083  1159 V WindowManagerShell:         {m=OPEN f=NONE leash=Surface(name=Task=16#791)/@0xbcda6c1 sb=Rect(0, 0 - 1080, 2400) eb=Rect(0, 0 - 1080, 2400) epz=Point(1080, 2400) d=0 taskParent=-1 winMode=1 userId=0},
01-31 16:08:52.333  1083  1159 V WindowManagerShell:         {m=TO_BACK f=SHOW_WALLPAPER leash=Surface(name=Task=1#44)/@0x9a4fe66 sb=Rect(0, 0 - 1080, 2400) eb=Rect(0, 0 - 1080, 2400) epz=Point(1080, 2400) d=0 taskParent=-1 winMode=1 userId=0},
01-31 16:08:52.333  1083  1159 V WindowManagerShell:         {m=TO_BACK f=IS_WALLPAPER leash=Surface(name=WallpaperWindowToken{50dd5e7}#61)/@0x9a795a7 sb=Rect(0, 0 - 1080, 2400) eb=Rect(0, 0 - 1080, 2400) epz=Point(1080, 2400) d=0}
01-31 16:08:52.333  1083  1159 V WindowManagerShell:     ]}
01-31 16:08:52.336  1083  1159 V WindowManagerShell: Playing animation for (#82) android.os.BinderProxy@5bb2ede@0
01-31 16:08:52.338  1083  1159 V WindowManagerShell:  try firstHandler com.android.wm.shell.transition.DefaultMixedHandler@c240c6f
01-31 16:08:52.338  1083  1159 V WindowManagerShell: Mixed transition for opening an intent with a remote transition and PIP or Desktop #82
01-31 16:08:52.338  1083  1159 V WindowManagerShell: tryAnimateOpenIntentWithRemoteAndPipOrDesktop
01-31 16:08:52.338  1083  1159 V WindowManagerShell:  Delegate animation for (#82) to RemoteTransition { remoteTransition = android.window.IRemoteTransition$Stub$Proxy@1475aea, appThread = android.app.IApplicationThread$Stub$Proxy@41131db, debugName = QuickstepLaunch }
01-31 16:08:52.339  1083  1159 V WindowManagerShell:  animated by firstHandler
01-31 16:08:52.343  1371  1371 D LauncherStateManager: StateManager.cancelAnimation: animation ongoing: false, partial trace:
01-31 16:08:52.343  1371  1371 D LauncherStateManager: 	at com.android.launcher3.statemanager.StateManager.setCurrentAnimation(go/retraceme f3a19d912c87c27267cfbc05ba0bc7b202ab72a6648bd76225f5f7e128d94583:18)
01-31 16:08:52.343  1371  1371 D LauncherStateManager: 	at com.android.launcher3.QuickstepTransitionManager$AppLaunchAnimationRunner.onAnimationStart(go/retraceme f3a19d912c87c27267cfbc05ba0bc7b202ab72a6648bd76225f5f7e128d94583:430)
01-31 16:08:52.343  1371  1371 D LauncherStateManager: 	at com.android.launcher3.LauncherAnimationRunner$$ExternalSyntheticLambda2.run(go/retraceme f3a19d912c87c27267cfbc05ba0bc7b202ab72a6648bd76225f5f7e128d94583:72)
01-31 16:08:52.364  9285  9285 D nativeloader: Load libframework-connectivity-tiramisu-jni.so using APEX ns com_android_tethering for caller /apex/com.android.tethering/javalib/framework-connectivity-t.jar: ok
01-31 16:08:52.382   682  1040 D BackgroundInstallControlService: Package event received: 0
01-31 16:08:52.402  9285  9285 D CompatChangeReporter: Compat change id reported: 242716250; UID 10225; state: ENABLED
01-31 16:08:52.864  1083  3967 V WindowManagerShell: Received remote transition finished callback for (#82)
01-31 16:08:52.864  1083  1159 V WindowManagerShell: Transition animation finished (aborted=false), notifying core (#82) android.os.BinderProxy@5bb2ede@0
01-31 16:08:52.865   682   708 V WindowManager: Finish Transition (#82): created at 01-31 16:08:51.985 collect-started=0.042ms request-sent=3.923ms started=30.226ms ready=316.271ms sent=321.135ms commit=35.795ms finished=879.131ms
01-31 16:08:52.865  1371  1371 D VRI[NexusLauncherActivity]: visibilityChanged oldVisibility=true newVisibility=false
01-31 16:08:52.866  1083  1159 V WindowManagerShell: Track 0 became idle
01-31 16:08:52.866  1083  1159 V WindowManagerShell: All active transition animations finished
01-31 16:08:52.868  1083  1333 D WallpaperService: onVisibilityChanged(false): com.android.systemui.wallpapers.ImageWallpaper$CanvasEngine@9ba9b8d
01-31 16:08:52.889  1371  1371 D NexusLauncherModelDelegate: notifySmartspaceEvent: SmartspaceTargetEvent{mSmartspaceTarget=null, mSmartspaceActionId='null', mEventType=7}
01-31 16:08:52.911  1083  1159 D Bubbles : onLocusVisibilityChanged=Overview|DISABLED visible=false taskId=1
01-31 16:08:52.983  9285  9285 D nativeloader: Configuring clns-9 for other apk /data/app/~~_sIGcMJKjwSMX8vv5vmNwQ==/com.openclaw.assistant-_HUAtjW4KSpSVimqONmotw==/base.apk. target_sdk_version=34, uses_libraries=, library_path=/data/app/~~_sIGcMJKjwSMX8vv5vmNwQ==/com.openclaw.assistant-_HUAtjW4KSpSVimqONmotw==/lib/arm64:/data/app/~~_sIGcMJKjwSMX8vv5vmNwQ==/com.openclaw.assistant-_HUAtjW4KSpSVimqONmotw==/base.apk!/lib/arm64-v8a, permitted_path=/data:/mnt/expand:/data/user/0/com.openclaw.assistant
01-31 16:08:52.987  9285  9285 V GraphicsEnvironment: Currently set values for:
01-31 16:08:52.987  9285  9285 V GraphicsEnvironment:   angle_gl_driver_selection_pkgs=[]
01-31 16:08:52.987  9285  9285 V GraphicsEnvironment:   angle_gl_driver_selection_values=[]
01-31 16:08:52.987  9285  9285 V GraphicsEnvironment: com.openclaw.assistant is not listed in per-application setting
01-31 16:08:52.987  9285  9285 V GraphicsEnvironment: ANGLE allowlist from config: com.dreamgames.royalmatch com.dts.freefiremax com.dxx.firenow com.gramgames.mergedragons com.ludo.king com.mojang.minecraftpe com.my.defense com.nintendo.zaka com.os.airforce com.playrix.fishdomdd.gplay io.teslatech.callbreak jp.konami.prospia net.peakgames.toonblast
01-31 16:08:52.987  9285  9285 V GraphicsEnvironment: No special selections for ANGLE, returning default driver choice
01-31 16:08:52.987  9285  9285 V GraphicsEnvironment: Neither updatable production driver nor prerelease driver is supported.
01-31 16:08:52.996   682  2349 I AppsFilter: interaction: PackageSetting{202f6cb com.openclaw.assistant/10225} -> PackageSetting{ca00f2e com.google.android.apps.nexuslauncher/10191} BLOCKED
01-31 16:08:52.998   682  1040 D BackgroundInstallControlService: Package event received: 0
01-31 16:08:52.998   682  1040 D BackgroundInstallControlService: Package event received: 0
01-31 16:08:53.000  9285  9300 I DisplayManager: Choreographer implicitly registered for the refresh rate.
01-31 16:08:53.009  9285  9285 D DesktopExperienceFlags: Toggle override initialized to: false
01-31 16:08:53.015  9285  9285 E ashmem  : Pinning is deprecated since Android Q. Please use trim or other methods.
01-31 16:08:53.080  9285  9300 I GFXSTREAM: [eglDisplay.cpp(297)] Opening libGLESv1_CM_emulation.so
01-31 16:08:53.080  9285  9300 I GFXSTREAM: [eglDisplay.cpp(297)] Opening libGLESv2_emulation.so
01-31 16:08:53.085  9285  9285 D DesktopModeFlags: Toggle override initialized to: OVERRIDE_UNSET
01-31 16:08:53.095  9285  9300 W HWUI    : Failed to choose config with EGL_SWAP_BEHAVIOR_PRESERVED, retrying without...
01-31 16:08:53.096  9285  9300 W HWUI    : Failed to initialize 101010-2 format, error = EGL_SUCCESS
01-31 16:08:53.113  9285  9285 W HWUI    : Unknown dataspace 0
01-31 16:08:53.193  9285  9285 D VRI[MainActivity]: WindowInsets changed: 1080x2400 statusBars:[0,63,0,0] navigationBars:[0,0,0,63] mandatorySystemGestures:[0,63,0,84] 
01-31 16:08:53.194  9285  9285 D WindowOnBackDispatcher: setTopOnBackInvokedCallback (unwrapped): android.view.ViewRootImpl$$ExternalSyntheticLambda12@cf76516
01-31 16:08:53.194   682  1241 D CoreBackPreview: Window{5115260 u0 com.openclaw.assistant/com.openclaw.assistant.MainActivity}: Setting back callback OnBackInvokedCallbackInfo{mCallback=android.window.IOnBackInvokedCallback$Stub$Proxy@2a9348c, mPriority=0, mIsAnimationCallback=false, mOverrideBehavior=0}
01-31 16:08:53.252  9285  9285 I HWUI    : Using FreeType backend (prop=Auto)
01-31 16:08:53.271  9285  9285 W nclaw.assistant: Method boolean androidx.compose.runtime.snapshots.SnapshotStateList.conditionalUpdate(boolean, kotlin.jvm.functions.Function1) failed lock verification and will run slower.
01-31 16:08:53.271  9285  9285 W nclaw.assistant: Common causes for lock verification issues are non-optimized dex code
01-31 16:08:53.271  9285  9285 W nclaw.assistant: and incorrect proguard optimizations.
01-31 16:08:53.271  9285  9285 W nclaw.assistant: Method boolean androidx.compose.runtime.snapshots.SnapshotStateList.conditionalUpdate$default(androidx.compose.runtime.snapshots.SnapshotStateList, boolean, kotlin.jvm.functions.Function1, int, java.lang.Object) failed lock verification and will run slower.
01-31 16:08:53.271  9285  9285 W nclaw.assistant: Method java.lang.Object androidx.compose.runtime.snapshots.SnapshotStateList.mutate(kotlin.jvm.functions.Function1) failed lock verification and will run slower.
01-31 16:08:53.271  9285  9285 W nclaw.assistant: Method void androidx.compose.runtime.snapshots.SnapshotStateList.update(boolean, kotlin.jvm.functions.Function1) failed lock verification and will run slower.
01-31 16:08:53.271  9285  9285 W nclaw.assistant: Method void androidx.compose.runtime.snapshots.SnapshotStateList.update$default(androidx.compose.runtime.snapshots.SnapshotStateList, boolean, kotlin.jvm.functions.Function1, int, java.lang.Object) failed lock verification and will run slower.
01-31 16:08:53.419   682   708 I ActivityTaskManager: Displayed com.openclaw.assistant/.MainActivity for user 0: +1s449ms
01-31 16:08:53.437  1371  1371 D BaseActivity: Launcher flags updated: [] -[state_started]
01-31 16:08:53.437  1371  1371 D BaseDepthController: setSurface:
01-31 16:08:53.437  1371  1371 D BaseDepthController: 	mWaitingOnSurfaceValidity: false
01-31 16:08:53.437  1371  1371 D BaseDepthController: 	mBaseSurface: null
01-31 16:08:53.437  1371  1371 D BaseDepthController: mSurface is null and mCurrentBlur is: 79
01-31 16:08:53.437  1371  1371 D ActivityContext: hideKeyboard
01-31 16:08:53.437  1371  1371 D ActivityContext: isImeShown: false
01-31 16:08:53.437  1371  1371 D StatsLog: LAUNCHER_ONSTOP
01-31 16:08:53.438  1371  1371 D StatsLog: LAUNCHER_GOOGLE_SEARCH_RESTORE_LIST_SIZE_AFTER_ACTIVITY_RESTART
01-31 16:08:53.450   682   833 I ImeTracker: com.openclaw.assistant:8f2fdd0d: onRequestHide at ORIGIN_SERVER reason HIDE_UNSPECIFIED_WINDOW fromUser false
01-31 16:08:53.451  9285  9285 D InsetsController: hide(ime())
01-31 16:08:53.451   682  1040 D BackgroundInstallControlService: Package event received: 0
01-31 16:08:53.451  9285  9285 I ImeTracker: com.openclaw.assistant:8f2fdd0d: onCancelled at PHASE_CLIENT_ALREADY_HIDDEN
01-31 16:08:53.465  6028  6028 I GoogleInputMethodService: GoogleInputMethodService.onFinishInput():2057 
01-31 16:08:53.472  6028  6028 I Module  : DeviceLockedStatusModuleProvider$Module.updateDeviceLockedStatus():100 repeatCheckTimes = 0, locked = false
01-31 16:08:53.473  6028  6028 I GoogleInputMethodService: GoogleInputMethodService.onStartInput():1318 onStartInput(EditorInfo{EditorInfo{packageName=com.openclaw.assistant, inputType=0, inputTypeString=NULL, enableLearning=false, autoCorrection=false, autoComplete=false, imeOptions=0, privateImeOptions=null, actionName=UNSPECIFIED, actionLabel=null, initialSelStart=-1, initialSelEnd=-1, initialCapsMode=0, label=null, fieldId=0, fieldName=null, extras=null, hintText=null, hintLocales=[]}}, false)
01-31 16:08:53.476   682  1241 I ImeTracker: system_server:6997f64c: onRequestHide at ORIGIN_SERVER reason IME_REQUESTED_CHANGED_LISTENER fromUser false
01-31 16:08:53.477  6028  6028 I Module  : DeviceLockedStatusModuleProvider$Module.updateDeviceLockedStatus():100 repeatCheckTimes = 1, locked = false
01-31 16:08:53.481   682  1055 W PackageConfigPersister: App-specific configuration not found for packageName: com.openclaw.assistant and userId: 0
01-31 16:08:53.483   682   711 I ImeTracker: system_server:6997f64c: onCancelled at PHASE_SERVER_SHOULD_HIDE
01-31 16:08:53.528  1371  1378 W System  : A resource failed to call release. 
01-31 16:08:53.528  1371  1378 W System  : A resource failed to call release. 
01-31 16:08:53.528  1371  1378 W System  : A resource failed to call release. 
01-31 16:08:53.615  6909  7275 I FontLog : (REDACTED) Received query %s, URI %s
01-31 16:08:53.619  6909  7275 I FontLog : (REDACTED) Query [%s] resolved to %s
01-31 16:08:53.636  6909  7275 I FontLog : (REDACTED) Fetch %s end status %s
01-31 16:08:53.640  6909  7275 I FontLog : (REDACTED) Pulling font file for id = %d, cache size = %d
01-31 16:08:53.651  6909  7275 I FontLog : (REDACTED) Pulling font file for id = %d, cache size = %d
01-31 16:08:53.707   682   988 I HalDevMgr: bestIfaceCreationProposal is null, requestIface=STA, existingIface=[name=wlan0 type=STA]
01-31 16:08:53.721  9312  9312 W libbinder.BackendUnifiedServiceManager: Thread Pool max thread count is 0. Cannot cache binder as linkToDeath cannot be implemented. serviceName: package
01-31 16:08:53.795  1083  1221 D WindowOnBackDispatcher: setTopOnBackInvokedCallback (unwrapped): null
01-31 16:08:53.796   682  2189 D CoreBackPreview: Window{78026e7 u0 Splash Screen com.openclaw.assistant EXITING}: Setting back callback null
01-31 16:08:53.797   563  8615 W libbinder.IPCThreadState: Sending oneway calls to frozen process.
01-31 16:08:53.797   563  8615 W libbinder.IPCThreadState: Sending oneway calls to frozen process.
01-31 16:08:53.811   853   863 I artd    : GetBestInfo: odex next to the dex file (/data/app/~~W62g_JJDeooZ_0khIxqpfQ==/com.google.android.gms-vOVn35nNwBgw1u-Kvus3zQ==/oat/arm64/base.odex) is kOatUpToDate with filter 'speed-profile' executable 'false'
01-31 16:08:53.814   853   873 I artd    : GetBestInfo: odex next to the dex file (/data/app/~~W62g_JJDeooZ_0khIxqpfQ==/com.google.android.gms-vOVn35nNwBgw1u-Kvus3zQ==/oat/arm64/split_AdsDynamite_installtime.odex) is kOatUpToDate with filter 'speed' executable 'false'
01-31 16:08:53.826   853   873 I artd    : GetBestInfo: odex next to the dex file (/data/app/~~W62g_JJDeooZ_0khIxqpfQ==/com.google.android.gms-vOVn35nNwBgw1u-Kvus3zQ==/oat/arm64/split_CronetDynamite_installtime.odex) is kOatUpToDate with filter 'speed-profile' executable 'false'
01-31 16:08:53.827   853   873 I artd    : GetBestInfo: odex next to the dex file (/data/app/~~W62g_JJDeooZ_0khIxqpfQ==/com.google.android.gms-vOVn35nNwBgw1u-Kvus3zQ==/oat/arm64/split_DynamiteLoader_installtime.odex) is kOatUpToDate with filter 'speed' executable 'false'
01-31 16:08:53.829   853   863 I artd    : GetBestInfo: odex next to the dex file (/data/app/~~W62g_JJDeooZ_0khIxqpfQ==/com.google.android.gms-vOVn35nNwBgw1u-Kvus3zQ==/oat/arm64/split_DynamiteModulesA_installtime.odex) is kOatUpToDate with filter 'speed' executable 'false'
01-31 16:08:53.832   853   863 I artd    : GetBestInfo: odex next to the dex file (/data/app/~~W62g_JJDeooZ_0khIxqpfQ==/com.google.android.gms-vOVn35nNwBgw1u-Kvus3zQ==/oat/arm64/split_DynamiteModulesC_installtime.odex) is kOatUpToDate with filter 'speed' executable 'false'
01-31 16:08:53.834   853   873 I artd    : GetBestInfo: odex next to the dex file (/data/app/~~W62g_JJDeooZ_0khIxqpfQ==/com.google.android.gms-vOVn35nNwBgw1u-Kvus3zQ==/oat/arm64/split_GoogleCertificates_installtime.odex) is kOatUpToDate with filter 'speed' executable 'false'
01-31 16:08:53.839   853   873 I artd    : GetBestInfo: odex next to the dex file (/data/app/~~W62g_JJDeooZ_0khIxqpfQ==/com.google.android.gms-vOVn35nNwBgw1u-Kvus3zQ==/oat/arm64/split_MapsDynamite_installtime.odex) is kOatUpToDate with filter 'speed' executable 'false'
01-31 16:08:53.840   853   873 I artd    : GetBestInfo: odex next to the dex file (/data/app/~~W62g_JJDeooZ_0khIxqpfQ==/com.google.android.gms-vOVn35nNwBgw1u-Kvus3zQ==/oat/arm64/split_MeasurementDynamite_installtime.odex) is kOatUpToDate with filter 'speed' executable 'false'
01-31 16:08:53.849   853   863 I artd    : GetBestInfo: odex next to the dex file (/data/app/~~W62g_JJDeooZ_0khIxqpfQ==/com.google.android.gms-vOVn35nNwBgw1u-Kvus3zQ==/oat/arm64/split_all_locale_splits.odex) is kOatUpToDate with filter 'speed' executable 'false'
01-31 16:08:53.851   853   873 I artd    : GetBestInfo: /data/user_de/0/com.google.android.gms/app_chimera/m/0000000b/dl-Appsearch.optional_253434100400.apk has no usable artifacts
01-31 16:08:53.851   853   863 I artd    : GetBestInfo: /data/user_de/0/com.google.android.gms/app_chimera/m/00000001/CronetDynamite.apk has no usable artifacts
01-31 16:08:53.851   853   863 I artd    : GetBestInfo: /data/user_de/0/com.google.android.gms/app_chimera/m/00000002/DynamiteLoader.apk has no usable artifacts
01-31 16:08:53.851   853   863 I artd    : GetBestInfo: /data/user_de/0/com.google.android.gms/app_chimera/m/00000005/GoogleCertificates.apk has no usable artifacts
01-31 16:08:53.852   853   863 I artd    : GetBestInfo: /data/user_de/0/com.google.android.gms/app_chimera/m/0000000f/dl-MlkitBarcodeUi.optional_260235100400.apk has no usable artifacts
01-31 16:08:53.853   853  7089 I artd    : GetBestInfo: vdex next to the dex file (/data/user/0/com.google.android.gms/app_dg_cache/2DB167EF440159FF365B49D8B91441B1CFD017F9/oat/arm64/the.vdex) is kOatUpToDate with filter 'verify' executable 'false'
01-31 16:08:53.860   853  7089 I artd    : GetBestInfo: /data/user_de/0/com.google.android.gms/app_chimera/m/0000000a/dl-TfliteDynamiteDynamite.integ_243930802100400.apk has no usable artifacts
01-31 16:08:53.861   853   873 I artd    : GetBestInfo: /data/user_de/0/com.google.android.gms/app_chimera/m/00000007/MeasurementDynamite.apk has no usable artifacts
01-31 16:08:53.865   853   873 I artd    : GetBestInfo: /data/user_de/0/com.google.android.gms/app_chimera/m/0000000e/dl-Appsearch.optional_260235100400.apk has no usable artifacts
01-31 16:08:54.292  1083  1092 W System  : A resource failed to call release. 
01-31 16:08:54.292  1083  1092 W System  : A resource failed to call release. 
01-31 16:08:54.292  1083  1092 W System  : A resource failed to call release. 
01-31 16:08:54.295  1083  1092 W System  : A resource failed to call release. 
01-31 16:08:54.295  1083  1092 W System  : A resource failed to call release. 
01-31 16:08:54.295  1083  1092 W System  : A resource failed to call release. 
01-31 16:08:54.295  1083  1092 W System  : A resource failed to call release. 
01-31 16:08:54.297  1083  1092 W System  : A resource failed to call release. 
01-31 16:08:54.297  1083  1092 W System  : A resource failed to call release. 
01-31 16:08:54.355  9285  9290 I nclaw.assistant: Compiler allocated 5145KB to compile void android.view.ViewRootImpl.performTraversals()
01-31 16:08:55.056   479  7364 D android.hardware.audio@7.1-impl.ranchu: threadLoop: entering standby, frames: 4127872
01-31 16:08:55.056   479  7364 D android.hardware.audio@7.1-impl.ranchu: ~TinyalsaSink: joining consumeThread
01-31 16:08:55.078   479  9283 D android.hardware.audio@7.1-impl.ranchu: consumeThread: exiting
01-31 16:08:55.078   479  7364 D android.hardware.audio@7.1-impl.ranchu: ~TinyalsaSink: stopping PCM stream
01-31 16:08:55.149   682  3127 E TaskPersister: File error accessing recents directory (directory doesn't exist?).
01-31 16:08:55.805   682   994 D InetDiagMessage: Destroyed 0 sockets, proto=IPPROTO_TCP, family=AF_INET, states=14
01-31 16:08:55.806   682   994 D InetDiagMessage: Destroyed 0 sockets, proto=IPPROTO_TCP, family=AF_INET6, states=14
01-31 16:08:55.807   682   994 D InetDiagMessage: Destroyed live tcp sockets for uids={10165} in 6ms
01-31 16:08:55.807   682   994 D InetDiagMessage: Destroyed 0 sockets, proto=IPPROTO_TCP, family=AF_INET, states=14
01-31 16:08:55.808   682   994 D InetDiagMessage: Destroyed 0 sockets, proto=IPPROTO_TCP, family=AF_INET6, states=14
01-31 16:08:55.808   682   994 D InetDiagMessage: Destroyed live tcp sockets for uids={20165} in 0ms
01-31 16:08:56.728   682   988 I HalDevMgr: bestIfaceCreationProposal is null, requestIface=STA, existingIface=[name=wlan0 type=STA]
01-31 16:08:57.140   682   833 I ImeTracker: com.openclaw.assistant:6b54ab1d: onTimeout at PHASE_CLIENT_REPORT_REQUESTED_VISIBLE_TYPES
01-31 16:08:57.160   682   833 I ImeTracker: system_server:126af3cc: onTimeout at PHASE_WM_GET_CONTROL_WITH_LEASH
01-31 16:08:57.244   682   833 I ImeTracker: system_server:992b81bf: onTimeout at PHASE_WM_GET_CONTROL_WITH_LEASH
01-31 16:08:58.328  9285  9316 D ProfileInstaller: Installing profile for com.openclaw.assistant
01-31 16:08:59.733   682   988 I HalDevMgr: bestIfaceCreationProposal is null, requestIface=STA, existingIface=[name=wlan0 type=STA]
01-31 16:09:00.496   682   798 I UsageStatsService: User[0] Flushing usage stats to disk
01-31 16:09:00.529   682  1040 D BackgroundInstallControlService: Package event received: 0
01-31 16:09:00.583   682   833 I ImeTracker: system_server:7c13fae: onTimeout at PHASE_WM_GET_CONTROL_WITH_LEASH
01-31 16:09:00.626   682   692 I system_server: Background young concurrent mark compact GC freed 22MB AllocSpace bytes, 10(264KB) LOS objects, 42% free, 32MB/56MB, paused 755us,1.831ms total 113.490ms
01-31 16:09:00.637   682   694 W System  : A resource failed to call release. 
01-31 16:09:00.637   682   694 W System  : A resource failed to call release. 
01-31 16:09:00.637   682   694 W System  : A resource failed to call release. 
01-31 16:09:00.637   682   694 W System  : A resource failed to call release. 
01-31 16:09:00.683   682   833 I ImeTracker: system_server:e53fe2ac: onTimeout at PHASE_WM_GET_CONTROL_WITH_LEASH
01-31 16:09:00.746  6028  6061 I ProtoXDBBufferWrapper: ProtoXDBBufferWrapper.flushToStorage():158 Flushed 5 data item(s) to storage.
01-31 16:09:00.838  1258  1328 D SatelliteController: iisInCarrierRoamingNbIotNtn: satellite is disabled
01-31 16:09:00.840  1258  1328 D SatelliteController: getCarrierRoamingNtnConnectType: Falling back to global carrier config connect type: 0
01-31 16:09:00.844   682   813 D ActivityManager: freezing 3628 com.google.android.tts
01-31 16:09:00.847   682   994 D InetDiagMessage: Destroyed 0 sockets, proto=IPPROTO_TCP, family=AF_INET, states=14
01-31 16:09:00.847   682   994 D InetDiagMessage: Destroyed 0 sockets, proto=IPPROTO_TCP, family=AF_INET6, states=14
01-31 16:09:00.847   682   994 D InetDiagMessage: Destroyed live tcp sockets for uids={10165} in 0ms
01-31 16:09:02.740   682   988 I HalDevMgr: bestIfaceCreationProposal is null, requestIface=STA, existingIface=[name=wlan0 type=STA]
01-31 16:09:03.567   217  9302 I keystore2: system/security/keystore2/watchdog/src/lib.rs:371 - Watchdog thread idle -> terminating. Have a great day.
01-31 16:09:03.703  9320  9320 W libbinder.BackendUnifiedServiceManager: Thread Pool max thread count is 0. Cannot cache binder as linkToDeath cannot be implemented. serviceName: package
01-31 16:09:03.758   853   873 I artd    : GetBestInfo: odex next to the dex file (/data/app/~~W62g_JJDeooZ_0khIxqpfQ==/com.google.android.gms-vOVn35nNwBgw1u-Kvus3zQ==/oat/arm64/base.odex) is kOatUpToDate with filter 'speed-profile' executable 'false'
01-31 16:09:03.762   853  7089 I artd    : GetBestInfo: odex next to the dex file (/data/app/~~W62g_JJDeooZ_0khIxqpfQ==/com.google.android.gms-vOVn35nNwBgw1u-Kvus3zQ==/oat/arm64/split_AdsDynamite_installtime.odex) is kOatUpToDate with filter 'speed' executable 'false'
01-31 16:09:03.763   853   873 I artd    : GetBestInfo: odex next to the dex file (/data/app/~~W62g_JJDeooZ_0khIxqpfQ==/com.google.android.gms-vOVn35nNwBgw1u-Kvus3zQ==/oat/arm64/split_CronetDynamite_installtime.odex) is kOatUpToDate with filter 'speed-profile' executable 'false'
01-31 16:09:03.766   853  7089 I artd    : GetBestInfo: odex next to the dex file (/data/app/~~W62g_JJDeooZ_0khIxqpfQ==/com.google.android.gms-vOVn35nNwBgw1u-Kvus3zQ==/oat/arm64/split_DynamiteLoader_installtime.odex) is kOatUpToDate with filter 'speed' executable 'false'
01-31 16:09:03.768   853  7089 I artd    : GetBestInfo: odex next to the dex file (/data/app/~~W62g_JJDeooZ_0khIxqpfQ==/com.google.android.gms-vOVn35nNwBgw1u-Kvus3zQ==/oat/arm64/split_DynamiteModulesA_installtime.odex) is kOatUpToDate with filter 'speed' executable 'false'
01-31 16:09:03.770   853   873 I artd    : GetBestInfo: odex next to the dex file (/data/app/~~W62g_JJDeooZ_0khIxqpfQ==/com.google.android.gms-vOVn35nNwBgw1u-Kvus3zQ==/oat/arm64/split_DynamiteModulesC_installtime.odex) is kOatUpToDate with filter 'speed' executable 'false'
01-31 16:09:03.772   853  7089 I artd    : GetBestInfo: odex next to the dex file (/data/app/~~W62g_JJDeooZ_0khIxqpfQ==/com.google.android.gms-vOVn35nNwBgw1u-Kvus3zQ==/oat/arm64/split_GoogleCertificates_installtime.odex) is kOatUpToDate with filter 'speed' executable 'false'
01-31 16:09:03.774   853   873 I artd    : GetBestInfo: odex next to the dex file (/data/app/~~W62g_JJDeooZ_0khIxqpfQ==/com.google.android.gms-vOVn35nNwBgw1u-Kvus3zQ==/oat/arm64/split_MapsDynamite_installtime.odex) is kOatUpToDate with filter 'speed' executable 'false'
01-31 16:09:03.776   853   873 I artd    : GetBestInfo: odex next to the dex file (/data/app/~~W62g_JJDeooZ_0khIxqpfQ==/com.google.android.gms-vOVn35nNwBgw1u-Kvus3zQ==/oat/arm64/split_MeasurementDynamite_installtime.odex) is kOatUpToDate with filter 'speed' executable 'false'
01-31 16:09:03.779   853  7089 I artd    : GetBestInfo: odex next to the dex file (/data/app/~~W62g_JJDeooZ_0khIxqpfQ==/com.google.android.gms-vOVn35nNwBgw1u-Kvus3zQ==/oat/arm64/split_all_locale_splits.odex) is kOatUpToDate with filter 'speed' executable 'false'
01-31 16:09:03.782   853  7089 I artd    : GetBestInfo: /data/user_de/0/com.google.android.gms/app_chimera/m/0000000b/dl-Appsearch.optional_253434100400.apk has no usable artifacts
01-31 16:09:03.784   853  7089 I artd    : GetBestInfo: /data/user_de/0/com.google.android.gms/app_chimera/m/00000001/CronetDynamite.apk has no usable artifacts
01-31 16:09:03.784   853   873 I artd    : GetBestInfo: /data/user_de/0/com.google.android.gms/app_chimera/m/00000002/DynamiteLoader.apk has no usable artifacts
01-31 16:09:03.785   853  7089 I artd    : GetBestInfo: /data/user_de/0/com.google.android.gms/app_chimera/m/00000005/GoogleCertificates.apk has no usable artifacts
01-31 16:09:03.785   853  7089 I artd    : GetBestInfo: /data/user_de/0/com.google.android.gms/app_chimera/m/0000000f/dl-MlkitBarcodeUi.optional_260235100400.apk has no usable artifacts
01-31 16:09:03.786   853   873 I artd    : GetBestInfo: vdex next to the dex file (/data/user/0/com.google.android.gms/app_dg_cache/2DB167EF440159FF365B49D8B91441B1CFD017F9/oat/arm64/the.vdex) is kOatUpToDate with filter 'verify' executable 'false'
01-31 16:09:03.788   853  7089 I artd    : GetBestInfo: /data/user_de/0/com.google.android.gms/app_chimera/m/0000000a/dl-TfliteDynamiteDynamite.integ_243930802100400.apk has no usable artifacts
01-31 16:09:03.790   853   873 I artd    : GetBestInfo: /data/user_de/0/com.google.android.gms/app_chimera/m/00000007/MeasurementDynamite.apk has no usable artifacts
01-31 16:09:03.791   853  7089 I artd    : GetBestInfo: /data/user_de/0/com.google.android.gms/app_chimera/m/0000000e/dl-Appsearch.optional_260235100400.apk has no usable artifacts
01-31 16:09:05.746   682   988 I HalDevMgr: bestIfaceCreationProposal is null, requestIface=STA, existingIface=[name=wlan0 type=STA]
01-31 16:09:08.754   682   988 I HalDevMgr: bestIfaceCreationProposal is null, requestIface=STA, existingIface=[name=wlan0 type=STA]
01-31 16:09:10.637  6028  6028 I VoiceInputManagerWrapper: VoiceInputManagerWrapper.shutdownVoiceInternal():148 shutdownVoiceInternal()
01-31 16:09:10.638  6028  6028 W NotificationCenter: NotificationCenter.unregisterListener():480 Listener hxc@38f9f79 was not registered for notification class ngb
01-31 16:09:10.856  1258  1328 D SatelliteController: iisInCarrierRoamingNbIotNtn: satellite is disabled
01-31 16:09:10.860  1258  1328 D SatelliteController: getCarrierRoamingNtnConnectType: Falling back to global carrier config connect type: 0
01-31 16:09:11.779   682   988 I HalDevMgr: bestIfaceCreationProposal is null, requestIface=STA, existingIface=[name=wlan0 type=STA]
01-31 16:09:12.776   682   813 D ActivityManager: freezing 5558 com.google.android.gms
01-31 16:09:13.726  9323  9323 W libbinder.BackendUnifiedServiceManager: Thread Pool max thread count is 0. Cannot cache binder as linkToDeath cannot be implemented. serviceName: package
01-31 16:09:13.794   853  7089 I artd    : GetBestInfo: odex next to the dex file (/data/app/~~W62g_JJDeooZ_0khIxqpfQ==/com.google.android.gms-vOVn35nNwBgw1u-Kvus3zQ==/oat/arm64/base.odex) is kOatUpToDate with filter 'speed-profile' executable 'false'
01-31 16:09:13.798   853   873 I artd    : GetBestInfo: odex next to the dex file (/data/app/~~W62g_JJDeooZ_0khIxqpfQ==/com.google.android.gms-vOVn35nNwBgw1u-Kvus3zQ==/oat/arm64/split_AdsDynamite_installtime.odex) is kOatUpToDate with filter 'speed' executable 'false'
01-31 16:09:13.799   853  7089 I artd    : GetBestInfo: odex next to the dex file (/data/app/~~W62g_JJDeooZ_0khIxqpfQ==/com.google.android.gms-vOVn35nNwBgw1u-Kvus3zQ==/oat/arm64/split_CronetDynamite_installtime.odex) is kOatUpToDate with filter 'speed-profile' executable 'false'
01-31 16:09:13.800   853   863 I artd    : GetBestInfo: odex next to the dex file (/data/app/~~W62g_JJDeooZ_0khIxqpfQ==/com.google.android.gms-vOVn35nNwBgw1u-Kvus3zQ==/oat/arm64/split_DynamiteLoader_installtime.odex) is kOatUpToDate with filter 'speed' executable 'false'
01-31 16:09:13.801   853  7089 I artd    : GetBestInfo: odex next to the dex file (/data/app/~~W62g_JJDeooZ_0khIxqpfQ==/com.google.android.gms-vOVn35nNwBgw1u-Kvus3zQ==/oat/arm64/split_DynamiteModulesA_installtime.odex) is kOatUpToDate with filter 'speed' executable 'false'
01-31 16:09:13.802   853   853 I artd    : GetBestInfo: odex next to the dex file (/data/app/~~W62g_JJDeooZ_0khIxqpfQ==/com.google.android.gms-vOVn35nNwBgw1u-Kvus3zQ==/oat/arm64/split_DynamiteModulesC_installtime.odex) is kOatUpToDate with filter 'speed' executable 'false'
01-31 16:09:13.803   853   873 I artd    : GetBestInfo: odex next to the dex file (/data/app/~~W62g_JJDeooZ_0khIxqpfQ==/com.google.android.gms-vOVn35nNwBgw1u-Kvus3zQ==/oat/arm64/split_GoogleCertificates_installtime.odex) is kOatUpToDate with filter 'speed' executable 'false'
01-31 16:09:13.804   853   863 I artd    : GetBestInfo: odex next to the dex file (/data/app/~~W62g_JJDeooZ_0khIxqpfQ==/com.google.android.gms-vOVn35nNwBgw1u-Kvus3zQ==/oat/arm64/split_MapsDynamite_installtime.odex) is kOatUpToDate with filter 'speed' executable 'false'
01-31 16:09:13.805   853   853 I artd    : GetBestInfo: odex next to the dex file (/data/app/~~W62g_JJDeooZ_0khIxqpfQ==/com.google.android.gms-vOVn35nNwBgw1u-Kvus3zQ==/oat/arm64/split_MeasurementDynamite_installtime.odex) is kOatUpToDate with filter 'speed' executable 'false'
01-31 16:09:13.806   853   863 I artd    : GetBestInfo: odex next to the dex file (/data/app/~~W62g_JJDeooZ_0khIxqpfQ==/com.google.android.gms-vOVn35nNwBgw1u-Kvus3zQ==/oat/arm64/split_all_locale_splits.odex) is kOatUpToDate with filter 'speed' executable 'false'
01-31 16:09:13.819   853   853 I artd    : GetBestInfo: /data/user_de/0/com.google.android.gms/app_chimera/m/0000000b/dl-Appsearch.optional_253434100400.apk has no usable artifacts
01-31 16:09:13.820   853   863 I artd    : GetBestInfo: /data/user_de/0/com.google.android.gms/app_chimera/m/00000001/CronetDynamite.apk has no usable artifacts
01-31 16:09:13.820   853   863 I artd    : GetBestInfo: /data/user_de/0/com.google.android.gms/app_chimera/m/00000002/DynamiteLoader.apk has no usable artifacts
01-31 16:09:13.820   853   863 I artd    : GetBestInfo: /data/user_de/0/com.google.android.gms/app_chimera/m/00000005/GoogleCertificates.apk has no usable artifacts
01-31 16:09:13.823   853   863 I artd    : GetBestInfo: /data/user_de/0/com.google.android.gms/app_chimera/m/0000000f/dl-MlkitBarcodeUi.optional_260235100400.apk has no usable artifacts
01-31 16:09:13.825   853   853 I artd    : GetBestInfo: vdex next to the dex file (/data/user/0/com.google.android.gms/app_dg_cache/2DB167EF440159FF365B49D8B91441B1CFD017F9/oat/arm64/the.vdex) is kOatUpToDate with filter 'verify' executable 'false'
01-31 16:09:13.826   853   863 I artd    : GetBestInfo: /data/user_de/0/com.google.android.gms/app_chimera/m/0000000a/dl-TfliteDynamiteDynamite.integ_243930802100400.apk has no usable artifacts
01-31 16:09:13.827   853   853 I artd    : GetBestInfo: /data/user_de/0/com.google.android.gms/app_chimera/m/00000007/MeasurementDynamite.apk has no usable artifacts
01-31 16:09:13.827   853   863 I artd    : GetBestInfo: /data/user_de/0/com.google.android.gms/app_chimera/m/0000000e/dl-Appsearch.optional_260235100400.apk has no usable artifacts
01-31 16:09:14.801   682   988 I HalDevMgr: bestIfaceCreationProposal is null, requestIface=STA, existingIface=[name=wlan0 type=STA]
01-31 16:09:17.814   682   988 I HalDevMgr: bestIfaceCreationProposal is null, requestIface=STA, existingIface=[name=wlan0 type=STA]
01-31 16:09:20.821   682   988 I HalDevMgr: bestIfaceCreationProposal is null, requestIface=STA, existingIface=[name=wlan0 type=STA]
01-31 16:09:20.855  1258  1328 D SatelliteController: iisInCarrierRoamingNbIotNtn: satellite is disabled
01-31 16:09:20.859  1258  1328 D SatelliteController: getCarrierRoamingNtnConnectType: Falling back to global carrier config connect type: 0
01-31 16:09:23.727  9326  9326 W libbinder.BackendUnifiedServiceManager: Thread Pool max thread count is 0. Cannot cache binder as linkToDeath cannot be implemented. serviceName: package
01-31 16:09:23.781   853   863 I artd    : GetBestInfo: odex next to the dex file (/data/app/~~W62g_JJDeooZ_0khIxqpfQ==/com.google.android.gms-vOVn35nNwBgw1u-Kvus3zQ==/oat/arm64/base.odex) is kOatUpToDate with filter 'speed-profile' executable 'false'
01-31 16:09:23.782   853   853 I artd    : GetBestInfo: odex next to the dex file (/data/app/~~W62g_JJDeooZ_0khIxqpfQ==/com.google.android.gms-vOVn35nNwBgw1u-Kvus3zQ==/oat/arm64/split_AdsDynamite_installtime.odex) is kOatUpToDate with filter 'speed' executable 'false'
01-31 16:09:23.783   853   863 I artd    : GetBestInfo: odex next to the dex file (/data/app/~~W62g_JJDeooZ_0khIxqpfQ==/com.google.android.gms-vOVn35nNwBgw1u-Kvus3zQ==/oat/arm64/split_CronetDynamite_installtime.odex) is kOatUpToDate with filter 'speed-profile' executable 'false'
01-31 16:09:23.784   853   853 I artd    : GetBestInfo: odex next to the dex file (/data/app/~~W62g_JJDeooZ_0khIxqpfQ==/com.google.android.gms-vOVn35nNwBgw1u-Kvus3zQ==/oat/arm64/split_DynamiteLoader_installtime.odex) is kOatUpToDate with filter 'speed' executable 'false'
01-31 16:09:23.784   853   863 I artd    : GetBestInfo: odex next to the dex file (/data/app/~~W62g_JJDeooZ_0khIxqpfQ==/com.google.android.gms-vOVn35nNwBgw1u-Kvus3zQ==/oat/arm64/split_DynamiteModulesA_installtime.odex) is kOatUpToDate with filter 'speed' executable 'false'
01-31 16:09:23.785   853   853 I artd    : GetBestInfo: odex next to the dex file (/data/app/~~W62g_JJDeooZ_0khIxqpfQ==/com.google.android.gms-vOVn35nNwBgw1u-Kvus3zQ==/oat/arm64/split_DynamiteModulesC_installtime.odex) is kOatUpToDate with filter 'speed' executable 'false'
01-31 16:09:23.786   853   863 I artd    : GetBestInfo: odex next to the dex file (/data/app/~~W62g_JJDeooZ_0khIxqpfQ==/com.google.android.gms-vOVn35nNwBgw1u-Kvus3zQ==/oat/arm64/split_GoogleCertificates_installtime.odex) is kOatUpToDate with filter 'speed' executable 'false'
01-31 16:09:23.787   853   853 I artd    : GetBestInfo: odex next to the dex file (/data/app/~~W62g_JJDeooZ_0khIxqpfQ==/com.google.android.gms-vOVn35nNwBgw1u-Kvus3zQ==/oat/arm64/split_MapsDynamite_installtime.odex) is kOatUpToDate with filter 'speed' executable 'false'
01-31 16:09:23.788   853   863 I artd    : GetBestInfo: odex next to the dex file (/data/app/~~W62g_JJDeooZ_0khIxqpfQ==/com.google.android.gms-vOVn35nNwBgw1u-Kvus3zQ==/oat/arm64/split_MeasurementDynamite_installtime.odex) is kOatUpToDate with filter 'speed' executable 'false'
01-31 16:09:23.789   853   853 I artd    : GetBestInfo: odex next to the dex file (/data/app/~~W62g_JJDeooZ_0khIxqpfQ==/com.google.android.gms-vOVn35nNwBgw1u-Kvus3zQ==/oat/arm64/split_all_locale_splits.odex) is kOatUpToDate with filter 'speed' executable 'false'
01-31 16:09:23.791   853   863 I artd    : GetBestInfo: /data/user_de/0/com.google.android.gms/app_chimera/m/0000000b/dl-Appsearch.optional_253434100400.apk has no usable artifacts
01-31 16:09:23.791   853   853 I artd    : GetBestInfo: /data/user_de/0/com.google.android.gms/app_chimera/m/00000001/CronetDynamite.apk has no usable artifacts
01-31 16:09:23.791   853   853 I artd    : GetBestInfo: /data/user_de/0/com.google.android.gms/app_chimera/m/00000002/DynamiteLoader.apk has no usable artifacts
01-31 16:09:23.791   853   853 I artd    : GetBestInfo: /data/user_de/0/com.google.android.gms/app_chimera/m/00000005/GoogleCertificates.apk has no usable artifacts
01-31 16:09:23.791   853   853 I artd    : GetBestInfo: /data/user_de/0/com.google.android.gms/app_chimera/m/0000000f/dl-MlkitBarcodeUi.optional_260235100400.apk has no usable artifacts
01-31 16:09:23.797   853   863 I artd    : GetBestInfo: vdex next to the dex file (/data/user/0/com.google.android.gms/app_dg_cache/2DB167EF440159FF365B49D8B91441B1CFD017F9/oat/arm64/the.vdex) is kOatUpToDate with filter 'verify' executable 'false'
01-31 16:09:23.798   853   853 I artd    : GetBestInfo: /data/user_de/0/com.google.android.gms/app_chimera/m/0000000a/dl-TfliteDynamiteDynamite.integ_243930802100400.apk has no usable artifacts
01-31 16:09:23.803   853   873 I artd    : GetBestInfo: /data/user_de/0/com.google.android.gms/app_chimera/m/00000007/MeasurementDynamite.apk has no usable artifacts
01-31 16:09:23.804   853   853 I artd    : GetBestInfo: /data/user_de/0/com.google.android.gms/app_chimera/m/0000000e/dl-Appsearch.optional_260235100400.apk has no usable artifacts
01-31 16:09:23.827   682   988 I HalDevMgr: bestIfaceCreationProposal is null, requestIface=STA, existingIface=[name=wlan0 type=STA]
