01-31 16:07:34.685  1083  1159 V WindowManagerShell: start default transition animation, info = {id=78 t=OPEN f=0x0 trk=0 r=[0@Point(0, 0)] c=[{m=OPEN f=FILLS_TASK leash=Surface(name=ActivityRecord{148441425 u0 com.openclaw.assistant/.SettingsActivity t15}#744)/@0xf3689a0 sb=Rect(0, 0 - 0, 0) eb=Rect(0, 0 - 1080, 2400) epz=Point(1080, 2400) d=-1->0 r=-1->0:-1 bc=fffafafa activity=ActivityTransitionInfo { component = ComponentInfo{com.openclaw.assistant/com.openclaw.assistant.SettingsActivity}, taskId = 15, appCompatTransitionInfo = null } opt={t=FROM_STYLE mUserId=0}},{m=TO_BACK f=FILLS_TASK leash=Surface(name=ActivityRecord{875004 u0 com.openclaw.assistant/.MainActivity t15}#639)/@0x9e78959 sb=Rect(0, 0 - 1080, 2400) eb=Rect(0, 0 - 1080, 2400) epz=Point(1080, 2400) d=0 bc=fffafafa activity=ActivityTransitionInfo { component = ComponentInfo{com.openclaw.assistant/com.openclaw.assistant.MainActivity}, taskId = 15, appCompatTransitionInfo = null } opt={t=FROM_STYLE mUserId=0}}]}
01-31 16:07:34.685  1083  1159 V WindowManagerShell: loadAnimation: anim=android.view.animation.AnimationSet@1fe6215 animAttr=0x5 type=OPEN isEntrance=false
01-31 16:07:34.685  1083  1159 V WindowManagerShell: loadAnimation: anim=android.view.animation.AnimationSet@d700a91 animAttr=0x4 type=OPEN isEntrance=true
01-31 16:07:34.685  1083  1159 V WindowManagerShell:  animated by com.android.wm.shell.transition.DefaultTransitionHandler@e7f623b
01-31 16:07:34.686   682   708 I ActivityTaskManager: Displayed com.openclaw.assistant/.SettingsActivity for user 0: +154ms
01-31 16:07:34.686   682   708 V WindowManager: Sent Transition (#78) createdAt=01-31 16:07:34.529 via request=TransitionRequestInfo { type = OPEN, triggerTask = TaskInfo{userId=0 taskId=15 effectiveUid=10225 displayId=0 isRunning=true baseIntent=Intent { flg=0x10000000 cmp=com.openclaw.assistant/.MainActivity } baseActivity=ComponentInfo{com.openclaw.assistant/com.openclaw.assistant.MainActivity} topActivity=ComponentInfo{com.openclaw.assistant/com.openclaw.assistant.SettingsActivity} origActivity=null realActivity=ComponentInfo{com.openclaw.assistant/com.openclaw.assistant.MainActivity} numActivities=2 lastActiveTime=1131284 supportsMultiWindow=true resizeMode=1 isResizeable=true minWidth=-1 minHeight=-1 defaultMinSize=220 token=WCT{RemoteToken{af1eac0 Task{da3e801 #15 type=standard A=10225:com.openclaw.assistant}}} topActivityType=1 pictureInPictureParams=null shouldDockBigOverlays=false launchIntoPipHostTaskId=-1 lastParentTaskIdBeforePip=-1 displayCutoutSafeInsets=Rect(0, 0 - 0, 0) topActivityInfo=ActivityInfo{afecc9a com.openclaw.assistant.SettingsActivity} launchCookies=[] positionInParent=Point(0, 0) parentTaskId=-1 isFocused=true isVisible=true isVisibleRequested=true isTopActivityNoDisplay=false isSleeping=false locusId=null displayAreaFeatureId=1 isTopActivityTransparent=false isActivityStackTransparent=false lastNonFullscreenBounds=null capturedLink=null capturedLinkTimestamp=0 requestedVisibleTypes=503 topActivityRequestOpenInBrowserEducationTimestamp=0 appCompatTaskInfo=AppCompatTaskInfo { topActivityInSizeCompat=false isLeafTask= true eligibleForLetterboxEducation= false isLetterboxEducationEnabled= true isLetterboxDoubleTapEnabled= false eligibleForUserAspectRatioButton= false topActivityBoundsLetterboxed= false isFromLetterboxDoubleTap= false topActivityLetterboxVerticalPosition= -1 topActivityLetterboxHorizontalPosition= -1 topActivityLetterboxWidth=-1 topActivityLetterboxHeight=-1 topActivityAppBounds=Rect(0, 0 - 1080, 2337) isUserFullscreenOverrideEnabled=false isSystemFullscreenOverrideEnabled=false hasMinAspectRatioOverride=false topActivityLetterboxBounds=null cameraCompatTaskInfo=CameraCompatTaskInfo { cameraCompatMode=undefinedundefined} topNonResizableActivityAspectRatio=-1.0} topActivityMainWindowFrame=null isAppBubble=false}, pipChange = null, remoteTransition = null, displayChange = null, requestedLocation = null, userChange = null, windowingLayerChange = null, flags = 0, debugId = 78 }
01-31 16:07:34.686   682   708 V WindowManager:     startWCT=WindowContainerTransaction { changes= {} hops= [] errorCallbackToken=null taskFragmentOrganizer=null }
01-31 16:07:34.686   682   708 V WindowManager:     info={id=78 t=OPEN f=0x0 trk=0 r=[0@Point(0, 0)] c=[
01-31 16:07:34.686   682   708 V WindowManager:         {m=OPEN f=FILLS_TASK leash=Surface(name=ActivityRecord{148441425 u0 com.openclaw.assistant/.SettingsActivity t15}#744)/@0x43aa9bc sb=Rect(0, 0 - 0, 0) eb=Rect(0, 0 - 1080, 2400) epz=Point(1080, 2400) d=-1->0 r=-1->0:-1 bc=fffafafa activity=ActivityTransitionInfo { component = ComponentInfo{com.openclaw.assistant/com.openclaw.assistant.SettingsActivity}, taskId = 15, appCompatTransitionInfo = null } opt={t=FROM_STYLE mUserId=0}},
01-31 16:07:34.686   682   708 V WindowManager:         {m=TO_BACK f=FILLS_TASK leash=Surface(name=ActivityRecord{875004 u0 com.openclaw.assistant/.MainActivity t15}#639)/@0x86d2d8b sb=Rect(0, 0 - 1080, 2400) eb=Rect(0, 0 - 1080, 2400) epz=Point(1080, 2400) d=0 bc=fffafafa activity=ActivityTransitionInfo { component = ComponentInfo{com.openclaw.assistant/com.openclaw.assistant.MainActivity}, taskId = 15, appCompatTransitionInfo = null } opt={t=FROM_STYLE mUserId=0}}
01-31 16:07:34.686   682   708 V WindowManager:     ]}
01-31 16:07:34.778   682   833 I ImeTracker: com.openclaw.assistant:7d1c63f4: onRequestHide at ORIGIN_SERVER reason HIDE_UNSPECIFIED_WINDOW fromUser false
01-31 16:07:34.780  9166  9166 D InsetsController: hide(ime())
01-31 16:07:34.780  9166  9166 I ImeTracker: com.openclaw.assistant:7d1c63f4: onCancelled at PHASE_CLIENT_ALREADY_HIDDEN
01-31 16:07:34.780  6028  6028 I GoogleInputMethodService: GoogleInputMethodService.onFinishInput():2057 
01-31 16:07:34.781   682  1055 I ImeTracker: system_server:47b42c5a: onRequestHide at ORIGIN_SERVER reason IME_REQUESTED_CHANGED_LISTENER fromUser false
01-31 16:07:34.781  6028  6028 I Module  : DeviceLockedStatusModuleProvider$Module.updateDeviceLockedStatus():100 repeatCheckTimes = 0, locked = false
01-31 16:07:34.782  6028  6028 I GoogleInputMethodService: GoogleInputMethodService.onStartInput():1318 onStartInput(EditorInfo{EditorInfo{packageName=com.openclaw.assistant, inputType=0, inputTypeString=NULL, enableLearning=false, autoCorrection=false, autoComplete=false, imeOptions=0, privateImeOptions=null, actionName=UNSPECIFIED, actionLabel=null, initialSelStart=-1, initialSelEnd=-1, initialCapsMode=0, label=null, fieldId=0, fieldName=null, extras=null, hintText=null, hintLocales=[]}}, false)
01-31 16:07:34.782   682   711 I ImeTracker: system_server:47b42c5a: onCancelled at PHASE_SERVER_SHOULD_HIDE
01-31 16:07:34.782  6028  6028 I Module  : DeviceLockedStatusModuleProvider$Module.updateDeviceLockedStatus():100 repeatCheckTimes = 1, locked = false
01-31 16:07:34.782   682  1055 W PackageConfigPersister: App-specific configuration not found for packageName: com.openclaw.assistant and userId: 0
01-31 16:07:35.098   682   994 D InetDiagMessage: Destroyed 0 sockets, proto=IPPROTO_TCP, family=AF_INET, states=14
01-31 16:07:35.098   682   994 D InetDiagMessage: Destroyed 0 sockets, proto=IPPROTO_TCP, family=AF_INET6, states=14
01-31 16:07:35.098   682   994 D InetDiagMessage: Destroyed live tcp sockets for uids={10165} in 0ms
01-31 16:07:35.098   682   994 D InetDiagMessage: Destroyed 0 sockets, proto=IPPROTO_TCP, family=AF_INET, states=14
01-31 16:07:35.098   682   994 D InetDiagMessage: Destroyed 0 sockets, proto=IPPROTO_TCP, family=AF_INET6, states=14
01-31 16:07:35.098   682   994 D InetDiagMessage: Destroyed live tcp sockets for uids={20165} in 0ms
01-31 16:07:35.159  1083  1159 V WindowManagerShell: Transition animation finished (aborted=false), notifying core (#78) android.os.BinderProxy@f0661d2@0
01-31 16:07:35.161   682   708 V WindowManager: Finish Transition (#78): created at 01-31 16:07:34.529 collect-started=0.025ms request-sent=4.346ms started=7.316ms ready=14.601ms sent=149.046ms commit=14.261ms finished=631.926ms
01-31 16:07:35.163  1083  1159 V WindowManagerShell: Track 0 became idle
01-31 16:07:35.163  1083  1159 V WindowManagerShell: All active transition animations finished
01-31 16:07:35.179  9166  9181 D HWUI    : endAllActiveAnimators on 0xb400007ceca3d840 (UnprojectedRipple) with handle 0xb400007cfca34920
01-31 16:07:35.182   682  1040 D BackgroundInstallControlService: Package event received: 0
01-31 16:07:35.426   682   988 I HalDevMgr: bestIfaceCreationProposal is null, requestIface=STA, existingIface=[name=wlan0 type=STA]
01-31 16:07:35.627  9166  9199 D ProfileInstaller: Installing profile for com.openclaw.assistant
01-31 16:07:36.648  6028  6061 I ProtoXDBBufferWrapper: ProtoXDBBufferWrapper.flushToStorage():158 Flushed 10 data item(s) to storage.
01-31 16:07:37.538   682  3127 E TaskPersister: File error accessing recents directory (directory doesn't exist?).
01-31 16:07:38.432   682   988 I HalDevMgr: bestIfaceCreationProposal is null, requestIface=STA, existingIface=[name=wlan0 type=STA]
01-31 16:07:40.107   682   813 D ActivityManager: freezing 3628 com.google.android.tts
01-31 16:07:40.112   682   994 D InetDiagMessage: Destroyed 0 sockets, proto=IPPROTO_TCP, family=AF_INET, states=14
01-31 16:07:40.112   682   994 D InetDiagMessage: Destroyed 0 sockets, proto=IPPROTO_TCP, family=AF_INET6, states=14
01-31 16:07:40.112   682   994 D InetDiagMessage: Destroyed live tcp sockets for uids={10165} in 1ms
01-31 16:07:40.820  1258  1328 D SatelliteController: iisInCarrierRoamingNbIotNtn: satellite is disabled
01-31 16:07:40.821  1258  1328 D SatelliteController: getCarrierRoamingNtnConnectType: Falling back to global carrier config connect type: 0
01-31 16:07:40.909   217  9183 I keystore2: system/security/keystore2/watchdog/src/lib.rs:371 - Watchdog thread idle -> terminating. Have a great day.
01-31 16:07:41.442   682   988 I HalDevMgr: bestIfaceCreationProposal is null, requestIface=STA, existingIface=[name=wlan0 type=STA]
01-31 16:07:43.714  9200  9200 W libbinder.BackendUnifiedServiceManager: Thread Pool max thread count is 0. Cannot cache binder as linkToDeath cannot be implemented. serviceName: package
01-31 16:07:43.774   853   873 I artd    : GetBestInfo: odex next to the dex file (/data/app/~~W62g_JJDeooZ_0khIxqpfQ==/com.google.android.gms-vOVn35nNwBgw1u-Kvus3zQ==/oat/arm64/base.odex) is kOatUpToDate with filter 'speed-profile' executable 'false'
01-31 16:07:43.776   853   863 I artd    : GetBestInfo: odex next to the dex file (/data/app/~~W62g_JJDeooZ_0khIxqpfQ==/com.google.android.gms-vOVn35nNwBgw1u-Kvus3zQ==/oat/arm64/split_AdsDynamite_installtime.odex) is kOatUpToDate with filter 'speed' executable 'false'
01-31 16:07:43.778   853   873 I artd    : GetBestInfo: odex next to the dex file (/data/app/~~W62g_JJDeooZ_0khIxqpfQ==/com.google.android.gms-vOVn35nNwBgw1u-Kvus3zQ==/oat/arm64/split_CronetDynamite_installtime.odex) is kOatUpToDate with filter 'speed-profile' executable 'false'
01-31 16:07:43.778   853   863 I artd    : GetBestInfo: odex next to the dex file (/data/app/~~W62g_JJDeooZ_0khIxqpfQ==/com.google.android.gms-vOVn35nNwBgw1u-Kvus3zQ==/oat/arm64/split_DynamiteLoader_installtime.odex) is kOatUpToDate with filter 'speed' executable 'false'
01-31 16:07:43.779   853   873 I artd    : GetBestInfo: odex next to the dex file (/data/app/~~W62g_JJDeooZ_0khIxqpfQ==/com.google.android.gms-vOVn35nNwBgw1u-Kvus3zQ==/oat/arm64/split_DynamiteModulesA_installtime.odex) is kOatUpToDate with filter 'speed' executable 'false'
01-31 16:07:43.780   853   863 I artd    : GetBestInfo: odex next to the dex file (/data/app/~~W62g_JJDeooZ_0khIxqpfQ==/com.google.android.gms-vOVn35nNwBgw1u-Kvus3zQ==/oat/arm64/split_DynamiteModulesC_installtime.odex) is kOatUpToDate with filter 'speed' executable 'false'
01-31 16:07:43.781   853   873 I artd    : GetBestInfo: odex next to the dex file (/data/app/~~W62g_JJDeooZ_0khIxqpfQ==/com.google.android.gms-vOVn35nNwBgw1u-Kvus3zQ==/oat/arm64/split_GoogleCertificates_installtime.odex) is kOatUpToDate with filter 'speed' executable 'false'
01-31 16:07:43.782   853   863 I artd    : GetBestInfo: odex next to the dex file (/data/app/~~W62g_JJDeooZ_0khIxqpfQ==/com.google.android.gms-vOVn35nNwBgw1u-Kvus3zQ==/oat/arm64/split_MapsDynamite_installtime.odex) is kOatUpToDate with filter 'speed' executable 'false'
01-31 16:07:43.787   853   873 I artd    : GetBestInfo: odex next to the dex file (/data/app/~~W62g_JJDeooZ_0khIxqpfQ==/com.google.android.gms-vOVn35nNwBgw1u-Kvus3zQ==/oat/arm64/split_MeasurementDynamite_installtime.odex) is kOatUpToDate with filter 'speed' executable 'false'
01-31 16:07:43.790   853   863 I artd    : GetBestInfo: odex next to the dex file (/data/app/~~W62g_JJDeooZ_0khIxqpfQ==/com.google.android.gms-vOVn35nNwBgw1u-Kvus3zQ==/oat/arm64/split_all_locale_splits.odex) is kOatUpToDate with filter 'speed' executable 'false'
01-31 16:07:43.795   853   873 I artd    : GetBestInfo: /data/user_de/0/com.google.android.gms/app_chimera/m/0000000b/dl-Appsearch.optional_253434100400.apk has no usable artifacts
01-31 16:07:43.796   853   863 I artd    : GetBestInfo: /data/user_de/0/com.google.android.gms/app_chimera/m/00000001/CronetDynamite.apk has no usable artifacts
01-31 16:07:43.796   853   863 I artd    : GetBestInfo: /data/user_de/0/com.google.android.gms/app_chimera/m/00000002/DynamiteLoader.apk has no usable artifacts
01-31 16:07:43.796   853   863 I artd    : GetBestInfo: /data/user_de/0/com.google.android.gms/app_chimera/m/00000005/GoogleCertificates.apk has no usable artifacts
01-31 16:07:43.796   853   863 I artd    : GetBestInfo: /data/user_de/0/com.google.android.gms/app_chimera/m/0000000f/dl-MlkitBarcodeUi.optional_260235100400.apk has no usable artifacts
01-31 16:07:43.798   853   873 I artd    : GetBestInfo: vdex next to the dex file (/data/user/0/com.google.android.gms/app_dg_cache/2DB167EF440159FF365B49D8B91441B1CFD017F9/oat/arm64/the.vdex) is kOatUpToDate with filter 'verify' executable 'false'
01-31 16:07:43.798   853   863 I artd    : GetBestInfo: /data/user_de/0/com.google.android.gms/app_chimera/m/0000000a/dl-TfliteDynamiteDynamite.integ_243930802100400.apk has no usable artifacts
01-31 16:07:43.799   853  7089 I artd    : GetBestInfo: /data/user_de/0/com.google.android.gms/app_chimera/m/00000007/MeasurementDynamite.apk has no usable artifacts
01-31 16:07:43.800   853   873 I artd    : GetBestInfo: /data/user_de/0/com.google.android.gms/app_chimera/m/0000000e/dl-Appsearch.optional_260235100400.apk has no usable artifacts
01-31 16:07:44.452   682   988 I HalDevMgr: bestIfaceCreationProposal is null, requestIface=STA, existingIface=[name=wlan0 type=STA]
01-31 16:07:46.557  6028  6028 I VoiceInputManagerWrapper: VoiceInputManagerWrapper.shutdownVoiceInternal():148 shutdownVoiceInternal()
01-31 16:07:46.559  6028  6028 W NotificationCenter: NotificationCenter.unregisterListener():480 Listener hxc@38f9f79 was not registered for notification class ngb
01-31 16:07:47.462   682   988 I HalDevMgr: bestIfaceCreationProposal is null, requestIface=STA, existingIface=[name=wlan0 type=STA]
01-31 16:07:47.574   682   813 D ActivityManager: freezing 6140 com.google.android.settings.intelligence
01-31 16:07:47.584   682   994 D InetDiagMessage: Destroyed 0 sockets, proto=IPPROTO_TCP, family=AF_INET, states=14
01-31 16:07:47.584   682   994 D InetDiagMessage: Destroyed 0 sockets, proto=IPPROTO_TCP, family=AF_INET6, states=14
01-31 16:07:47.584   682   994 D InetDiagMessage: Destroyed live tcp sockets for uids={10157} in 4ms
01-31 16:07:50.472   682   988 I HalDevMgr: bestIfaceCreationProposal is null, requestIface=STA, existingIface=[name=wlan0 type=STA]
01-31 16:07:50.563   682   977 D WifiNl80211Manager: Scan result ready event
01-31 16:07:50.563   682   977 D WifiNative: Scan result ready event
01-31 16:07:50.568  6909  7275 I WifiScanner: onFullResults
01-31 16:07:50.568  6909  7467 I WifiScanner: onFullResults
01-31 16:07:50.571   682   988 I HalDevMgr: bestIfaceCreationProposal is null, requestIface=STA, existingIface=[name=wlan0 type=STA]
01-31 16:07:50.823  1258  1328 D SatelliteController: iisInCarrierRoamingNbIotNtn: satellite is disabled
01-31 16:07:50.850  1258  1328 D SatelliteController: getCarrierRoamingNtnConnectType: Falling back to global carrier config connect type: 0
01-31 16:07:51.640   682   813 D ActivityManager: freezing 5558 com.google.android.gms
01-31 16:07:53.228  1083  1159 D ShellBackPreview: Finishing gesture with event action: 1
01-31 16:07:53.228  1083  1159 D ShellBackPreview: onGestureFinished called while no gesture is started
01-31 16:07:53.233  1083  1159 V WindowManagerShell: Transition requested (#79): android.os.BinderProxy@7cb1c64 TransitionRequestInfo { type = CLOSE, triggerTask = null, pipChange = null, remoteTransition = null, displayChange = null, requestedLocation = null, userChange = null, windowingLayerChange = null, flags = 0, debugId = 79 }
01-31 16:07:53.234  1083  1159 V ShellDesktopMode: DesktopTasksController: handleRequest request=TransitionRequestInfo { type = CLOSE, triggerTask = null, pipChange = null, remoteTransition = null, displayChange = null, requestedLocation = null, userChange = null, windowingLayerChange = null, flags = 0, debugId = 79 }
01-31 16:07:53.234  1083  1159 V ShellDesktopMode: DesktopTasksController: skipping handleRequest reason=triggerTask is null
01-31 16:07:53.242   540   597 I libbinder.BpBinder: onLastStrongRef automatically unlinking death recipients for descriptor: '(not cached)'
01-31 16:07:53.296   682  1040 D BackgroundInstallControlService: Package event received: 0
01-31 16:07:53.304   682  1040 D BackgroundInstallControlService: Package event received: 0
01-31 16:07:53.304   682  1040 D BackgroundInstallControlService: Package event received: 0
01-31 16:07:53.317  9166  9171 W nclaw.assistant: userfaultfd: MOVE ioctl seems unsupported: Connection timed out
01-31 16:07:53.361  1083  1620 V WindowManagerShell: onTransitionReady(transaction=2929167701525)
01-31 16:07:53.362  1083  1159 V WindowManagerShell: onTransitionReady (#79) android.os.BinderProxy@7cb1c64: {id=79 t=CLOSE f=0x0 trk=0 r=[0@Point(0, 0)] c=[
01-31 16:07:53.362  1083  1159 V WindowManagerShell:         {m=CLOSE f=FILLS_TASK leash=Surface(name=ActivityRecord{148441425 u0 com.openclaw.assistant/.SettingsActivity t15}#744)/@0xd79becd sb=Rect(0, 0 - 1080, 2400) eb=Rect(0, 0 - 1080, 2400) epz=Point(1080, 2400) d=0 bc=fffafafa activity=ActivityTransitionInfo { component = ComponentInfo{com.openclaw.assistant/com.openclaw.assistant.SettingsActivity}, taskId = 15, appCompatTransitionInfo = null } opt={t=FROM_STYLE mUserId=0}},
01-31 16:07:53.362  1083  1159 V WindowManagerShell:         {m=TO_FRONT f=FILLS_TASK leash=Surface(name=ActivityRecord{875004 u0 com.openclaw.assistant/.MainActivity t15}#639)/@0x486e382 sb=Rect(0, 0 - 1080, 2400) eb=Rect(0, 0 - 1080, 2400) epz=Point(1080, 2400) d=0 bc=fffafafa activity=ActivityTransitionInfo { component = ComponentInfo{com.openclaw.assistant/com.openclaw.assistant.MainActivity}, taskId = 15, appCompatTransitionInfo = null } opt={t=FROM_STYLE mUserId=0}}
01-31 16:07:53.362  1083  1159 V WindowManagerShell:     ]}
01-31 16:07:53.363  1083  1159 V WindowManagerShell: Playing animation for (#79) android.os.BinderProxy@7cb1c64@0
01-31 16:07:53.364   682   708 V WindowManager: Sent Transition (#79) createdAt=01-31 16:07:53.230 via request=TransitionRequestInfo { type = CLOSE, triggerTask = null, pipChange = null, remoteTransition = null, displayChange = null, requestedLocation = null, userChange = null, windowingLayerChange = null, flags = 0, debugId = 79 }
01-31 16:07:53.364   682   708 V WindowManager:     startWCT=WindowContainerTransaction { changes= {} hops= [] errorCallbackToken=null taskFragmentOrganizer=null }
01-31 16:07:53.364   682   708 V WindowManager:     info={id=79 t=CLOSE f=0x0 trk=0 r=[0@Point(0, 0)] c=[
01-31 16:07:53.364   682   708 V WindowManager:         {m=CLOSE f=FILLS_TASK leash=Surface(name=ActivityRecord{148441425 u0 com.openclaw.assistant/.SettingsActivity t15}#744)/@0x43aa9bc sb=Rect(0, 0 - 1080, 2400) eb=Rect(0, 0 - 1080, 2400) epz=Point(1080, 2400) d=0 bc=fffafafa activity=ActivityTransitionInfo { component = ComponentInfo{com.openclaw.assistant/com.openclaw.assistant.SettingsActivity}, taskId = 15, appCompatTransitionInfo = null } opt={t=FROM_STYLE mUserId=0}},
01-31 16:07:53.364   682   708 V WindowManager:         {m=TO_FRONT f=FILLS_TASK leash=Surface(name=ActivityRecord{875004 u0 com.openclaw.assistant/.MainActivity t15}#639)/@0x86d2d8b sb=Rect(0, 0 - 1080, 2400) eb=Rect(0, 0 - 1080, 2400) epz=Point(1080, 2400) d=0 bc=fffafafa activity=ActivityTransitionInfo { component = ComponentInfo{com.openclaw.assistant/com.openclaw.assistant.MainActivity}, taskId = 15, appCompatTransitionInfo = null } opt={t=FROM_STYLE mUserId=0}}
01-31 16:07:53.364   682   708 V WindowManager:     ]}
01-31 16:07:53.366  1083  1159 V ShellRecents: RecentsTransitionHandler.startAnimation: no controller found
01-31 16:07:53.366  1083  1159 V ShellDesktopMode: DesktopMixedTransitionHandler: No pending desktop transition
01-31 16:07:53.366  1083  1159 V WindowManagerShell: Transition doesn't have explicit remote, search filters for match for {id=79 t=CLOSE f=0x0 trk=0 r=[0@Point(0, 0)] c=[{m=CLOSE f=FILLS_TASK leash=Surface(name=ActivityRecord{148441425 u0 com.openclaw.assistant/.SettingsActivity t15}#744)/@0xd79becd sb=Rect(0, 0 - 1080, 2400) eb=Rect(0, 0 - 1080, 2400) epz=Point(1080, 2400) d=0 bc=fffafafa activity=ActivityTransitionInfo { component = ComponentInfo{com.openclaw.assistant/com.openclaw.assistant.SettingsActivity}, taskId = 15, appCompatTransitionInfo = null } opt={t=FROM_STYLE mUserId=0}},{m=TO_FRONT f=FILLS_TASK leash=Surface(name=ActivityRecord{875004 u0 com.openclaw.assistant/.MainActivity t15}#639)/@0x486e382 sb=Rect(0, 0 - 1080, 2400) eb=Rect(0, 0 - 1080, 2400) epz=Point(1080, 2400) d=0 bc=fffafafa activity=ActivityTransitionInfo { component = ComponentInfo{com.openclaw.assistant/com.openclaw.assistant.MainActivity}, taskId = 15, appCompatTransitionInfo = null } opt={t=FROM_STYLE mUserId=0}}]}
01-31 16:07:53.368  1083  1159 V WindowManagerShell:  Checking filter Pair{{types=[] flags=0x0] notFlags=0x0 checks=[{atype=undefined independent=true modes=[CLOSE,TO_BACK] flags=IN_TASK_WITH_EMBEDDED_ACTIVITY mustBeTask=false order=ANY topActivity=null launchCookie=null taskFragmentToken=android.os.BinderProxy@e195dd3 windowingMode=undefined isCrossDisplayMove=false}]} RemoteTransition { remoteTransition = android.window.IRemoteTransition$Stub$Proxy@f956d10, appThread = android.app.IApplicationThread$Stub$Proxy@43a8009, debugName = overlayBackTransition }}
01-31 16:07:53.368  1083  1159 V WindowManagerShell:  Checking filter Pair{{types=[] flags=0x0] notFlags=0x0 checks=[{atype=dream independent=true modes=[OPEN,TO_FRONT] flags=NONE mustBeTask=false order=ANY topActivity=null launchCookie=null windowingMode=undefined isCrossDisplayMove=false},{atype=home independent=true modes=[CLOSE,TO_BACK] flags=NONE mustBeTask=false order=ANY topActivity=null launchCookie=null windowingMode=undefined isCrossDisplayMove=false}]} RemoteTransition { remoteTransition = android.window.IRemoteTransition$Stub$Proxy@fe1720e, appThread = android.app.IApplicationThread$Stub$Proxy@892042f, debugName = LauncherToDream }}
01-31 16:07:53.368  1083  1159 V WindowManagerShell:  Checking filter Pair{{types=[] flags=0x0] notFlags=0x100 checks=[{atype=home independent=true modes=[OPEN,TO_FRONT] flags=NONE mustBeTask=false order=TOP topActivity=ComponentInfo{com.google.android.apps.nexuslauncher/com.google.android.apps.nexuslauncher.NexusLauncherActivity} launchCookie=null windowingMode=undefined isCrossDisplayMove=false},{atype=standard independent=true modes=[CLOSE,TO_BACK] flags=NONE mustBeTask=false order=ANY topActivity=null launchCookie=null windowingMode=undefined isCrossDisplayMove=false},{NOT atype=undefined independent=true modes=[] flags=NONE mustBeTask=true order=ANY topActivity=null launchCookie=null customAnim=true windowingMode=undefined isCrossDisplayMove=false}]} RemoteTransition { remoteTransition = android.window.IRemoteTransition$Stub$Proxy@ecc4a3c, appThread = android.app.IApplicationThread$Stub$Proxy@20213c5, debugName = QuickstepLaunchHome }}
01-31 16:07:53.368  1083  1159 V WindowManagerShell:  Checking filter Pair{{types=[OPEN,TO_FRONT] flags=0x0] notFlags=0x0 checks=[{atype=standard independent=true modes=[OPEN,TO_FRONT] flags=NONE mustBeTask=true order=ANY topActivity=null launchCookie=null windowingMode=freeform isCrossDisplayMove=false}]} RemoteTransition { remoteTransition = android.window.IRemoteTransition$Stub$Proxy@a8890ca, appThread = null, debugName = DesktopWindowLimitUnminimize }}
01-31 16:07:53.368  1083  1159 V WindowManagerShell:  Delegate animation for (#79) to null
01-31 16:07:53.368  1083  1159 V WindowManagerShell: start default transition animation, info = {id=79 t=CLOSE f=0x0 trk=0 r=[0@Point(0, 0)] c=[{m=CLOSE f=FILLS_TASK leash=Surface(name=ActivityRecord{148441425 u0 com.openclaw.assistant/.SettingsActivity t15}#744)/@0xd79becd sb=Rect(0, 0 - 1080, 2400) eb=Rect(0, 0 - 1080, 2400) epz=Point(1080, 2400) d=0 bc=fffafafa activity=ActivityTransitionInfo { component = ComponentInfo{com.openclaw.assistant/com.openclaw.assistant.SettingsActivity}, taskId = 15, appCompatTransitionInfo = null } opt={t=FROM_STYLE mUserId=0}},{m=TO_FRONT f=FILLS_TASK leash=Surface(name=ActivityRecord{875004 u0 com.openclaw.assistant/.MainActivity t15}#639)/@0x486e382 sb=Rect(0, 0 - 1080, 2400) eb=Rect(0, 0 - 1080, 2400) epz=Point(1080, 2400) d=0 bc=fffafafa activity=ActivityTransitionInfo { component = ComponentInfo{com.openclaw.assistant/com.openclaw.assistant.MainActivity}, taskId = 15, appCompatTransitionInfo = null } opt={t=FROM_STYLE mUserId=0}}]}
01-31 16:07:53.369  1083  1159 V WindowManagerShell: loadAnimation: anim=android.view.animation.AnimationSet@ff07ac9 animAttr=0x6 type=CLOSE isEntrance=true
01-31 16:07:53.371  9166  9171 I nclaw.assistant: Background concurrent mark compact GC freed 4666KB AllocSpace bytes, 16(520KB) LOS objects, 49% free, 5747KB/11MB, paused 76us,1.007ms total 257.697ms
01-31 16:07:53.371  1083  1159 V WindowManagerShell: loadAnimation: anim=android.view.animation.AnimationSet@c8d5cef animAttr=0x7 type=CLOSE isEntrance=false
01-31 16:07:53.371  1083  1159 V WindowManagerShell:  animated by com.android.wm.shell.transition.DefaultTransitionHandler@e7f623b
01-31 16:07:53.387   682   833 I ImeTracker: com.openclaw.assistant:117a03db: onRequestHide at ORIGIN_SERVER reason HIDE_UNSPECIFIED_WINDOW fromUser false
01-31 16:07:53.390  9166  9166 D InsetsController: hide(ime())
01-31 16:07:53.390  9166  9166 I ImeTracker: com.openclaw.assistant:117a03db: onCancelled at PHASE_CLIENT_ALREADY_HIDDEN
01-31 16:07:53.392  6028  6028 I GoogleInputMethodService: GoogleInputMethodService.onFinishInput():2057 
01-31 16:07:53.392   682  2133 I ImeTracker: system_server:ecad6cae: onRequestHide at ORIGIN_SERVER reason IME_REQUESTED_CHANGED_LISTENER fromUser false
01-31 16:07:53.393   682   711 I ImeTracker: system_server:ecad6cae: onCancelled at PHASE_SERVER_SHOULD_HIDE
01-31 16:07:53.394  6028  6028 I Module  : DeviceLockedStatusModuleProvider$Module.updateDeviceLockedStatus():100 repeatCheckTimes = 0, locked = false
01-31 16:07:53.395  6028  6028 I GoogleInputMethodService: GoogleInputMethodService.onStartInput():1318 onStartInput(EditorInfo{EditorInfo{packageName=com.openclaw.assistant, inputType=0, inputTypeString=NULL, enableLearning=false, autoCorrection=false, autoComplete=false, imeOptions=0, privateImeOptions=null, actionName=UNSPECIFIED, actionLabel=null, initialSelStart=-1, initialSelEnd=-1, initialCapsMode=0, label=null, fieldId=0, fieldName=null, extras=null, hintText=null, hintLocales=[]}}, false)
01-31 16:07:53.396  6028  6028 I Module  : DeviceLockedStatusModuleProvider$Module.updateDeviceLockedStatus():100 repeatCheckTimes = 1, locked = false
01-31 16:07:53.396   682  2133 W PackageConfigPersister: App-specific configuration not found for packageName: com.openclaw.assistant and userId: 0
01-31 16:07:53.405  1371  1371 D b/417220811: invalidateLoadedTasks - previous requestLoadId: -1
01-31 16:07:53.479   682   988 I HalDevMgr: bestIfaceCreationProposal is null, requestIface=STA, existingIface=[name=wlan0 type=STA]
01-31 16:07:53.700  9205  9205 W libbinder.BackendUnifiedServiceManager: Thread Pool max thread count is 0. Cannot cache binder as linkToDeath cannot be implemented. serviceName: package
01-31 16:07:53.752   853   873 I artd    : GetBestInfo: odex next to the dex file (/data/app/~~W62g_JJDeooZ_0khIxqpfQ==/com.google.android.gms-vOVn35nNwBgw1u-Kvus3zQ==/oat/arm64/base.odex) is kOatUpToDate with filter 'speed-profile' executable 'false'
01-31 16:07:53.753   853  7089 I artd    : GetBestInfo: odex next to the dex file (/data/app/~~W62g_JJDeooZ_0khIxqpfQ==/com.google.android.gms-vOVn35nNwBgw1u-Kvus3zQ==/oat/arm64/split_AdsDynamite_installtime.odex) is kOatUpToDate with filter 'speed' executable 'false'
01-31 16:07:53.754   853   873 I artd    : GetBestInfo: odex next to the dex file (/data/app/~~W62g_JJDeooZ_0khIxqpfQ==/com.google.android.gms-vOVn35nNwBgw1u-Kvus3zQ==/oat/arm64/split_CronetDynamite_installtime.odex) is kOatUpToDate with filter 'speed-profile' executable 'false'
01-31 16:07:53.755   853  7089 I artd    : GetBestInfo: odex next to the dex file (/data/app/~~W62g_JJDeooZ_0khIxqpfQ==/com.google.android.gms-vOVn35nNwBgw1u-Kvus3zQ==/oat/arm64/split_DynamiteLoader_installtime.odex) is kOatUpToDate with filter 'speed' executable 'false'
01-31 16:07:53.755   853   863 I artd    : GetBestInfo: odex next to the dex file (/data/app/~~W62g_JJDeooZ_0khIxqpfQ==/com.google.android.gms-vOVn35nNwBgw1u-Kvus3zQ==/oat/arm64/split_DynamiteModulesA_installtime.odex) is kOatUpToDate with filter 'speed' executable 'false'
01-31 16:07:53.756   853   873 I artd    : GetBestInfo: odex next to the dex file (/data/app/~~W62g_JJDeooZ_0khIxqpfQ==/com.google.android.gms-vOVn35nNwBgw1u-Kvus3zQ==/oat/arm64/split_DynamiteModulesC_installtime.odex) is kOatUpToDate with filter 'speed' executable 'false'
01-31 16:07:53.759   853   863 I artd    : GetBestInfo: odex next to the dex file (/data/app/~~W62g_JJDeooZ_0khIxqpfQ==/com.google.android.gms-vOVn35nNwBgw1u-Kvus3zQ==/oat/arm64/split_GoogleCertificates_installtime.odex) is kOatUpToDate with filter 'speed' executable 'false'
01-31 16:07:53.760   853   873 I artd    : GetBestInfo: odex next to the dex file (/data/app/~~W62g_JJDeooZ_0khIxqpfQ==/com.google.android.gms-vOVn35nNwBgw1u-Kvus3zQ==/oat/arm64/split_MapsDynamite_installtime.odex) is kOatUpToDate with filter 'speed' executable 'false'
01-31 16:07:53.762   853   863 I artd    : GetBestInfo: odex next to the dex file (/data/app/~~W62g_JJDeooZ_0khIxqpfQ==/com.google.android.gms-vOVn35nNwBgw1u-Kvus3zQ==/oat/arm64/split_MeasurementDynamite_installtime.odex) is kOatUpToDate with filter 'speed' executable 'false'
01-31 16:07:53.763   853   873 I artd    : GetBestInfo: odex next to the dex file (/data/app/~~W62g_JJDeooZ_0khIxqpfQ==/com.google.android.gms-vOVn35nNwBgw1u-Kvus3zQ==/oat/arm64/split_all_locale_splits.odex) is kOatUpToDate with filter 'speed' executable 'false'
01-31 16:07:53.764   853   863 I artd    : GetBestInfo: /data/user_de/0/com.google.android.gms/app_chimera/m/0000000b/dl-Appsearch.optional_253434100400.apk has no usable artifacts
01-31 16:07:53.764   853   873 I artd    : GetBestInfo: /data/user_de/0/com.google.android.gms/app_chimera/m/00000001/CronetDynamite.apk has no usable artifacts
01-31 16:07:53.764   853   873 I artd    : GetBestInfo: /data/user_de/0/com.google.android.gms/app_chimera/m/00000002/DynamiteLoader.apk has no usable artifacts
01-31 16:07:53.764   853   873 I artd    : GetBestInfo: /data/user_de/0/com.google.android.gms/app_chimera/m/00000005/GoogleCertificates.apk has no usable artifacts
01-31 16:07:53.765   853   873 I artd    : GetBestInfo: /data/user_de/0/com.google.android.gms/app_chimera/m/0000000f/dl-MlkitBarcodeUi.optional_260235100400.apk has no usable artifacts
01-31 16:07:53.766   853  7089 I artd    : GetBestInfo: vdex next to the dex file (/data/user/0/com.google.android.gms/app_dg_cache/2DB167EF440159FF365B49D8B91441B1CFD017F9/oat/arm64/the.vdex) is kOatUpToDate with filter 'verify' executable 'false'
01-31 16:07:53.767   853   863 I artd    : GetBestInfo: /data/user_de/0/com.google.android.gms/app_chimera/m/0000000a/dl-TfliteDynamiteDynamite.integ_243930802100400.apk has no usable artifacts
01-31 16:07:53.767   853   863 I artd    : GetBestInfo: /data/user_de/0/com.google.android.gms/app_chimera/m/00000007/MeasurementDynamite.apk has no usable artifacts
01-31 16:07:53.768   853  7089 I artd    : GetBestInfo: /data/user_de/0/com.google.android.gms/app_chimera/m/0000000e/dl-Appsearch.optional_260235100400.apk has no usable artifacts
01-31 16:07:53.842  1083  1159 V WindowManagerShell: Transition animation finished (aborted=false), notifying core (#79) android.os.BinderProxy@7cb1c64@0
01-31 16:07:53.843   682   708 V WindowManager: Finish Transition (#79): created at 01-31 16:07:53.230 collect-started=0.041ms request-sent=0.142ms started=13.48ms ready=73.86ms sent=124.637ms commit=21.302ms finished=612.867ms
01-31 16:07:53.845  1083  1159 V WindowManagerShell: Track 0 became idle
01-31 16:07:53.845  1083  1159 V WindowManagerShell: All active transition animations finished
01-31 16:07:53.855  9166  9166 D WindowOnBackDispatcher: setTopOnBackInvokedCallback (unwrapped): null
01-31 16:07:53.855   682  2133 D CoreBackPreview: Window{e53e98d u0 com.openclaw.assistant/com.openclaw.assistant.SettingsActivity}: Setting back callback null
01-31 16:07:53.856  9166  9181 D HWUI    : endAllActiveAnimators on 0xb400007ceca18800 (UnprojectedRipple) with handle 0xb400007cfca44580
01-31 16:07:53.856  9166  9166 D ViewRootImpl: Skipping stats log for color mode
01-31 16:07:53.865   682  1040 D BackgroundInstallControlService: Package event received: 0
01-31 16:07:54.824   682  2133 V WindowManager: DesktopModeLaunchParamsModifier: phase= 0 task=null activity=null display-area-from-source=DefaultTaskDisplayArea@145385744 display-id=0 task-display-area-windowing-mode=1 suggested-display-area=DefaultTaskDisplayArea@145385744 task null, skipping
01-31 16:07:54.824   682  2133 V WindowManager: TaskLaunchParamsModifier:phase=0 task=null activity=null display-area-from-source=DefaultTaskDisplayArea@145385744 display-id=0 task-display-area-windowing-mode=1 suggested-display-area=DefaultTaskDisplayArea@145385744
01-31 16:07:54.825   682  2133 V GrammaticalInflectionUtils: AttributionSource: android.content.AttributionSource@ca692de7 does not have READ_SYSTEM_GRAMMATICAL_GENDER permission.
01-31 16:07:54.828   682  2133 V WindowManager: DesktopModeLaunchParamsModifier: phase= 0 task=null activity=ActivityRecord{47580689 u0 com.openclaw.assistant/.ChatActivity display-area-from-source=DefaultTaskDisplayArea@145385744 display-id=0 task-display-area-windowing-mode=1 suggested-display-area=DefaultTaskDisplayArea@145385744 task null, skipping
01-31 16:07:54.829   682  2133 V WindowManager: TaskLaunchParamsModifier:phase=0 task=null activity=ActivityRecord{47580689 u0 com.openclaw.assistant/.ChatActivity t-1} display-area-from-source=DefaultTaskDisplayArea@145385744 display-id=0 task-display-area-windowing-mode=1 suggested-display-area=DefaultTaskDisplayArea@145385744
01-31 16:07:54.830   682  2133 V WindowManager: DesktopModeLaunchParamsModifier: phase= 3 task=Task{da3e801 #15 type=standard A=10225:com.openclaw.assistant} activity=ActivityRecord{47580689 u0 com.openclaw.assistant/.ChatActivity t-1} display-area-from-source=DefaultTaskDisplayArea@145385744 display-id=0 task-display-area-windowing-mode=1 suggested-display-area=DefaultTaskDisplayArea@145385744 not entering desktop mode, skipping
01-31 16:07:54.830   682  2133 V WindowManager: TaskLaunchParamsModifier:phase=3 task=Task{da3e801 #15 type=standard A=10225:com.openclaw.assistant} activity=ActivityRecord{47580689 u0 com.openclaw.assistant/.ChatActivity t-1} display-area-from-source=DefaultTaskDisplayArea@145385744 display-id=0 task-display-area-windowing-mode=1 suggested-display-area=DefaultTaskDisplayArea@145385744 inherit-from-source=fullscreen non-freeform-task-display-area display-area=DefaultTaskDisplayArea@145385744 skip-bounds-fullscreen
01-31 16:07:54.831   682  2133 V WindowManager: DesktopModeLaunchParamsModifier: phase= 3 task=Task{da3e801 #15 type=standard A=10225:com.openclaw.assistant} activity=ActivityRecord{47580689 u0 com.openclaw.assistant/.ChatActivity t-1} display-area-from-source=DefaultTaskDisplayArea@145385744 display-id=0 task-display-area-windowing-mode=1 suggested-display-area=DefaultTaskDisplayArea@145385744 not entering desktop mode, skipping
01-31 16:07:54.832   682  2133 V WindowManager: TaskLaunchParamsModifier:phase=3 task=Task{da3e801 #15 type=standard A=10225:com.openclaw.assistant} activity=ActivityRecord{47580689 u0 com.openclaw.assistant/.ChatActivity t-1} display-area-from-source=DefaultTaskDisplayArea@145385744 display-id=0 task-display-area-windowing-mode=1 suggested-display-area=DefaultTaskDisplayArea@145385744 inherit-from-source=fullscreen non-freeform-task-display-area display-area=DefaultTaskDisplayArea@145385744 skip-bounds-fullscreen
01-31 16:07:54.832   682  2133 V WindowManager: DesktopModeLaunchParamsModifier: phase= 3 task=Task{da3e801 #15 type=standard A=10225:com.openclaw.assistant} activity=ActivityRecord{47580689 u0 com.openclaw.assistant/.ChatActivity t-1} display-area-from-source=DefaultTaskDisplayArea@145385744 display-id=0 task-display-area-windowing-mode=1 suggested-display-area=DefaultTaskDisplayArea@145385744 not entering desktop mode, skipping
01-31 16:07:54.832   682  2133 V WindowManager: TaskLaunchParamsModifier:phase=3 task=Task{da3e801 #15 type=standard A=10225:com.openclaw.assistant} activity=ActivityRecord{47580689 u0 com.openclaw.assistant/.ChatActivity t-1} display-area-from-source=DefaultTaskDisplayArea@145385744 display-id=0 task-display-area-windowing-mode=1 suggested-display-area=DefaultTaskDisplayArea@145385744 inherit-from-source=fullscreen non-freeform-task-display-area display-area=DefaultTaskDisplayArea@145385744 skip-bounds-fullscreen
01-31 16:07:54.843   682  2133 I ActivityTaskManager: START u0 {xflg=0x4 cmp=com.openclaw.assistant/.ChatActivity} with LAUNCH_MULTIPLE from uid 10225 (com.openclaw.assistant) (sr=875004) (BAL_ALLOW_VISIBLE_WINDOW) result code=0
01-31 16:07:54.845  1083  1159 V WindowManagerShell: Transition requested (#80): android.os.BinderProxy@7e960da TransitionRequestInfo { type = OPEN, triggerTask = TaskInfo{userId=0 taskId=15 effectiveUid=10225 displayId=0 isRunning=true baseIntent=Intent { flg=0x10000000 cmp=com.openclaw.assistant/.MainActivity } baseActivity=ComponentInfo{com.openclaw.assistant/com.openclaw.assistant.MainActivity} topActivity=ComponentInfo{com.openclaw.assistant/com.openclaw.assistant.ChatActivity} origActivity=null realActivity=ComponentInfo{com.openclaw.assistant/com.openclaw.assistant.MainActivity} numActivities=2 lastActiveTime=1151589 supportsMultiWindow=true resizeMode=1 isResizeable=true minWidth=-1 minHeight=-1 defaultMinSize=220 token=WCT{android.os.BinderProxy@92f3c3b} topActivityType=1 pictureInPictureParams=null shouldDockBigOverlays=false launchIntoPipHostTaskId=-1 lastParentTaskIdBeforePip=-1 displayCutoutSafeInsets=Rect(0, 0 - 0, 0) topActivityInfo=ActivityInfo{c7cd90b com.openclaw.assistant.ChatActivity} launchCookies=[] positionInParent=Point(0, 0) parentTaskId=-1 isFocused=true isVisible=true isVisibleRequested=true isTopActivityNoDisplay=false isSleeping=false locusId=null displayAreaFeatureId=1 isTopActivityTransparent=false isActivityStackTransparent=false lastNonFullscreenBounds=null capturedLink=null capturedLinkTimestamp=0 requestedVisibleTypes=503 topActivityRequestOpenInBrowserEducationTimestamp=0 appCompatTaskInfo=AppCompatTaskInfo { topActivityInSizeCompat=false isLeafTask= true eligibleForLetterboxEducation= false isLetterboxEducationEnabled= true isLetterboxDoubleTapEnabled= false eligibleForUserAspectRatioButton= false topActivityBoundsLetterboxed= false isFromLetterboxDoubleTap= false topActivityLetterboxVerticalPosition= -1 topActivityLetterboxHorizontalPosition= -1 topActivityLetterboxWidth=-1 topActivityLetterboxHeight=-1 topActivityAppBounds=Rect(0, 0 - 1080, 2337) isUserFullscreenOverrideEnabled=false isSystemFullscreenOverrideEnabled=false hasMinAspectRatioOverride=false topActivityLetterboxBounds=null cameraCompatTaskInfo=CameraCompatTaskInfo { cameraCompatMode=undefinedundefined} topNonResizableActivityAspectRatio=-1.0} topActivityMainWindowFrame=null isAppBubble=false}, pipChange = null, remoteTransition = null, displayChange = null, requestedLocation = null, userChange = null, windowingLayerChange = null, flags = 0, debugId = 80 }
01-31 16:07:54.845  1083  1159 D ShellSplitScreen: logExit: no-op, mLoggerSessionId is null
01-31 16:07:54.846  1083  1159 V ShellDesktopMode: DesktopTasksController: handleRequest request=TransitionRequestInfo { type = OPEN, triggerTask = TaskInfo{userId=0 taskId=15 effectiveUid=10225 displayId=0 isRunning=true baseIntent=Intent { flg=0x10000000 cmp=com.openclaw.assistant/.MainActivity } baseActivity=ComponentInfo{com.openclaw.assistant/com.openclaw.assistant.MainActivity} topActivity=ComponentInfo{com.openclaw.assistant/com.openclaw.assistant.ChatActivity} origActivity=null realActivity=ComponentInfo{com.openclaw.assistant/com.openclaw.assistant.MainActivity} numActivities=2 lastActiveTime=1151589 supportsMultiWindow=true resizeMode=1 isResizeable=true minWidth=-1 minHeight=-1 defaultMinSize=220 token=WCT{android.os.BinderProxy@92f3c3b} topActivityType=1 pictureInPictureParams=null shouldDockBigOverlays=false launchIntoPipHostTaskId=-1 lastParentTaskIdBeforePip=-1 displayCutoutSafeInsets=Rect(0, 0 - 0, 0) topActivityInfo=ActivityInfo{c7cd90b com.openclaw.assistant.ChatActivity} launchCookies=[] positionInParent=Point(0, 0) parentTaskId=-1 isFocused=true isVisible=true isVisibleRequested=true isTopActivityNoDisplay=false isSleeping=false locusId=null displayAreaFeatureId=1 isTopActivityTransparent=false isActivityStackTransparent=false lastNonFullscreenBounds=null capturedLink=null capturedLinkTimestamp=0 requestedVisibleTypes=503 topActivityRequestOpenInBrowserEducationTimestamp=0 appCompatTaskInfo=AppCompatTaskInfo { topActivityInSizeCompat=false isLeafTask= true eligibleForLetterboxEducation= false isLetterboxEducationEnabled= true isLetterboxDoubleTapEnabled= false eligibleForUserAspectRatioButton= false topActivityBoundsLetterboxed= false isFromLetterboxDoubleTap= false topActivityLetterboxVerticalPosition= -1 topActivityLetterboxHorizontalPosition= -1 topActivityLetterboxWidth=-1 topActivityLetterboxHeight=-1 topActivityAppBounds=Rect(0, 0 - 1080, 2337) isUserFullscreenOverrideEnabled=false isSystemFullscreenOverrideEnabled=false hasMinAspectRatioOverride=false topActivityLetterboxBounds=null cameraCompatTaskInfo=CameraCompatTaskInfo { cameraCompatMode=undefinedundefined} topNonResizableActivityAspectRatio=-1.0} topActivityMainWindowFrame=null isAppBubble=false}, pipChange = null, remoteTransition = null, displayChange = null, requestedLocation = null, userChange = null, windowingLayerChange = null, flags = 0, debugId = 80 }
01-31 16:07:54.846  1083  1159 V ShellDesktopMode: DesktopTasksController: skipping handleRequest reason=triggerTask's display doesn't support desktop mode
01-31 16:07:54.850   540   597 I libbinder.BpBinder: onLastStrongRef automatically unlinking death recipients for descriptor: '(not cached)'
01-31 16:07:54.860   682  1040 D BackgroundInstallControlService: Package event received: 0
01-31 16:07:54.864   682  1040 D BackgroundInstallControlService: Package event received: 0
01-31 16:07:54.864   682  1040 D BackgroundInstallControlService: Package event received: 0
01-31 16:07:54.921   682  1055 D TextToSpeechManagerPerUserService: Trying to start connection to TTS engine: com.google.android.tts
01-31 16:07:54.921  9166  9166 I TextToSpeech: Sucessfully bound to com.google.android.tts
01-31 16:07:54.923   682  1040 D BackgroundInstallControlService: Package event received: 0
01-31 16:07:54.928   682   682 D ActivityManager: sync unfroze 3628 com.google.android.tts for 6
01-31 16:07:54.928   682  1040 D BackgroundInstallControlService: Package event received: 0
01-31 16:07:54.945  9166  9166 D VRI[ChatActivity]: WindowInsets changed: 1080x2400 statusBars:[0,63,0,0] navigationBars:[0,0,0,63] mandatorySystemGestures:[0,63,0,84] 
01-31 16:07:54.946  9166  9166 D WindowOnBackDispatcher: setTopOnBackInvokedCallback (unwrapped): android.view.ViewRootImpl$$ExternalSyntheticLambda12@284ed20
01-31 16:07:54.946   682  1055 D CoreBackPreview: Window{603f24d u0 com.openclaw.assistant/com.openclaw.assistant.ChatActivity}: Setting back callback OnBackInvokedCallbackInfo{mCallback=android.window.IOnBackInvokedCallback$Stub$Proxy@32a1e05, mPriority=0, mIsAnimationCallback=false, mOverrideBehavior=0}
01-31 16:07:54.969  1371  1371 D b/417220811: invalidateLoadedTasks - previous requestLoadId: -1
01-31 16:07:54.971  3628  3628 I GoogleTtsServicePeer: Creating Google TTS service, version googletts.google-speech-apk_20250804.02_p3.800153222
01-31 16:07:54.973  3628  3628 I ExoPlayerImpl: Init 7a188d8 [AndroidXMedia3/1.8.0] [emu64a, sdk_gphone64_arm64, Google, 36]
01-31 16:07:55.002  3628  3628 I ExoPlayerImpl: Init 6894431 [AndroidXMedia3/1.8.0] [emu64a, sdk_gphone64_arm64, Google, 36]
01-31 16:07:55.102  1083  7864 V WindowManagerShell: onTransitionReady(transaction=2929167701570)
01-31 16:07:55.102  1083  1159 V WindowManagerShell: onTransitionReady (#80) android.os.BinderProxy@7e960da: {id=80 t=OPEN f=0x0 trk=0 r=[0@Point(0, 0)] c=[
01-31 16:07:55.102  1083  1159 V WindowManagerShell:         {m=OPEN f=FILLS_TASK leash=Surface(name=ActivityRecord{47580689 u0 com.openclaw.assistant/.ChatActivity t15}#757)/@0x4cbf3e8 sb=Rect(0, 0 - 0, 0) eb=Rect(0, 0 - 1080, 2400) epz=Point(1080, 2400) d=-1->0 r=-1->0:-1 bc=fffafafa activity=ActivityTransitionInfo { component = ComponentInfo{com.openclaw.assistant/com.openclaw.assistant.ChatActivity}, taskId = 15, appCompatTransitionInfo = null } opt={t=FROM_STYLE mUserId=0}},
01-31 16:07:55.102  1083  1159 V WindowManagerShell:         {m=TO_BACK f=FILLS_TASK leash=Surface(name=ActivityRecord{875004 u0 com.openclaw.assistant/.MainActivity t15}#639)/@0xc97ba01 sb=Rect(0, 0 - 1080, 2400) eb=Rect(0, 0 - 1080, 2400) epz=Point(1080, 2400) d=0 bc=fffafafa activity=ActivityTransitionInfo { component = ComponentInfo{com.openclaw.assistant/com.openclaw.assistant.MainActivity}, taskId = 15, appCompatTransitionInfo = null } opt={t=FROM_STYLE mUserId=0}}
01-31 16:07:55.102  1083  1159 V WindowManagerShell:     ]}
01-31 16:07:55.103  1083  1159 V WindowManagerShell: Playing animation for (#80) android.os.BinderProxy@7e960da@0
01-31 16:07:55.103  1083  1159 V ShellRecents: RecentsTransitionHandler.startAnimation: no controller found
01-31 16:07:55.103  1083  1159 V ShellDesktopMode: DesktopMixedTransitionHandler: No pending desktop transition
01-31 16:07:55.103  1083  1159 V WindowManagerShell: Transition doesn't have explicit remote, search filters for match for {id=80 t=OPEN f=0x0 trk=0 r=[0@Point(0, 0)] c=[{m=OPEN f=FILLS_TASK leash=Surface(name=ActivityRecord{47580689 u0 com.openclaw.assistant/.ChatActivity t15}#757)/@0x4cbf3e8 sb=Rect(0, 0 - 0, 0) eb=Rect(0, 0 - 1080, 2400) epz=Point(1080, 2400) d=-1->0 r=-1->0:-1 bc=fffafafa activity=ActivityTransitionInfo { component = ComponentInfo{com.openclaw.assistant/com.openclaw.assistant.ChatActivity}, taskId = 15, appCompatTransitionInfo = null } opt={t=FROM_STYLE mUserId=0}},{m=TO_BACK f=FILLS_TASK leash=Surface(name=ActivityRecord{875004 u0 com.openclaw.assistant/.MainActivity t15}#639)/@0xc97ba01 sb=Rect(0, 0 - 1080, 2400) eb=Rect(0, 0 - 1080, 2400) epz=Point(1080, 2400) d=0 bc=fffafafa activity=ActivityTransitionInfo { component = ComponentInfo{com.openclaw.assistant/com.openclaw.assistant.MainActivity}, taskId = 15, appCompatTransitionInfo = null } opt={t=FROM_STYLE mUserId=0}}]}
01-31 16:07:55.103  1083  1159 V WindowManagerShell:  Checking filter Pair{{types=[] flags=0x0] notFlags=0x0 checks=[{atype=undefined independent=true modes=[CLOSE,TO_BACK] flags=IN_TASK_WITH_EMBEDDED_ACTIVITY mustBeTask=false order=ANY topActivity=null launchCookie=null taskFragmentToken=android.os.BinderProxy@e195dd3 windowingMode=undefined isCrossDisplayMove=false}]} RemoteTransition { remoteTransition = android.window.IRemoteTransition$Stub$Proxy@f956d10, appThread = android.app.IApplicationThread$Stub$Proxy@43a8009, debugName = overlayBackTransition }}
01-31 16:07:55.103  1083  1159 V WindowManagerShell:  Checking filter Pair{{types=[] flags=0x0] notFlags=0x0 checks=[{atype=dream independent=true modes=[OPEN,TO_FRONT] flags=NONE mustBeTask=false order=ANY topActivity=null launchCookie=null windowingMode=undefined isCrossDisplayMove=false},{atype=home independent=true modes=[CLOSE,TO_BACK] flags=NONE mustBeTask=false order=ANY topActivity=null launchCookie=null windowingMode=undefined isCrossDisplayMove=false}]} RemoteTransition { remoteTransition = android.window.IRemoteTransition$Stub$Proxy@fe1720e, appThread = android.app.IApplicationThread$Stub$Proxy@892042f, debugName = LauncherToDream }}
